<html>
<body>
<pre>
<h1>µVision Build Log</h1>
<h2>Tool Versions:</h2>
IDE-Version: µVision V5.38.0.0
Copyright (C) 2022 ARM Ltd and ARM Germany GmbH. All rights reserved.
License Information: abc Administrator, abc, LIC=----
 
Tool Versions:
Toolchain:       MDK-Lite  Version: 5.38.0.0
Toolchain Path:  C:\Keil_v5\ARM\ARM_Compiler_5.06u7\Bin
C Compiler:      Armcc.exe V5.06 update 7 (build 960)
Assembler:       Armasm.exe V5.06 update 7 (build 960)
Linker/Locator:  ArmLink.exe V5.06 update 7 (build 960)
Library Manager: ArmAr.exe V5.06 update 7 (build 960)
Hex Converter:   FromElf.exe V5.06 update 7 (build 960)
CPU DLL:         SARMCM3.DLL V5.38.0.0
Dialog DLL:      DCM.DLL V1.17.5.0
Target DLL:      STLink\ST-LINKIII-KEIL_SWO.dll V3.1.0.0
Dialog DLL:      TCM.DLL V1.56.4.0
 
<h2>Project:</h2>
D:\Embedded and IoT\STM32\Project\RTOS\MDK-ARM\RTOS.uvprojx
Project File Date:  01/12/2024

<h2>Output:</h2>
*** Using Compiler 'V5.06 update 7 (build 960)', folder: 'C:\Keil_v5\ARM\ARM_Compiler_5.06u7\Bin'
Build target 'RTOS'
creating preprocessor file for stm32f1xx_it.c...
creating preprocessor file for stm32f1xx_hal_timebase_tim.c...
creating preprocessor file for main.c...
creating preprocessor file for stm32f1xx_hal_msp.c...
creating preprocessor file for freertos.c...
creating preprocessor file for system_stm32f1xx.c...
creating preprocessor file for cli_command.c...
creating preprocessor file for uart.c...
creating preprocessor file for sht2x.c...
creating preprocessor file for i2c-lcd.c...
creating preprocessor file for cli_command_table.c...
creating preprocessor file for setRGB.c...
creating preprocessor file for setScheduler.c...
creating preprocessor file for stm32f1xx_hal_gpio_ex.c...
creating preprocessor file for flash.c...
creating preprocessor file for stm32f1xx_hal.c...
creating preprocessor file for mpu6050.c...
creating preprocessor file for stm32f1xx_hal_rcc_ex.c...
creating preprocessor file for stm32f1xx_hal_gpio.c...
creating preprocessor file for stm32f1xx_hal_rcc.c...
creating preprocessor file for stm32f1xx_hal_pwr.c...
creating preprocessor file for stm32f1xx_hal_dma.c...
creating preprocessor file for stm32f1xx_hal_cortex.c...
creating preprocessor file for stm32f1xx_hal_flash.c...
creating preprocessor file for stm32f1xx_hal_exti.c...
creating preprocessor file for stm32f1xx_hal_flash_ex.c...
creating preprocessor file for stm32f1xx_hal_tim_ex.c...
creating preprocessor file for stm32f1xx_hal_i2c.c...
creating preprocessor file for stm32f1xx_hal_tim.c...
creating preprocessor file for stm32f1xx_hal_uart.c...
creating preprocessor file for croutine.c...
creating preprocessor file for event_groups.c...
creating preprocessor file for list.c...
creating preprocessor file for queue.c...
creating preprocessor file for stream_buffer.c...
creating preprocessor file for tasks.c...
creating preprocessor file for timers.c...
creating preprocessor file for cmsis_os2.c...
creating preprocessor file for heap_4.c...
creating preprocessor file for port.c...
compiling main.c...
../Core/Src/main.c(510): warning:  #177-D: variable "sClockSourceConfig"  was declared but never referenced
    TIM_ClockConfigTypeDef sClockSourceConfig = {0};
../Core/Src/main.c(511): warning:  #177-D: variable "sMasterConfig"  was declared but never referenced
    TIM_MasterConfigTypeDef sMasterConfig = {0};
../Core/Src/main.c(512): warning:  #177-D: variable "sConfigOC"  was declared but never referenced
    TIM_OC_InitTypeDef sConfigOC = {0};
../Core/Src/main.c(649): warning:  #223-D: function "sprintf" declared implicitly
  		sprintf((char *)position,
../Core/Src/main.c(702): warning:  #223-D: function "sprintf" declared implicitly
  			sprintf((char *)logs, "@%d Task 2 is running\n", previous_wake_time);
../Core/Src/main.c(713): warning:  #223-D: function "sprintf" declared implicitly
  		sprintf((char *)temperature, "T:%d.%dC H:%d.%d%% RH", SHT2x_GetInteger(cel), SHT2x_GetDecimal(cel, 1), SHT2x_GetInteger(rh), SHT2x_GetDecimal(rh, 1));
../Core/Src/main.c(754): warning:  #223-D: function "sprintf" declared implicitly
  			sprintf((char *)logs, "@%d Task 3 is running\n", previous_wake_time);
../Core/Src/main.c(806): warning:  #223-D: function "sprintf" declared implicitly
  			sprintf((char *)logs, "@%d Task 4 is running\n", previous_wake_time);
../Core/Src/main.c: 8 warnings, 0 errors
linking...
Program Size: Code=30712 RO-data=1396 RW-data=228 ZI-data=8628  
FromELF: creating hex file...
"RTOS\RTOS.axf" - 0 Error(s), 8 Warning(s).

<h2>Software Packages used:</h2>

Package Vendor: ARM
                http://www.keil.com/pack/ARM.CMSIS.5.9.0.pack
                ARM.CMSIS.5.9.0
                CMSIS (Common Microcontroller Software Interface Standard)
   * Component: CORE Version: 5.6.0

Package Vendor: Keil
                https://www.keil.com/pack/Keil.STM32F1xx_DFP.2.4.1.pack
                Keil.STM32F1xx_DFP.2.4.1
                STMicroelectronics STM32F1 Series Device Support, Drivers and Examples

<h2>Collection of Component include folders:</h2>
  ./RTE/_RTOS
  C:/Users/Administrator/AppData/Local/Arm/Packs/ARM/CMSIS/5.9.0/CMSIS/Core/Include
  C:/Users/Administrator/AppData/Local/Arm/Packs/Keil/STM32F1xx_DFP/2.4.1/Device/Include

<h2>Collection of Component Files used:</h2>

   * Component: ARM::CMSIS:CORE:5.6.0
      Include file:  CMSIS/Core/Include/tz_context.h
Build Time Elapsed:  00:00:05
</pre>
</body>
</html>
