Component: ARM Compiler 5.06 update 7 (build 960) Tool: armlink [4d3601]

==============================================================================

Section Cross References

    startup_stm32f103xb.o(STACK) refers (Special) to heapauxi.o(.text) for __use_two_region_memory
    startup_stm32f103xb.o(HEAP) refers (Special) to heapauxi.o(.text) for __use_two_region_memory
    startup_stm32f103xb.o(RESET) refers (Special) to heapauxi.o(.text) for __use_two_region_memory
    startup_stm32f103xb.o(RESET) refers to startup_stm32f103xb.o(STACK) for __initial_sp
    startup_stm32f103xb.o(RESET) refers to startup_stm32f103xb.o(.text) for Reset_Handler
    startup_stm32f103xb.o(RESET) refers to stm32f1xx_it.o(i.NMI_Handler) for NMI_Handler
    startup_stm32f103xb.o(RESET) refers to stm32f1xx_it.o(i.HardFault_Handler) for HardFault_Handler
    startup_stm32f103xb.o(RESET) refers to stm32f1xx_it.o(i.MemManage_Handler) for MemManage_Handler
    startup_stm32f103xb.o(RESET) refers to stm32f1xx_it.o(i.BusFault_Handler) for BusFault_Handler
    startup_stm32f103xb.o(RESET) refers to stm32f1xx_it.o(i.UsageFault_Handler) for UsageFault_Handler
    startup_stm32f103xb.o(RESET) refers to port.o(.emb_text) for SVC_Handler
    startup_stm32f103xb.o(RESET) refers to stm32f1xx_it.o(i.DebugMon_Handler) for DebugMon_Handler
    startup_stm32f103xb.o(RESET) refers to port.o(i.SysTick_Handler) for SysTick_Handler
    startup_stm32f103xb.o(RESET) refers to stm32f1xx_it.o(i.TIM4_IRQHandler) for TIM4_IRQHandler
    startup_stm32f103xb.o(RESET) refers to stm32f1xx_it.o(i.USART2_IRQHandler) for USART2_IRQHandler
    startup_stm32f103xb.o(.text) refers (Special) to heapauxi.o(.text) for __use_two_region_memory
    startup_stm32f103xb.o(.text) refers to system_stm32f1xx.o(i.SystemInit) for SystemInit
    startup_stm32f103xb.o(.text) refers to __main.o(!!!main) for __main
    startup_stm32f103xb.o(.text) refers to startup_stm32f103xb.o(HEAP) for Heap_Mem
    startup_stm32f103xb.o(.text) refers to startup_stm32f103xb.o(STACK) for Stack_Mem
    main.o(i.HAL_TIM_PeriodElapsedCallback) refers to stm32f1xx_hal.o(i.HAL_IncTick) for HAL_IncTick
    main.o(i.HAL_UART_RxCpltCallback) refers to uart.o(i.recv_data) for recv_data
    main.o(i.HAL_UART_RxCpltCallback) refers to stm32f1xx_hal_uart.o(i.HAL_UART_Receive_IT) for HAL_UART_Receive_IT
    main.o(i.HAL_UART_RxCpltCallback) refers to main.o(.bss) for .bss
    main.o(i.HAL_UART_RxCpltCallback) refers to main.o(.data) for .data
    main.o(i.MX_GPIO_Init) refers to stm32f1xx_hal_gpio.o(i.HAL_GPIO_WritePin) for HAL_GPIO_WritePin
    main.o(i.MX_GPIO_Init) refers to stm32f1xx_hal_gpio.o(i.HAL_GPIO_Init) for HAL_GPIO_Init
    main.o(i.MX_TIM3_Init) refers to rt_memclr_w.o(.text) for __aeabi_memclr4
    main.o(i.MX_TIM3_Init) refers to stm32f1xx_hal_tim.o(i.HAL_TIM_Base_Init) for HAL_TIM_Base_Init
    main.o(i.MX_TIM3_Init) refers to stm32f1xx_hal_msp.o(i.HAL_TIM_MspPostInit) for HAL_TIM_MspPostInit
    main.o(i.MX_TIM3_Init) refers to main.o(.bss) for .bss
    main.o(i.Read_Sensor_MPUTask_func) refers to _printf_percent.o(.ARM.Collect$$_printf_percent$$00000000) for _printf_percent
    main.o(i.Read_Sensor_MPUTask_func) refers to _printf_f.o(.ARM.Collect$$_printf_percent$$00000003) for _printf_f
    main.o(i.Read_Sensor_MPUTask_func) refers to printf1.o(x$fpl$printf1) for _printf_fp_dec
    main.o(i.Read_Sensor_MPUTask_func) refers to _printf_d.o(.ARM.Collect$$_printf_percent$$00000009) for _printf_d
    main.o(i.Read_Sensor_MPUTask_func) refers to _printf_dec.o(.text) for _printf_int_dec
    main.o(i.Read_Sensor_MPUTask_func) refers to cmsis_os2.o(i.osDelay) for osDelay
    main.o(i.Read_Sensor_MPUTask_func) refers to cmsis_os2.o(i.osKernelGetTickCount) for osKernelGetTickCount
    main.o(i.Read_Sensor_MPUTask_func) refers to mpu6050.o(i.MPU6050_Read_Accel) for MPU6050_Read_Accel
    main.o(i.Read_Sensor_MPUTask_func) refers to noretval__2sprintf.o(.text) for __2sprintf
    main.o(i.Read_Sensor_MPUTask_func) refers to cmsis_os2.o(i.osMutexAcquire) for osMutexAcquire
    main.o(i.Read_Sensor_MPUTask_func) refers to cmsis_os2.o(i.osMutexRelease) for osMutexRelease
    main.o(i.Read_Sensor_MPUTask_func) refers to main.o(i.SendDataOverUART) for SendDataOverUART
    main.o(i.Read_Sensor_MPUTask_func) refers to cmsis_os2.o(i.osSemaphoreRelease) for osSemaphoreRelease
    main.o(i.Read_Sensor_MPUTask_func) refers to cmsis_os2.o(i.osDelayUntil) for osDelayUntil
    main.o(i.Read_Sensor_MPUTask_func) refers to main.o(.data) for .data
    main.o(i.Read_Sensor_MPUTask_func) refers to main.o(.bss) for .bss
    main.o(i.Read_Sensor_SHT21Task_func) refers to _printf_percent.o(.ARM.Collect$$_printf_percent$$00000000) for _printf_percent
    main.o(i.Read_Sensor_SHT21Task_func) refers to _printf_d.o(.ARM.Collect$$_printf_percent$$00000009) for _printf_d
    main.o(i.Read_Sensor_SHT21Task_func) refers to _printf_dec.o(.text) for _printf_int_dec
[...]
    EXTI1_IRQHandler                         0x0800026b   Thumb Code     0  startup_stm32f103xb.o(.text)
    EXTI2_IRQHandler                         0x0800026b   Thumb Code     0  startup_stm32f103xb.o(.text)
    EXTI3_IRQHandler                         0x0800026b   Thumb Code     0  startup_stm32f103xb.o(.text)
    EXTI4_IRQHandler                         0x0800026b   Thumb Code     0  startup_stm32f103xb.o(.text)
    EXTI9_5_IRQHandler                       0x0800026b   Thumb Code     0  startup_stm32f103xb.o(.text)
    FLASH_IRQHandler                         0x0800026b   Thumb Code     0  startup_stm32f103xb.o(.text)
    I2C1_ER_IRQHandler                       0x0800026b   Thumb Code     0  startup_stm32f103xb.o(.text)
    I2C1_EV_IRQHandler                       0x0800026b   Thumb Code     0  startup_stm32f103xb.o(.text)
    I2C2_ER_IRQHandler                       0x0800026b   Thumb Code     0  startup_stm32f103xb.o(.text)
    I2C2_EV_IRQHandler                       0x0800026b   Thumb Code     0  startup_stm32f103xb.o(.text)
    PVD_IRQHandler                           0x0800026b   Thumb Code     0  startup_stm32f103xb.o(.text)
    RCC_IRQHandler                           0x0800026b   Thumb Code     0  startup_stm32f103xb.o(.text)
    RTC_Alarm_IRQHandler                     0x0800026b   Thumb Code     0  startup_stm32f103xb.o(.text)
    RTC_IRQHandler                           0x0800026b   Thumb Code     0  startup_stm32f103xb.o(.text)
    SPI1_IRQHandler                          0x0800026b   Thumb Code     0  startup_stm32f103xb.o(.text)
    SPI2_IRQHandler                          0x0800026b   Thumb Code     0  startup_stm32f103xb.o(.text)
    TAMPER_IRQHandler                        0x0800026b   Thumb Code     0  startup_stm32f103xb.o(.text)
    TIM1_BRK_IRQHandler                      0x0800026b   Thumb Code     0  startup_stm32f103xb.o(.text)
    TIM1_CC_IRQHandler                       0x0800026b   Thumb Code     0  startup_stm32f103xb.o(.text)
    TIM1_TRG_COM_IRQHandler                  0x0800026b   Thumb Code     0  startup_stm32f103xb.o(.text)
    TIM1_UP_IRQHandler                       0x0800026b   Thumb Code     0  startup_stm32f103xb.o(.text)
    TIM2_IRQHandler                          0x0800026b   Thumb Code     0  startup_stm32f103xb.o(.text)
    TIM3_IRQHandler                          0x0800026b   Thumb Code     0  startup_stm32f103xb.o(.text)
    USART1_IRQHandler                        0x0800026b   Thumb Code     0  startup_stm32f103xb.o(.text)
    USART3_IRQHandler                        0x0800026b   Thumb Code     0  startup_stm32f103xb.o(.text)
    USBWakeUp_IRQHandler                     0x0800026b   Thumb Code     0  startup_stm32f103xb.o(.text)
    USB_HP_CAN1_TX_IRQHandler                0x0800026b   Thumb Code     0  startup_stm32f103xb.o(.text)
    USB_LP_CAN1_RX0_IRQHandler               0x0800026b   Thumb Code     0  startup_stm32f103xb.o(.text)
    WWDG_IRQHandler                          0x0800026b   Thumb Code     0  startup_stm32f103xb.o(.text)
    __user_initial_stackheap                 0x0800026d   Thumb Code     0  startup_stm32f103xb.o(.text)
    __aeabi_llsr                             0x08000291   Thumb Code     0  llushr.o(.text)
    _ll_ushift_r                             0x08000291   Thumb Code    38  llushr.o(.text)
    __2sprintf                               0x080002b9   Thumb Code    34  noretval__2sprintf.o(.text)
    _printf_pre_padding                      0x080002e1   Thumb Code    44  _printf_pad.o(.text)
    _printf_post_padding                     0x0800030d   Thumb Code    34  _printf_pad.o(.text)
    _printf_str                              0x0800032f   Thumb Code    82  _printf_str.o(.text)
    _printf_int_dec                          0x08000381   Thumb Code   104  _printf_dec.o(.text)
    __printf                                 0x080003f9   Thumb Code   308  __printf_flags_wp.o(.text)
    atoi                                     0x08000531   Thumb Code    26  atoi.o(.text)
    strtok                                   0x0800054d   Thumb Code     6  strtok.o(.text)
    strlen                                   0x08000559   Thumb Code    62  strlen.o(.text)
    __aeabi_memcpy                           0x08000597   Thumb Code     0  rt_memcpy_v6.o(.text)
    __rt_memcpy                              0x08000597   Thumb Code   138  rt_memcpy_v6.o(.text)
    _memcpy_lastbytes                        0x080005fd   Thumb Code     0  rt_memcpy_v6.o(.text)
    __aeabi_memset                           0x08000621   Thumb Code    16  aeabi_memset.o(.text)
    __aeabi_memclr4                          0x08000631   Thumb Code     0  rt_memclr_w.o(.text)
    __aeabi_memclr8                          0x08000631   Thumb Code     0  rt_memclr_w.o(.text)
    __rt_memclr_w                            0x08000631   Thumb Code    78  rt_memclr_w.o(.text)
    _memset_w                                0x08000635   Thumb Code     0  rt_memclr_w.o(.text)
    strcmp                                   0x08000681   Thumb Code   128  strcmpv7m.o(.text)
    __use_two_region_memory                  0x08000701   Thumb Code     2  heapauxi.o(.text)
    __rt_heap_escrow$2region                 0x08000703   Thumb Code     2  heapauxi.o(.text)
    __rt_heap_expand$2region                 0x08000705   Thumb Code     2  heapauxi.o(.text)
    __aeabi_errno_addr                       0x08000709   Thumb Code     8  rt_errno_addr_intlibspace.o(.text)
    __errno$intlibspace                      0x08000709   Thumb Code     0  rt_errno_addr_intlibspace.o(.text)
    __rt_errno_addr$intlibspace              0x08000709   Thumb Code     0  rt_errno_addr_intlibspace.o(.text)
    _printf_int_common                       0x08000711   Thumb Code   178  _printf_intcommon.o(.text)
    __lib_sel_fp_printf                      0x080007c3   Thumb Code     2  _printf_fp_dec.o(.text)
    _printf_fp_dec_real                      0x08000975   Thumb Code   620  _printf_fp_dec.o(.text)
    _printf_char_common                      0x08000beb   Thumb Code    32  _printf_char_common.o(.text)
    _sputc                                   0x08000c11   Thumb Code    10  _sputc.o(.text)
    _printf_cs_common                        0x08000c1b   Thumb Code    20  _printf_char.o(.text)
    _printf_char                             0x08000c2f   Thumb Code    16  _printf_char.o(.text)
    _printf_string                           0x08000c3f   Thumb Code     8  _printf_char.o(.text)
    strtol                                   0x08000c47   Thumb Code   112  strtol.o(.text)
    __strtok_internal                        0x08000cb9   Thumb Code    64  strtok_int.o(.text)
    __aeabi_memcpy4                          0x08000cfd   Thumb Code     0  rt_memcpy_w.o(.text)
    __aeabi_memcpy8                          0x08000cfd   Thumb Code     0  rt_memcpy_w.o(.text)
    __rt_memcpy_w                            0x08000cfd   Thumb Code   100  rt_memcpy_w.o(.text)
    _memcpy_lastbytes_aligned                0x08000d45   Thumb Code     0  rt_memcpy_w.o(.text)
    __aeabi_memclr                           0x08000d61   Thumb Code     0  rt_memclr.o(.text)
    __rt_memclr                              0x08000d61   Thumb Code    68  rt_memclr.o(.text)
    _memset                                  0x08000d65   Thumb Code     0  rt_memclr.o(.text)
    __user_libspace                          0x08000da5   Thumb Code     8  libspace.o(.text)
    __user_perproc_libspace                  0x08000da5   Thumb Code     0  libspace.o(.text)
    __user_perthread_libspace                0x08000da5   Thumb Code     0  libspace.o(.text)
    __rt_ctype_table                         0x08000dad   Thumb Code    16  rt_ctype_table.o(.text)
    __rt_locale                              0x08000dbd   Thumb Code     8  rt_locale_intlibspace.o(.text)
    _ll_udiv10                               0x08000dc5   Thumb Code   138  lludiv10.o(.text)
    _printf_fp_infnan                        0x08000e51   Thumb Code   112  _printf_fp_infnan.o(.text)
    _strtoul                                 0x08000ed1   Thumb Code   158  _strtoul.o(.text)
    _btod_etento                             0x08000f71   Thumb Code   224  bigflt0.o(.text)
    strcspn                                  0x08001055   Thumb Code    32  strcspn.o(.text)
    strspn                                   0x08001075   Thumb Code    28  strspn.o(.text)
    __user_setup_stackheap                   0x08001091   Thumb Code    74  sys_stackheap_outer.o(.text)
    _chval                                   0x080010db   Thumb Code    28  _chval.o(.text)
    exit                                     0x080010f7   Thumb Code    18  exit.o(.text)
    _sys_exit                                0x08001109   Thumb Code     8  sys_exit.o(.text)
    __I$use$semihosting                      0x08001115   Thumb Code     0  use_no_semi.o(.text)
    __use_no_semihosting_swi                 0x08001115   Thumb Code     2  use_no_semi.o(.text)
    __semihosting_library_function           0x08001117   Thumb Code     0  indicate_semi.o(.text)
    _btod_d2e                                0x08001117   Thumb Code    62  btod.o(CL$$btod_d2e)
    _d2e_denorm_low                          0x08001155   Thumb Code    70  btod.o(CL$$btod_d2e_denorm_low)
    _d2e_norm_op1                            0x0800119b   Thumb Code    96  btod.o(CL$$btod_d2e_norm_op1)
    __btod_div_common                        0x080011fb   Thumb Code   696  btod.o(CL$$btod_div_common)
    _e2e                                     0x08001533   Thumb Code   220  btod.o(CL$$btod_e2e)
    _btod_ediv                               0x0800160f   Thumb Code    42  btod.o(CL$$btod_ediv)
    _btod_emul                               0x08001639   Thumb Code    42  btod.o(CL$$btod_emul)
    __btod_mult_common                       0x08001663   Thumb Code   580  btod.o(CL$$btod_mult_common)
    BusFault_Handler                         0x080018a7   Thumb Code     2  stm32f1xx_it.o(i.BusFault_Handler)
    DebugMon_Handler                         0x080018a9   Thumb Code     2  stm32f1xx_it.o(i.DebugMon_Handler)
    FLASH_PageErase                          0x080018d1   Thumb Code    28  stm32f1xx_hal_flash_ex.o(i.FLASH_PageErase)
    FLASH_WaitForLastOperation               0x0800196d   Thumb Code    80  stm32f1xx_hal_flash.o(i.FLASH_WaitForLastOperation)
    Flash_Erase                              0x080019c1   Thumb Code    38  flash.o(i.Flash_Erase)
    Flash_Read_Int                           0x080019e7   Thumb Code     4  flash.o(i.Flash_Read_Int)
    Flash_Write_Int                          0x080019eb   Thumb Code    30  flash.o(i.Flash_Write_Int)
    HAL_DMA_Abort                            0x08001a09   Thumb Code    70  stm32f1xx_hal_dma.o(i.HAL_DMA_Abort)
    HAL_DMA_Abort_IT                         0x08001a51   Thumb Code   148  stm32f1xx_hal_dma.o(i.HAL_DMA_Abort_IT)
    HAL_FLASHEx_Erase                        0x08001ae9   Thumb Code   160  stm32f1xx_hal_flash_ex.o(i.HAL_FLASHEx_Erase)
    HAL_FLASH_Lock                           0x08001b91   Thumb Code    14  stm32f1xx_hal_flash.o(i.HAL_FLASH_Lock)
    HAL_FLASH_Program                        0x08001ba5   Thumb Code   120  stm32f1xx_hal_flash.o(i.HAL_FLASH_Program)
    HAL_FLASH_Unlock                         0x08001c25   Thumb Code    28  stm32f1xx_hal_flash.o(i.HAL_FLASH_Unlock)
    HAL_GPIO_Init                            0x08001c4d   Thumb Code   446  stm32f1xx_hal_gpio.o(i.HAL_GPIO_Init)
    HAL_GPIO_WritePin                        0x08001e2d   Thumb Code    10  stm32f1xx_hal_gpio.o(i.HAL_GPIO_WritePin)
    HAL_GetTick                              0x08001e39   Thumb Code     6  stm32f1xx_hal.o(i.HAL_GetTick)
    HAL_I2C_Init                             0x08001e45   Thumb Code   376  stm32f1xx_hal_i2c.o(i.HAL_I2C_Init)
    HAL_I2C_Master_Receive                   0x08001fcd   Thumb Code   576  stm32f1xx_hal_i2c.o(i.HAL_I2C_Master_Receive)
    HAL_I2C_Master_Transmit                  0x0800221d   Thumb Code   290  stm32f1xx_hal_i2c.o(i.HAL_I2C_Master_Transmit)
    HAL_I2C_Mem_Read                         0x08002349   Thumb Code   574  stm32f1xx_hal_i2c.o(i.HAL_I2C_Mem_Read)
    HAL_I2C_Mem_Write                        0x08002599   Thumb Code   294  stm32f1xx_hal_i2c.o(i.HAL_I2C_Mem_Write)
    HAL_I2C_MspInit                          0x080026c9   Thumb Code    80  stm32f1xx_hal_msp.o(i.HAL_I2C_MspInit)
    HAL_IncTick                              0x08002725   Thumb Code    12  stm32f1xx_hal.o(i.HAL_IncTick)
    HAL_Init                                 0x08002735   Thumb Code    32  stm32f1xx_hal.o(i.HAL_Init)
    HAL_InitTick                             0x08002759   Thumb Code   132  stm32f1xx_hal_timebase_tim.o(i.HAL_InitTick)
    HAL_MspInit                              0x080027f1   Thumb Code    62  stm32f1xx_hal_msp.o(i.HAL_MspInit)
    HAL_NVIC_EnableIRQ                       0x08002839   Thumb Code    26  stm32f1xx_hal_cortex.o(i.HAL_NVIC_EnableIRQ)
    HAL_NVIC_SetPriority                     0x08002855   Thumb Code    60  stm32f1xx_hal_cortex.o(i.HAL_NVIC_SetPriority)
    HAL_NVIC_SetPriorityGrouping             0x08002895   Thumb Code    26  stm32f1xx_hal_cortex.o(i.HAL_NVIC_SetPriorityGrouping)
    HAL_RCC_ClockConfig                      0x080028b9   Thumb Code   280  stm32f1xx_hal_rcc.o(i.HAL_RCC_ClockConfig)
    HAL_RCC_GetClockConfig                   0x080029e5   Thumb Code    54  stm32f1xx_hal_rcc.o(i.HAL_RCC_GetClockConfig)
    HAL_RCC_GetPCLK1Freq                     0x08002a25   Thumb Code    20  stm32f1xx_hal_rcc.o(i.HAL_RCC_GetPCLK1Freq)
    HAL_RCC_GetPCLK2Freq                     0x08002a45   Thumb Code    20  stm32f1xx_hal_rcc.o(i.HAL_RCC_GetPCLK2Freq)
    HAL_RCC_GetSysClockFreq                  0x08002a65   Thumb Code    58  stm32f1xx_hal_rcc.o(i.HAL_RCC_GetSysClockFreq)
    HAL_RCC_OscConfig                        0x08002ab1   Thumb Code   778  stm32f1xx_hal_rcc.o(i.HAL_RCC_OscConfig)
    HAL_TIMEx_BreakCallback                  0x08002dd1   Thumb Code     2  stm32f1xx_hal_tim_ex.o(i.HAL_TIMEx_BreakCallback)
    HAL_TIMEx_CommutCallback                 0x08002dd3   Thumb Code     2  stm32f1xx_hal_tim_ex.o(i.HAL_TIMEx_CommutCallback)
    HAL_TIM_Base_Init                        0x08002dd5   Thumb Code    90  stm32f1xx_hal_tim.o(i.HAL_TIM_Base_Init)
    HAL_TIM_Base_MspInit                     0x08002e31   Thumb Code    30  stm32f1xx_hal_msp.o(i.HAL_TIM_Base_MspInit)
    HAL_TIM_Base_Start_IT                    0x08002e59   Thumb Code    76  stm32f1xx_hal_tim.o(i.HAL_TIM_Base_Start_IT)
    HAL_TIM_IC_CaptureCallback               0x08002eb1   Thumb Code     2  stm32f1xx_hal_tim.o(i.HAL_TIM_IC_CaptureCallback)
    HAL_TIM_IRQHandler                       0x08002eb3   Thumb Code   358  stm32f1xx_hal_tim.o(i.HAL_TIM_IRQHandler)
    HAL_TIM_MspPostInit                      0x08003019   Thumb Code    94  stm32f1xx_hal_msp.o(i.HAL_TIM_MspPostInit)
    HAL_TIM_OC_DelayElapsedCallback          0x08003089   Thumb Code     2  stm32f1xx_hal_tim.o(i.HAL_TIM_OC_DelayElapsedCallback)
    HAL_TIM_PWM_PulseFinishedCallback        0x0800308b   Thumb Code     2  stm32f1xx_hal_tim.o(i.HAL_TIM_PWM_PulseFinishedCallback)
    HAL_TIM_PWM_Start                        0x0800308d   Thumb Code   144  stm32f1xx_hal_tim.o(i.HAL_TIM_PWM_Start)
    HAL_TIM_PeriodElapsedCallback            0x08003129   Thumb Code    14  main.o(i.HAL_TIM_PeriodElapsedCallback)
    HAL_TIM_TriggerCallback                  0x0800313d   Thumb Code     2  stm32f1xx_hal_tim.o(i.HAL_TIM_TriggerCallback)
    HAL_UARTEx_RxEventCallback               0x0800313f   Thumb Code     2  stm32f1xx_hal_uart.o(i.HAL_UARTEx_RxEventCallback)
    HAL_UART_ErrorCallback                   0x08003141   Thumb Code     2  stm32f1xx_hal_uart.o(i.HAL_UART_ErrorCallback)
    HAL_UART_IRQHandler                      0x08003145   Thumb Code   616  stm32f1xx_hal_uart.o(i.HAL_UART_IRQHandler)
    HAL_UART_Init                            0x080033b1   Thumb Code   100  stm32f1xx_hal_uart.o(i.HAL_UART_Init)
    HAL_UART_MspInit                         0x08003415   Thumb Code   114  stm32f1xx_hal_msp.o(i.HAL_UART_MspInit)
    HAL_UART_Receive_IT                      0x08003495   Thumb Code    28  stm32f1xx_hal_uart.o(i.HAL_UART_Receive_IT)
    HAL_UART_RxCpltCallback                  0x080034b1   Thumb Code    38  main.o(i.HAL_UART_RxCpltCallback)
    HAL_UART_TxCpltCallback                  0x080034e1   Thumb Code     2  stm32f1xx_hal_uart.o(i.HAL_UART_TxCpltCallback)
    HardFault_Handler                        0x080034e3   Thumb Code     2  stm32f1xx_it.o(i.HardFault_Handler)
    MPU6050_Init                             0x08003aab   Thumb Code   146  mpu6050.o(i.MPU6050_Init)
    MPU6050_Read_Accel                       0x08003b3d   Thumb Code   112  mpu6050.o(i.MPU6050_Read_Accel)
    MemManage_Handler                        0x08003cc9   Thumb Code     2  stm32f1xx_it.o(i.MemManage_Handler)
    NMI_Handler                              0x08003ccb   Thumb Code     2  stm32f1xx_it.o(i.NMI_Handler)
    Read_Sensor_MPUTask_func                 0x08003ccd   Thumb Code   116  main.o(i.Read_Sensor_MPUTask_func)
    Read_Sensor_SHT21Task_func               0x08003d79   Thumb Code   148  main.o(i.Read_Sensor_SHT21Task_func)
    SHT2x_GetDecimal                         0x08003e45   Thumb Code    48  sht2x.o(i.SHT2x_GetDecimal)
    SHT2x_GetInteger                         0x08003e75   Thumb Code     4  sht2x.o(i.SHT2x_GetInteger)
    SHT2x_GetRaw                             0x08003e79   Thumb Code    50  sht2x.o(i.SHT2x_GetRaw)
    SHT2x_GetRelativeHumidity                0x08003eb1   Thumb Code    50  sht2x.o(i.SHT2x_GetRelativeHumidity)
    SHT2x_GetTemperature                     0x08003eed   Thumb Code    50  sht2x.o(i.SHT2x_GetTemperature)
    SHT2x_Init                               0x08003f31   Thumb Code     6  sht2x.o(i.SHT2x_Init)
    SHT2x_Ipow                               0x08003f3d   Thumb Code    16  sht2x.o(i.SHT2x_Ipow)
    SHT2x_ReadUserReg                        0x08003f4d   Thumb Code    48  sht2x.o(i.SHT2x_ReadUserReg)
    SHT2x_SetResolution                      0x08003f81   Thumb Code    46  sht2x.o(i.SHT2x_SetResolution)
    SendDataOverUART                         0x08003fb9   Thumb Code    72  main.o(i.SendDataOverUART)
    Send_UART_Task_func                      0x08004009   Thumb Code   142  main.o(i.Send_UART_Task_func)
    Show_LCD1602_Task_func                   0x080040c1   Thumb Code   110  main.o(i.Show_LCD1602_Task_func)
    SysTick_Handler                          0x08004151   Thumb Code    38  port.o(i.SysTick_Handler)
    SystemClock_Config                       0x0800417d   Thumb Code    98  main.o(i.SystemClock_Config)
    SystemInit                               0x080041df   Thumb Code     2  system_stm32f1xx.o(i.SystemInit)
    TIM4_IRQHandler                          0x080041e1   Thumb Code     6  stm32f1xx_it.o(i.TIM4_IRQHandler)
    TIM_Base_SetConfig                       0x080041ed   Thumb Code    94  stm32f1xx_hal_tim.o(i.TIM_Base_SetConfig)
    TIM_CCxChannelCmd                        0x08004259   Thumb Code    26  stm32f1xx_hal_tim.o(i.TIM_CCxChannelCmd)
    UART_Start_Receive_IT                    0x0800444d   Thumb Code    54  stm32f1xx_hal_uart.o(i.UART_Start_Receive_IT)
    USART2_IRQHandler                        0x08004485   Thumb Code     6  stm32f1xx_it.o(i.USART2_IRQHandler)
    UsageFault_Handler                       0x08004491   Thumb Code     2  stm32f1xx_it.o(i.UsageFault_Handler)
    WRITE_FLASH                              0x08004493   Thumb Code     4  setscheduler.o(i.WRITE_FLASH)
    __ARM_fpclassify                         0x08004497   Thumb Code    40  fpclassify.o(i.__ARM_fpclassify)
    _is_digit                                0x080044df   Thumb Code    14  __printf_wp.o(i._is_digit)
    cli_command_excute                       0x080044ed   Thumb Code    58  cli_command.o(i.cli_command_excute)
    find_command_infor                       0x0800452d   Thumb Code    32  cli_command.o(i.find_command_infor)
    lcd_goto_XY                              0x08004551   Thumb Code    22  i2c-lcd.o(i.lcd_goto_XY)
    lcd_init                                 0x08004567   Thumb Code    90  i2c-lcd.o(i.lcd_init)
    lcd_send_cmd                             0x080045c1   Thumb Code    58  i2c-lcd.o(i.lcd_send_cmd)
    lcd_send_data                            0x08004601   Thumb Code    58  i2c-lcd.o(i.lcd_send_data)
    lcd_send_string                          0x08004641   Thumb Code    20  i2c-lcd.o(i.lcd_send_string)
    main                                     0x08004655   Thumb Code   454  main.o(i.main)
    osDelay                                  0x08004865   Thumb Code    46  cmsis_os2.o(i.osDelay)
    osDelayUntil                             0x08004899   Thumb Code    56  cmsis_os2.o(i.osDelayUntil)
    osKernelGetTickCount                     0x080048d5   Thumb Code    34  cmsis_os2.o(i.osKernelGetTickCount)
    osKernelInitialize                       0x080048fd   Thumb Code    50  cmsis_os2.o(i.osKernelInitialize)
    osKernelStart                            0x08004935   Thumb Code    58  cmsis_os2.o(i.osKernelStart)
    osMutexAcquire                           0x08004975   Thumb Code   104  cmsis_os2.o(i.osMutexAcquire)
    osMutexNew                               0x080049e1   Thumb Code   124  cmsis_os2.o(i.osMutexNew)
    osMutexRelease                           0x08004a61   Thumb Code    88  cmsis_os2.o(i.osMutexRelease)
    osSemaphoreAcquire                       0x08004abd   Thumb Code   108  cmsis_os2.o(i.osSemaphoreAcquire)
    osSemaphoreNew                           0x08004b31   Thumb Code   172  cmsis_os2.o(i.osSemaphoreNew)
    osSemaphoreRelease                       0x08004be1   Thumb Code   102  cmsis_os2.o(i.osSemaphoreRelease)
    osThreadNew                              0x08004c51   Thumb Code   160  cmsis_os2.o(i.osThreadNew)
    pvPortMalloc                             0x08005451   Thumb Code   210  heap_4.o(i.pvPortMalloc)
    pvTaskIncrementMutexHeldCount            0x08005529   Thumb Code    18  tasks.o(i.pvTaskIncrementMutexHeldCount)
    pxPortInitialiseStack                    0x08005541   Thumb Code    32  port.o(i.pxPortInitialiseStack)
    recv_data                                0x08005565   Thumb Code    34  uart.o(i.recv_data)
    setRGB                                   0x08005591   Thumb Code    60  setrgb.o(i.setRGB)
    setScheduler                             0x080055dd   Thumb Code   244  setscheduler.o(i.setScheduler)
    uart_handle                              0x080056e1   Thumb Code    26  uart.o(i.uart_handle)
    uxListRemove                             0x08005705   Thumb Code    38  list.o(i.uxListRemove)
    vApplicationGetIdleTaskMemory            0x0800572d   Thumb Code    16  cmsis_os2.o(i.vApplicationGetIdleTaskMemory)
    vApplicationGetTimerTaskMemory           0x08005741   Thumb Code    18  cmsis_os2.o(i.vApplicationGetTimerTaskMemory)
    vListInitialise                          0x08005759   Thumb Code    22  list.o(i.vListInitialise)
    vListInitialiseItem                      0x0800576f   Thumb Code     6  list.o(i.vListInitialiseItem)
    vListInsert                              0x08005775   Thumb Code    48  list.o(i.vListInsert)
    vListInsertEnd                           0x080057a5   Thumb Code    24  list.o(i.vListInsertEnd)
    vPortEnterCritical                       0x080057bd   Thumb Code    54  port.o(i.vPortEnterCritical)
    vPortExitCritical                        0x080057fd   Thumb Code    34  port.o(i.vPortExitCritical)
    vPortFree                                0x08005825   Thumb Code    88  heap_4.o(i.vPortFree)
    vPortSetupTimerInterrupt                 0x08005881   Thumb Code    32  port.o(i.vPortSetupTimerInterrupt)
    vPortValidateInterruptPriority           0x080058a5   Thumb Code    74  port.o(i.vPortValidateInterruptPriority)
    vQueueAddToRegistry                      0x080058f9   Thumb Code    34  queue.o(i.vQueueAddToRegistry)
    vQueueDelete                             0x08005921   Thumb Code    46  queue.o(i.vQueueDelete)
    vQueueUnregisterQueue                    0x08005951   Thumb Code    36  queue.o(i.vQueueUnregisterQueue)
    vQueueWaitForMessageRestricted           0x08005979   Thumb Code    68  queue.o(i.vQueueWaitForMessageRestricted)
    vTaskDelay                               0x080059bd   Thumb Code    66  tasks.o(i.vTaskDelay)
    vTaskDelayUntil                          0x08005a09   Thumb Code   132  tasks.o(i.vTaskDelayUntil)
    vTaskInternalSetTimeOutState             0x08005a95   Thumb Code    12  tasks.o(i.vTaskInternalSetTimeOutState)
    vTaskMissedYield                         0x08005aa5   Thumb Code     8  tasks.o(i.vTaskMissedYield)
    vTaskPlaceOnEventList                    0x08005ab1   Thumb Code    44  tasks.o(i.vTaskPlaceOnEventList)
    vTaskPlaceOnEventListRestricted          0x08005ae1   Thumb Code    52  tasks.o(i.vTaskPlaceOnEventListRestricted)
    vTaskPriorityDisinheritAfterTimeout      0x08005b19   Thumb Code   134  tasks.o(i.vTaskPriorityDisinheritAfterTimeout)
    vTaskStartScheduler                      0x08005ba9   Thumb Code   118  tasks.o(i.vTaskStartScheduler)
    vTaskSuspendAll                          0x08005c31   Thumb Code    10  tasks.o(i.vTaskSuspendAll)
    vTaskSwitchContext                       0x08005c41   Thumb Code    90  tasks.o(i.vTaskSwitchContext)
    xPortStartScheduler                      0x08005ca5   Thumb Code   154  port.o(i.xPortStartScheduler)
    xQueueCreateCountingSemaphore            0x08005d4d   Thumb Code    58  queue.o(i.xQueueCreateCountingSemaphore)
    xQueueCreateCountingSemaphoreStatic      0x08005d87   Thumb Code    64  queue.o(i.xQueueCreateCountingSemaphoreStatic)
    xQueueCreateMutex                        0x08005dc7   Thumb Code    22  queue.o(i.xQueueCreateMutex)
    xQueueCreateMutexStatic                  0x08005ddd   Thumb Code    26  queue.o(i.xQueueCreateMutexStatic)
    xQueueGenericCreate                      0x08005df7   Thumb Code    72  queue.o(i.xQueueGenericCreate)
    xQueueGenericCreateStatic                0x08005e3f   Thumb Code   102  queue.o(i.xQueueGenericCreateStatic)
    xQueueGenericReset                       0x08005ea5   Thumb Code   132  queue.o(i.xQueueGenericReset)
    xQueueGenericSend                        0x08005f2d   Thumb Code   346  queue.o(i.xQueueGenericSend)
    xQueueGenericSendFromISR                 0x0800608d   Thumb Code   188  queue.o(i.xQueueGenericSendFromISR)
    xQueueGiveFromISR                        0x08006149   Thumb Code   156  queue.o(i.xQueueGiveFromISR)
    xQueueGiveMutexRecursive                 0x080061e5   Thumb Code    62  queue.o(i.xQueueGiveMutexRecursive)
    xQueueReceive                            0x08006225   Thumb Code   308  queue.o(i.xQueueReceive)
    xQueueReceiveFromISR                     0x0800635d   Thumb Code   154  queue.o(i.xQueueReceiveFromISR)
    xQueueSemaphoreTake                      0x080063f9   Thumb Code   372  queue.o(i.xQueueSemaphoreTake)
    xQueueTakeMutexRecursive                 0x08006571   Thumb Code    64  queue.o(i.xQueueTakeMutexRecursive)
    xTaskCheckForTimeOut                     0x080065b1   Thumb Code   112  tasks.o(i.xTaskCheckForTimeOut)
    xTaskCreate                              0x08006625   Thumb Code    90  tasks.o(i.xTaskCreate)
    xTaskCreateStatic                        0x0800667f   Thumb Code    86  tasks.o(i.xTaskCreateStatic)
    xTaskGetCurrentTaskHandle                0x080066d5   Thumb Code     6  tasks.o(i.xTaskGetCurrentTaskHandle)
    xTaskGetSchedulerState                   0x080066e1   Thumb Code    22  tasks.o(i.xTaskGetSchedulerState)
    xTaskGetTickCount                        0x080066fd   Thumb Code     6  tasks.o(i.xTaskGetTickCount)
    xTaskGetTickCountFromISR                 0x08006709   Thumb Code    12  tasks.o(i.xTaskGetTickCountFromISR)
    xTaskIncrementTick                       0x08006719   Thumb Code   190  tasks.o(i.xTaskIncrementTick)
    xTaskPriorityDisinherit                  0x080067e1   Thumb Code   118  tasks.o(i.xTaskPriorityDisinherit)
    xTaskPriorityInherit                     0x08006861   Thumb Code   112  tasks.o(i.xTaskPriorityInherit)
    xTaskRemoveFromEventList                 0x080068d9   Thumb Code    98  tasks.o(i.xTaskRemoveFromEventList)
    xTaskResumeAll                           0x08006949   Thumb Code   182  tasks.o(i.xTaskResumeAll)
    xTimerCreateTimerTask                    0x08006a0d   Thumb Code    78  timers.o(i.xTimerCreateTimerTask)
    xTimerGenericCommand                     0x08006a6d   Thumb Code    98  timers.o(i.xTimerGenericCommand)
    _get_lc_numeric                          0x08006ad5   Thumb Code    44  lc_numeric_c.o(locale$$code)
    _get_lc_ctype                            0x08006b01   Thumb Code    44  lc_ctype_c.o(locale$$code)
    __aeabi_d2f                              0x08006b2d   Thumb Code     0  d2f.o(x$fpl$d2f)
    _d2f                                     0x08006b2d   Thumb Code    98  d2f.o(x$fpl$d2f)
    __aeabi_dadd                             0x08006b91   Thumb Code     0  daddsub_clz.o(x$fpl$dadd)
    _dadd                                    0x08006b91   Thumb Code   332  daddsub_clz.o(x$fpl$dadd)
    __fpl_dcheck_NaN1                        0x08006ce1   Thumb Code    10  dcheck1.o(x$fpl$dcheck1)
    __aeabi_ddiv                             0x08006cf1   Thumb Code     0  ddiv.o(x$fpl$ddiv)
    _ddiv                                    0x08006cf1   Thumb Code   552  ddiv.o(x$fpl$ddiv)
    __aeabi_i2d                              0x08006fa1   Thumb Code     0  dflt_clz.o(x$fpl$dflt)
    _dflt                                    0x08006fa1   Thumb Code    46  dflt_clz.o(x$fpl$dflt)
    __aeabi_ui2d                             0x08006fcf   Thumb Code     0  dflt_clz.o(x$fpl$dfltu)
    _dfltu                                   0x08006fcf   Thumb Code    38  dflt_clz.o(x$fpl$dfltu)
    __aeabi_dmul                             0x08006ff5   Thumb Code     0  dmul.o(x$fpl$dmul)
    _dmul                                    0x08006ff5   Thumb Code   332  dmul.o(x$fpl$dmul)
    __fpl_dnaninf                            0x08007149   Thumb Code   156  dnaninf.o(x$fpl$dnaninf)
    __fpl_dretinf                            0x080071e5   Thumb Code    12  dretinf.o(x$fpl$dretinf)
    __aeabi_dsub                             0x080071f1   Thumb Code     0  daddsub_clz.o(x$fpl$dsub)
    _dsub                                    0x080071f1   Thumb Code   464  daddsub_clz.o(x$fpl$dsub)
    __aeabi_fadd                             0x080073c5   Thumb Code     0  faddsub_clz.o(x$fpl$fadd)
    _fadd                                    0x080073c5   Thumb Code   196  faddsub_clz.o(x$fpl$fadd)
    __aeabi_f2iz                             0x08007489   Thumb Code     0  ffix.o(x$fpl$ffix)
    _ffix                                    0x08007489   Thumb Code    54  ffix.o(x$fpl$ffix)
    __aeabi_f2uiz                            0x080074c1   Thumb Code     0  ffixu.o(x$fpl$ffixu)
    _ffixu                                   0x080074c1   Thumb Code    62  ffixu.o(x$fpl$ffixu)
    __aeabi_i2f                              0x08007501   Thumb Code     0  fflt_clz.o(x$fpl$fflt)
    _fflt                                    0x08007501   Thumb Code    48  fflt_clz.o(x$fpl$fflt)
    __aeabi_ui2f                             0x08007531   Thumb Code     0  fflt_clz.o(x$fpl$ffltu)
    _ffltu                                   0x08007531   Thumb Code    38  fflt_clz.o(x$fpl$ffltu)
    __aeabi_fmul                             0x08007559   Thumb Code     0  fmul.o(x$fpl$fmul)
    _fmul                                    0x08007559   Thumb Code   258  fmul.o(x$fpl$fmul)
    __fpl_fnaninf                            0x0800765b   Thumb Code   140  fnaninf.o(x$fpl$fnaninf)
    __fpl_fretinf                            0x080076e7   Thumb Code    10  fretinf.o(x$fpl$fretinf)
    __aeabi_frsub                            0x080076f1   Thumb Code     0  faddsub_clz.o(x$fpl$frsb)
    _frsb                                    0x080076f1   Thumb Code    20  faddsub_clz.o(x$fpl$frsb)
    __aeabi_fsub                             0x08007705   Thumb Code     0  faddsub_clz.o(x$fpl$fsub)
    _fsub                                    0x08007705   Thumb Code   234  faddsub_clz.o(x$fpl$fsub)
    _printf_fp_dec                           0x080077ef   Thumb Code     4  printf1.o(x$fpl$printf1)
    __fpl_return_NaN                         0x080077f3   Thumb Code   100  retnan.o(x$fpl$retnan)
    __ARM_scalbn                             0x08007857   Thumb Code    92  scalbn.o(x$fpl$scalbn)
    __fpl_cmpreturn                          0x080078b3   Thumb Code    48  trapv.o(x$fpl$trapveneer)
    __I$use$fp                               0x080078e2   Number         0  usenofp.o(x$fpl$usenofp)
    Read_Sensor_MPU_attributes               0x080078e4   Data          36  main.o(.constdata)
    Read_Sensor_SHT_attributes               0x08007908   Data          36  main.o(.constdata)
    Show_LCD1602_attributes                  0x0800792c   Data          36  main.o(.constdata)
    Send_UART_attributes                     0x08007950   Data          36  main.o(.constdata)
    UARTMutex_attributes                     0x08007974   Data          16  main.o(.constdata)
    BinarySem_LCD_1_attributes               0x08007984   Data          16  main.o(.constdata)
    BinarySem_LCD_2_attributes               0x08007994   Data          16  main.o(.constdata)
    BinarySem_UART_1_attributes              0x080079a4   Data          16  main.o(.constdata)
    BinarySem_UART_2_attributes              0x080079b4   Data          16  main.o(.constdata)
    BinarySem_UART_3_attributes              0x080079c4   Data          16  main.o(.constdata)
    AHBPrescTable                            0x080079d4   Data          16  system_stm32f1xx.o(.constdata)
    APBPrescTable                            0x080079e4   Data           8  system_stm32f1xx.o(.constdata)
    command_info_set_RGB                     0x080079ec   Data           8  cli_command_table.o(.constdata)
    command_info_config_set_scheduler        0x080079f4   Data           8  cli_command_table.o(.constdata)
    command_entry_talbe                      0x080079fc   Data          24  cli_command_table.o(.constdata)
    Region$$Table$$Base                      0x08007c20   Number         0  anon$$obj.o(Region$$Table)
    Region$$Table$$Limit                     0x08007c40   Number         0  anon$$obj.o(Region$$Table)
    __ctype                                  0x08007c69   Data           0  lc_ctype_c.o(locale$$data)
    red                                      0x20000000   Data           1  main.o(.data)
    green                                    0x20000001   Data           1  main.o(.data)
    blue                                     0x20000002   Data           1  main.o(.data)
    D1                                       0x20000003   Data           1  main.o(.data)
    D2                                       0x20000004   Data           1  main.o(.data)
    D3                                       0x20000005   Data           1  main.o(.data)
    D4                                       0x20000006   Data           1  main.o(.data)
    Ph1                                      0x20000007   Data           1  main.o(.data)
    Ph2                                      0x20000008   Data           1  main.o(.data)
    Ph3                                      0x20000009   Data           1  main.o(.data)
    Ph4                                      0x2000000a   Data           1  main.o(.data)
    T1                                       0x2000000c   Data           2  main.o(.data)
    T2                                       0x2000000e   Data           2  main.o(.data)
    T3                                       0x20000010   Data           2  main.o(.data)
    T4                                       0x20000012   Data           2  main.o(.data)
    Read_Sensor_MPUHandle                    0x20000014   Data           4  main.o(.data)
    Read_Sensor_SHTHandle                    0x20000018   Data           4  main.o(.data)
    Show_LCD1602Handle                       0x2000001c   Data           4  main.o(.data)
    Send_UARTHandle                          0x20000020   Data           4  main.o(.data)
    UARTMutexHandle                          0x20000024   Data           4  main.o(.data)
    BinarySem_LCD_1Handle                    0x20000028   Data           4  main.o(.data)
    BinarySem_LCD_2Handle                    0x2000002c   Data           4  main.o(.data)
    BinarySem_UART_1Handle                   0x20000030   Data           4  main.o(.data)
    BinarySem_UART_2Handle                   0x20000034   Data           4  main.o(.data)
    BinarySem_UART_3Handle                   0x20000038   Data           4  main.o(.data)
    flag_update                              0x2000003c   Data           4  main.o(.data)
    position                                 0x20000040   Data          16  main.o(.data)
    SystemCoreClock                          0x20000050   Data           4  system_stm32f1xx.o(.data)
    uart_flag                                0x20000055   Data           1  uart.o(.data)
    _sht2x_ui2c                              0x20000058   Data           4  sht2x.o(.data)
    uwTickFreq                               0x2000005c   Data           1  stm32f1xx_hal.o(.data)
    uwTickPrio                               0x20000060   Data           4  stm32f1xx_hal.o(.data)
    uwTick                                   0x20000064   Data           4  stm32f1xx_hal.o(.data)
    pxCurrentTCB                             0x20000068   Data           4  tasks.o(.data)
    temperature                              0x200000e8   Data          30  main.o(.bss)
    logs                                     0x20000106   Data          30  main.o(.bss)
    data_tx                                  0x20000124   Data         100  main.o(.bss)
    hi2c1                                    0x20000188   Data          84  main.o(.bss)
    htim3                                    0x200001dc   Data          72  main.o(.bss)
    huart2                                   0x20000224   Data          72  main.o(.bss)
    MPU6050                                  0x20000270   Data          32  main.o(.bss)
    htim4                                    0x20000290   Data          72  stm32f1xx_hal_timebase_tim.o(.bss)
    uart_buff                                0x200002d8   Data         100  uart.o(.bss)
    pFlash                                   0x20000340   Data          32  stm32f1xx_hal_flash.o(.bss)
    xQueueRegistry                           0x20000360   Data          64  queue.o(.bss)
    __libspace_start                         0x20001c34   Data          96  libspace.o(.bss)
    __temporary_stack_top$libspace           0x20001c94   Data           0  libspace.o(.bss)



==============================================================================

Memory Map of the image

  Image Entry point : 0x080000ed

  Load Region LR_IROM1 (Base: 0x08000000, Size: 0x00007e50, Max: 0x00010000, ABSOLUTE)

    Execution Region ER_IROM1 (Exec base: 0x08000000, Load base: 0x08000000, Size: 0x00007d6c, Max: 0x00010000, ABSOLUTE)

    Exec Addr    Load Addr    Size         Type   Attr      Idx    E Section Name        Object

    0x08000000   0x08000000   0x000000ec   Data   RO            3    RESET               startup_stm32f103xb.o
    0x080000ec   0x080000ec   0x00000008   Code   RO         5329  * !!!main             c_w.l(__main.o)
    0x080000f4   0x080000f4   0x00000034   Code   RO         5631    !!!scatter          c_w.l(__scatter.o)
    0x08000128   0x08000128   0x0000001a   Code   RO         5633    !!handler_copy      c_w.l(__scatter_copy.o)
    0x08000142   0x08000142   0x00000002   PAD
    0x08000144   0x08000144   0x0000001c   Code   RO         5635    !!handler_zi        c_w.l(__scatter_zi.o)
    0x08000160   0x08000160   0x00000000   Code   RO         5309    .ARM.Collect$$_printf_percent$$00000000  c_w.l(_printf_percent.o)
    0x08000160   0x08000160   0x00000006   Code   RO         5308    .ARM.Collect$$_printf_percent$$00000003  c_w.l(_printf_f.o)
    0x08000166   0x08000166   0x00000006   Code   RO         5307    .ARM.Collect$$_printf_percent$$00000009  c_w.l(_printf_d.o)
    0x0800016c   0x0800016c   0x00000006   Code   RO         5306    .ARM.Collect$$_printf_percent$$00000014  c_w.l(_printf_s.o)
    0x08000172   0x08000172   0x00000004   Code   RO         5395    .ARM.Collect$$_printf_percent$$00000017  c_w.l(_printf_percent_end.o)
    0x08000176   0x08000176   0x00000002   Code   RO         5500    .ARM.Collect$$libinit$$00000000  c_w.l(libinit.o)
    0x08000178   0x08000178   0x00000000   Code   RO         5502    .ARM.Collect$$libinit$$00000002  c_w.l(libinit2.o)
    0x08000178   0x08000178   0x00000000   Code   RO         5504    .ARM.Collect$$libinit$$00000004  c_w.l(libinit2.o)
    0x08000178   0x08000178   0x00000000   Code   RO         5507    .ARM.Collect$$libinit$$0000000A  c_w.l(libinit2.o)
    0x08000178   0x08000178   0x00000000   Code   RO         5509    .ARM.Collect$$libinit$$0000000C  c_w.l(libinit2.o)
    0x08000178   0x08000178   0x00000000   Code   RO         5511    .ARM.Collect$$libinit$$0000000E  c_w.l(libinit2.o)
    0x08000178   0x08000178   0x00000006   Code   RO         5512    .ARM.Collect$$libinit$$0000000F  c_w.l(libinit2.o)
    0x0800017e   0x0800017e   0x00000000   Code   RO         5514    .ARM.Collect$$libinit$$00000011  c_w.l(libinit2.o)
    0x0800017e   0x0800017e   0x0000000c   Code   RO         5515    .ARM.Collect$$libinit$$00000012  c_w.l(libinit2.o)
    0x0800018a   0x0800018a   0x00000000   Code   RO         5516    .ARM.Collect$$libinit$$00000013  c_w.l(libinit2.o)
    0x0800018a   0x0800018a   0x00000000   Code   RO         5518    .ARM.Collect$$libinit$$00000015  c_w.l(libinit2.o)
    0x0800018a   0x0800018a   0x0000000a   Code   RO         5519    .ARM.Collect$$libinit$$00000016  c_w.l(libinit2.o)
    0x08000194   0x08000194   0x00000000   Code   RO         5520    .ARM.Collect$$libinit$$00000017  c_w.l(libinit2.o)
    0x08000194   0x08000194   0x00000000   Code   RO         5522    .ARM.Collect$$libinit$$00000019  c_w.l(libinit2.o)
    0x08000194   0x08000194   0x00000000   Code   RO         5524    .ARM.Collect$$libinit$$0000001B  c_w.l(libinit2.o)
    0x08000194   0x08000194   0x00000000   Code   RO         5526    .ARM.Collect$$libinit$$0000001D  c_w.l(libinit2.o)
    0x08000194   0x08000194   0x00000000   Code   RO         5528    .ARM.Collect$$libinit$$0000001F  c_w.l(libinit2.o)
    0x08000194   0x08000194   0x00000000   Code   RO         5530    .ARM.Collect$$libinit$$00000021  c_w.l(libinit2.o)
    0x08000194   0x08000194   0x00000000   Code   RO         5532    .ARM.Collect$$libinit$$00000023  c_w.l(libinit2.o)
    0x08000194   0x08000194   0x00000000   Code   RO         5534    .ARM.Collect$$libinit$$00000025  c_w.l(libinit2.o)
    0x08000194   0x08000194   0x00000000   Code   RO         5538    .ARM.Collect$$libinit$$0000002C  c_w.l(libinit2.o)
    0x08000194   0x08000194   0x00000000   Code   RO         5540    .ARM.Collect$$libinit$$0000002E  c_w.l(libinit2.o)
    0x08000194   0x08000194   0x00000000   Code   RO         5542    .ARM.Collect$$libinit$$00000030  c_w.l(libinit2.o)
    0x08000194   0x08000194   0x00000000   Code   RO         5544    .ARM.Collect$$libinit$$00000032  c_w.l(libinit2.o)
    0x08000194   0x08000194   0x00000002   Code   RO         5545    .ARM.Collect$$libinit$$00000033  c_w.l(libinit2.o)
    0x08000196   0x08000196   0x00000002   Code   RO         5577    .ARM.Collect$$libshutdown$$00000000  c_w.l(libshutdown.o)
    0x08000198   0x08000198   0x00000000   Code   RO         5588    .ARM.Collect$$libshutdown$$00000002  c_w.l(libshutdown2.o)
    0x08000198   0x08000198   0x00000000   Code   RO         5590    .ARM.Collect$$libshutdown$$00000004  c_w.l(libshutdown2.o)
    0x08000198   0x08000198   0x00000000   Code   RO         5592    .ARM.Collect$$libshutdown$$00000006  c_w.l(libshutdown2.o)
    0x08000198   0x08000198   0x00000000   Code   RO         5595    .ARM.Collect$$libshutdown$$00000009  c_w.l(libshutdown2.o)
    0x08000198   0x08000198   0x00000000   Code   RO         5598    .ARM.Collect$$libshutdown$$0000000C  c_w.l(libshutdown2.o)
    0x08000198   0x08000198   0x00000000   Code   RO         5600    .ARM.Collect$$libshutdown$$0000000E  c_w.l(libshutdown2.o)
    0x08000198   0x08000198   0x00000000   Code   RO         5603    .ARM.Collect$$libshutdown$$00000011  c_w.l(libshutdown2.o)
    0x08000198   0x08000198   0x00000002   Code   RO         5604    .ARM.Collect$$libshutdown$$00000012  c_w.l(libshutdown2.o)
    0x0800019a   0x0800019a   0x00000000   Code   RO         5379    .ARM.Collect$$rtentry$$00000000  c_w.l(__rtentry.o)
    0x0800019a   0x0800019a   0x00000000   Code   RO         5419    .ARM.Collect$$rtentry$$00000002  c_w.l(__rtentry2.o)
    0x0800019a   0x0800019a   0x00000006   Code   RO         5431    .ARM.Collect$$rtentry$$00000004  c_w.l(__rtentry4.o)
    0x080001a0   0x080001a0   0x00000000   Code   RO         5421    .ARM.Collect$$rtentry$$00000009  c_w.l(__rtentry2.o)
    0x080001a0   0x080001a0   0x00000004   Code   RO         5422    .ARM.Collect$$rtentry$$0000000A  c_w.l(__rtentry2.o)
    0x080001a4   0x080001a4   0x00000000   Code   RO         5424    .ARM.Collect$$rtentry$$0000000C  c_w.l(__rtentry2.o)
    0x080001a4   0x080001a4   0x00000008   Code   RO         5425    .ARM.Collect$$rtentry$$0000000D  c_w.l(__rtentry2.o)
    0x080001ac   0x080001ac   0x00000002   Code   RO         5548    .ARM.Collect$$rtexit$$00000000  c_w.l(rtexit.o)
    0x080001ae   0x080001ae   0x00000000   Code   RO         5555    .ARM.Collect$$rtexit$$00000002  c_w.l(rtexit2.o)
    0x080001ae   0x080001ae   0x00000004   Code   RO         5556    .ARM.Collect$$rtexit$$00000003  c_w.l(rtexit2.o)
    0x080001b2   0x080001b2   0x00000006   Code   RO         5557    .ARM.Collect$$rtexit$$00000004  c_w.l(rtexit2.o)
    0x080001b8   0x080001b8   0x00000096   Code   RO         5193    .emb_text           port.o
    0x0800024e   0x0800024e   0x00000002   PAD
    0x08000250   0x08000250   0x00000040   Code   RO            4    .text               startup_stm32f103xb.o
    0x08000290   0x08000290   0x00000026   Code   RO         5272    .text               c_w.l(llushr.o)
    0x080002b6   0x080002b6   0x00000002   PAD
    0x080002b8   0x080002b8   0x00000028   Code   RO         5276    .text               c_w.l(noretval__2sprintf.o)
    0x080002e0   0x080002e0   0x0000004e   Code   RO         5280    .text               c_w.l(_printf_pad.o)
    0x0800032e   0x0800032e   0x00000052   Code   RO         5282    .text               c_w.l(_printf_str.o)
    0x08000380   0x08000380   0x00000078   Code   RO         5284    .text               c_w.l(_printf_dec.o)
    0x080003f8   0x080003f8   0x00000138   Code   RO         5298    .text               c_w.l(__printf_flags_wp.o)
    0x08000530   0x08000530   0x0000001a   Code   RO         5310    .text               c_w.l(atoi.o)
    0x0800054a   0x0800054a   0x00000002   PAD
    0x0800054c   0x0800054c   0x0000000c   Code   RO         5312    .text               c_w.l(strtok.o)
    0x08000558   0x08000558   0x0000003e   Code   RO         5315    .text               c_w.l(strlen.o)
    0x08000596   0x08000596   0x0000008a   Code   RO         5317    .text               c_w.l(rt_memcpy_v6.o)
    0x08000620   0x08000620   0x00000010   Code   RO         5321    .text               c_w.l(aeabi_memset.o)
    0x08000630   0x08000630   0x0000004e   Code   RO         5323    .text               c_w.l(rt_memclr_w.o)
    0x0800067e   0x0800067e   0x00000002   PAD
    0x08000680   0x08000680   0x00000080   Code   RO         5325    .text               c_w.l(strcmpv7m.o)
    0x08000700   0x08000700   0x00000006   Code   RO         5327    .text               c_w.l(heapauxi.o)
    0x08000706   0x08000706   0x00000002   PAD
    0x08000708   0x08000708   0x00000008   Code   RO         5383    .text               c_w.l(rt_errno_addr_intlibspace.o)
    0x08000710   0x08000710   0x000000b2   Code   RO         5385    .text               c_w.l(_printf_intcommon.o)
    0x080007c2   0x080007c2   0x0000041e   Code   RO         5387    .text               c_w.l(_printf_fp_dec.o)
    0x08000be0   0x08000be0   0x00000030   Code   RO         5389    .text               c_w.l(_printf_char_common.o)
    0x08000c10   0x08000c10   0x0000000a   Code   RO         5391    .text               c_w.l(_sputc.o)
    0x08000c1a   0x08000c1a   0x0000002c   Code   RO         5393    .text               c_w.l(_printf_char.o)
    0x08000c46   0x08000c46   0x00000070   Code   RO         5396    .text               c_w.l(strtol.o)
    0x08000cb6   0x08000cb6   0x00000002   PAD
    0x08000cb8   0x08000cb8   0x00000044   Code   RO         5398    .text               c_w.l(strtok_int.o)
    0x08000cfc   0x08000cfc   0x00000064   Code   RO         5400    .text               c_w.l(rt_memcpy_w.o)
    0x08000d60   0x08000d60   0x00000044   Code   RO         5402    .text               c_w.l(rt_memclr.o)
    0x08000da4   0x08000da4   0x00000008   Code   RO         5415    .text               c_w.l(libspace.o)
    0x08000dac   0x08000dac   0x00000010   Code   RO         5433    .text               c_w.l(rt_ctype_table.o)
    0x08000dbc   0x08000dbc   0x00000008   Code   RO         5438    .text               c_w.l(rt_locale_intlibspace.o)
    0x08000dc4   0x08000dc4   0x0000008a   Code   RO         5440    .text               c_w.l(lludiv10.o)
    0x08000e4e   0x08000e4e   0x00000002   PAD
    0x08000e50   0x08000e50   0x00000080   Code   RO         5442    .text               c_w.l(_printf_fp_infnan.o)
    0x08000ed0   0x08000ed0   0x0000009e   Code   RO         5446    .text               c_w.l(_strtoul.o)
    0x08000f6e   0x08000f6e   0x00000002   PAD
    0x08000f70   0x08000f70   0x000000e4   Code   RO         5448    .text               c_w.l(bigflt0.o)
    0x08001054   0x08001054   0x00000020   Code   RO         5476    .text               c_w.l(strcspn.o)
    0x08001074   0x08001074   0x0000001c   Code   RO         5478    .text               c_w.l(strspn.o)
    0x08001090   0x08001090   0x0000004a   Code   RO         5486    .text               c_w.l(sys_stackheap_outer.o)
    0x080010da   0x080010da   0x0000001c   Code   RO         5488    .text               c_w.l(_chval.o)
    0x080010f6   0x080010f6   0x00000012   Code   RO         5493    .text               c_w.l(exit.o)
    0x08001108   0x08001108   0x0000000c   Code   RO         5567    .text               c_w.l(sys_exit.o)
    0x08001114   0x08001114   0x00000002   Code   RO         5578    .text               c_w.l(use_no_semi.o)
    0x08001116   0x08001116   0x00000000   Code   RO         5580    .text               c_w.l(indicate_semi.o)
    0x08001116   0x08001116   0x0000003e   Code   RO         5451    CL$$btod_d2e        c_w.l(btod.o)
    0x08001154   0x08001154   0x00000046   Code   RO         5453    CL$$btod_d2e_denorm_low  c_w.l(btod.o)
    0x0800119a   0x0800119a   0x00000060   Code   RO         5452    CL$$btod_d2e_norm_op1  c_w.l(btod.o)
    0x080011fa   0x080011fa   0x00000338   Code   RO         5461    CL$$btod_div_common  c_w.l(btod.o)
    0x08001532   0x08001532   0x000000dc   Code   RO         5458    CL$$btod_e2e        c_w.l(btod.o)
    0x0800160e   0x0800160e   0x0000002a   Code   RO         5455    CL$$btod_ediv       c_w.l(btod.o)
    0x08001638   0x08001638   0x0000002a   Code   RO         5454    CL$$btod_emul       c_w.l(btod.o)
    0x08001662   0x08001662   0x00000244   Code   RO         5460    CL$$btod_mult_common  c_w.l(btod.o)
    0x080018a6   0x080018a6   0x00000002   Code   RO          279    i.BusFault_Handler  stm32f1xx_it.o
    0x080018a8   0x080018a8   0x00000002   Code   RO          280    i.DebugMon_Handler  stm32f1xx_it.o
    0x080018aa   0x080018aa   0x00000002   PAD
    0x080018ac   0x080018ac   0x00000024   Code   RO         1727    i.FLASH_MassErase   stm32f1xx_hal_flash_ex.o
    0x080018d0   0x080018d0   0x00000024   Code   RO         1732    i.FLASH_PageErase   stm32f1xx_hal_flash_ex.o
    0x080018f4   0x080018f4   0x0000001c   Code   RO         1624    i.FLASH_Program_HalfWord  stm32f1xx_hal_flash.o
    0x08001910   0x08001910   0x0000005c   Code   RO         1625    i.FLASH_SetErrorCode  stm32f1xx_hal_flash.o
    0x0800196c   0x0800196c   0x00000054   Code   RO         1626    i.FLASH_WaitForLastOperation  stm32f1xx_hal_flash.o
    0x080019c0   0x080019c0   0x00000026   Code   RO          794    i.Flash_Erase       flash.o
    0x080019e6   0x080019e6   0x00000004   Code   RO          795    i.Flash_Read_Int    flash.o
    0x080019ea   0x080019ea   0x0000001e   Code   RO          796    i.Flash_Write_Int   flash.o
    0x08001a08   0x08001a08   0x00000046   Code   RO         1288    i.HAL_DMA_Abort     stm32f1xx_hal_dma.o
    0x08001a4e   0x08001a4e   0x00000002   PAD
    0x08001a50   0x08001a50   0x00000098   Code   RO         1289    i.HAL_DMA_Abort_IT  stm32f1xx_hal_dma.o
    0x08001ae8   0x08001ae8   0x000000a8   Code   RO         1733    i.HAL_FLASHEx_Erase  stm32f1xx_hal_flash_ex.o
    0x08001b90   0x08001b90   0x00000014   Code   RO         1630    i.HAL_FLASH_Lock    stm32f1xx_hal_flash.o
    0x08001ba4   0x08001ba4   0x00000080   Code   RO         1635    i.HAL_FLASH_Program  stm32f1xx_hal_flash.o
    0x08001c24   0x08001c24   0x00000028   Code   RO         1637    i.HAL_FLASH_Unlock  stm32f1xx_hal_flash.o
    0x08001c4c   0x08001c4c   0x000001e0   Code   RO         1224    i.HAL_GPIO_Init     stm32f1xx_hal_gpio.o
    0x08001e2c   0x08001e2c   0x0000000a   Code   RO         1228    i.HAL_GPIO_WritePin  stm32f1xx_hal_gpio.o
    0x08001e36   0x08001e36   0x00000002   PAD
    0x08001e38   0x08001e38   0x0000000c   Code   RO          918    i.HAL_GetTick       stm32f1xx_hal.o
    0x08001e44   0x08001e44   0x00000188   Code   RO         1895    i.HAL_I2C_Init      stm32f1xx_hal_i2c.o
    0x08001fcc   0x08001fcc   0x00000250   Code   RO         1901    i.HAL_I2C_Master_Receive  stm32f1xx_hal_i2c.o
    0x0800221c   0x0800221c   0x0000012c   Code   RO         1908    i.HAL_I2C_Master_Transmit  stm32f1xx_hal_i2c.o
    0x08002348   0x08002348   0x00000250   Code   RO         1913    i.HAL_I2C_Mem_Read  stm32f1xx_hal_i2c.o
    0x08002598   0x08002598   0x00000130   Code   RO         1916    i.HAL_I2C_Mem_Write  stm32f1xx_hal_i2c.o
    0x080026c8   0x080026c8   0x0000005c   Code   RO          350    i.HAL_I2C_MspInit   stm32f1xx_hal_msp.o
    0x08002724   0x08002724   0x00000010   Code   RO          924    i.HAL_IncTick       stm32f1xx_hal.o
    0x08002734   0x08002734   0x00000024   Code   RO          925    i.HAL_Init          stm32f1xx_hal.o
    0x08002758   0x08002758   0x00000098   Code   RO          415    i.HAL_InitTick      stm32f1xx_hal_timebase_tim.o
    0x080027f0   0x080027f0   0x00000048   Code   RO          351    i.HAL_MspInit       stm32f1xx_hal_msp.o
    0x08002838   0x08002838   0x0000001a   Code   RO         1384    i.HAL_NVIC_EnableIRQ  stm32f1xx_hal_cortex.o
    0x08002852   0x08002852   0x00000002   PAD
    0x08002854   0x08002854   0x00000040   Code   RO         1390    i.HAL_NVIC_SetPriority  stm32f1xx_hal_cortex.o
    0x08002894   0x08002894   0x00000024   Code   RO         1391    i.HAL_NVIC_SetPriorityGrouping  stm32f1xx_hal_cortex.o
    0x080028b8   0x080028b8   0x0000012c   Code   RO         1082    i.HAL_RCC_ClockConfig  stm32f1xx_hal_rcc.o
    0x080029e4   0x080029e4   0x00000040   Code   RO         1086    i.HAL_RCC_GetClockConfig  stm32f1xx_hal_rcc.o
    0x08002a24   0x08002a24   0x00000020   Code   RO         1089    i.HAL_RCC_GetPCLK1Freq  stm32f1xx_hal_rcc.o
    0x08002a44   0x08002a44   0x00000020   Code   RO         1090    i.HAL_RCC_GetPCLK2Freq  stm32f1xx_hal_rcc.o
    0x08002a64   0x08002a64   0x0000004c   Code   RO         1091    i.HAL_RCC_GetSysClockFreq  stm32f1xx_hal_rcc.o
    0x08002ab0   0x08002ab0   0x00000320   Code   RO         1094    i.HAL_RCC_OscConfig  stm32f1xx_hal_rcc.o
    0x08002dd0   0x08002dd0   0x00000002   Code   RO         3027    i.HAL_TIMEx_BreakCallback  stm32f1xx_hal_tim_ex.o
    0x08002dd2   0x08002dd2   0x00000002   Code   RO         3028    i.HAL_TIMEx_CommutCallback  stm32f1xx_hal_tim_ex.o
    0x08002dd4   0x08002dd4   0x0000005a   Code   RO         2323    i.HAL_TIM_Base_Init  stm32f1xx_hal_tim.o
    0x08002e2e   0x08002e2e   0x00000002   PAD
    0x08002e30   0x08002e30   0x00000028   Code   RO          353    i.HAL_TIM_Base_MspInit  stm32f1xx_hal_msp.o
    0x08002e58   0x08002e58   0x00000058   Code   RO         2328    i.HAL_TIM_Base_Start_IT  stm32f1xx_hal_tim.o
    0x08002eb0   0x08002eb0   0x00000002   Code   RO         2357    i.HAL_TIM_IC_CaptureCallback  stm32f1xx_hal_tim.o
    0x08002eb2   0x08002eb2   0x00000166   Code   RO         2371    i.HAL_TIM_IRQHandler  stm32f1xx_hal_tim.o
    0x08003018   0x08003018   0x00000070   Code   RO          354    i.HAL_TIM_MspPostInit  stm32f1xx_hal_msp.o
    0x08003088   0x08003088   0x00000002   Code   RO         2374    i.HAL_TIM_OC_DelayElapsedCallback  stm32f1xx_hal_tim.o
    0x0800308a   0x0800308a   0x00000002   Code   RO         2401    i.HAL_TIM_PWM_PulseFinishedCallback  stm32f1xx_hal_tim.o
    0x0800308c   0x0800308c   0x0000009c   Code   RO         2403    i.HAL_TIM_PWM_Start  stm32f1xx_hal_tim.o
    0x08003128   0x08003128   0x00000014   Code   RO           14    i.HAL_TIM_PeriodElapsedCallback  main.o
    0x0800313c   0x0800313c   0x00000002   Code   RO         2414    i.HAL_TIM_TriggerCallback  stm32f1xx_hal_tim.o
    0x0800313e   0x0800313e   0x00000002   Code   RO         3306    i.HAL_UARTEx_RxEventCallback  stm32f1xx_hal_uart.o
    0x08003140   0x08003140   0x00000002   Code   RO         3320    i.HAL_UART_ErrorCallback  stm32f1xx_hal_uart.o
    0x08003142   0x08003142   0x00000002   PAD
    0x08003144   0x08003144   0x0000026c   Code   RO         3323    i.HAL_UART_IRQHandler  stm32f1xx_hal_uart.o
    0x080033b0   0x080033b0   0x00000064   Code   RO         3324    i.HAL_UART_Init     stm32f1xx_hal_uart.o
    0x08003414   0x08003414   0x00000080   Code   RO          356    i.HAL_UART_MspInit  stm32f1xx_hal_msp.o
    0x08003494   0x08003494   0x0000001c   Code   RO         3329    i.HAL_UART_Receive_IT  stm32f1xx_hal_uart.o
    0x080034b0   0x080034b0   0x00000030   Code   RO           15    i.HAL_UART_RxCpltCallback  main.o
    0x080034e0   0x080034e0   0x00000002   Code   RO         3335    i.HAL_UART_TxCpltCallback  stm32f1xx_hal_uart.o
    0x080034e2   0x080034e2   0x00000002   Code   RO          281    i.HardFault_Handler  stm32f1xx_it.o
    0x080034e4   0x080034e4   0x0000002e   Code   RO         1938    i.I2C_IsAcknowledgeFailed  stm32f1xx_hal_i2c.o
    0x08003512   0x08003512   0x00000002   PAD
    0x08003514   0x08003514   0x000000ec   Code   RO         1941    i.I2C_MasterRequestRead  stm32f1xx_hal_i2c.o
    0x08003600   0x08003600   0x0000009c   Code   RO         1942    i.I2C_MasterRequestWrite  stm32f1xx_hal_i2c.o
    0x0800369c   0x0800369c   0x000000fc   Code   RO         1948    i.I2C_RequestMemoryRead  stm32f1xx_hal_i2c.o
    0x08003798   0x08003798   0x000000a8   Code   RO         1949    i.I2C_RequestMemoryWrite  stm32f1xx_hal_i2c.o
    0x08003840   0x08003840   0x00000056   Code   RO         1953    i.I2C_WaitOnBTFFlagUntilTimeout  stm32f1xx_hal_i2c.o
    0x08003896   0x08003896   0x00000002   PAD
    0x08003898   0x08003898   0x00000090   Code   RO         1954    i.I2C_WaitOnFlagUntilTimeout  stm32f1xx_hal_i2c.o
    0x08003928   0x08003928   0x000000bc   Code   RO         1955    i.I2C_WaitOnMasterAddressFlagUntilTimeout  stm32f1xx_hal_i2c.o
    0x080039e4   0x080039e4   0x00000070   Code   RO         1956    i.I2C_WaitOnRXNEFlagUntilTimeout  stm32f1xx_hal_i2c.o
    0x08003a54   0x08003a54   0x00000056   Code   RO         1957    i.I2C_WaitOnTXEFlagUntilTimeout  stm32f1xx_hal_i2c.o
    0x08003aaa   0x08003aaa   0x00000092   Code   RO          830    i.MPU6050_Init      mpu6050.o
    0x08003b3c   0x08003b3c   0x00000074   Code   RO          831    i.MPU6050_Read_Accel  mpu6050.o
    0x08003bb0   0x08003bb0   0x00000078   Code   RO           16    i.MX_GPIO_Init      main.o
    0x08003c28   0x08003c28   0x000000a0   Code   RO           17    i.MX_TIM3_Init      main.o
    0x08003cc8   0x08003cc8   0x00000002   Code   RO          282    i.MemManage_Handler  stm32f1xx_it.o
    0x08003cca   0x08003cca   0x00000002   Code   RO          283    i.NMI_Handler       stm32f1xx_it.o
    0x08003ccc   0x08003ccc   0x000000ac   Code   RO           18    i.Read_Sensor_MPUTask_func  main.o
    0x08003d78   0x08003d78   0x000000cc   Code   RO           19    i.Read_Sensor_SHT21Task_func  main.o
    0x08003e44   0x08003e44   0x00000030   Code   RO          583    i.SHT2x_GetDecimal  sht2x.o
    0x08003e74   0x08003e74   0x00000004   Code   RO          584    i.SHT2x_GetInteger  sht2x.o
    0x08003e78   0x08003e78   0x00000038   Code   RO          585    i.SHT2x_GetRaw      sht2x.o
    0x08003eb0   0x08003eb0   0x0000003c   Code   RO          586    i.SHT2x_GetRelativeHumidity  sht2x.o
    0x08003eec   0x08003eec   0x00000044   Code   RO          587    i.SHT2x_GetTemperature  sht2x.o
    0x08003f30   0x08003f30   0x0000000c   Code   RO          588    i.SHT2x_Init        sht2x.o
    0x08003f3c   0x08003f3c   0x00000010   Code   RO          589    i.SHT2x_Ipow        sht2x.o
    0x08003f4c   0x08003f4c   0x00000034   Code   RO          590    i.SHT2x_ReadUserReg  sht2x.o
    0x08003f80   0x08003f80   0x00000038   Code   RO          591    i.SHT2x_SetResolution  sht2x.o
    0x08003fb8   0x08003fb8   0x00000050   Code   RO           20    i.SendDataOverUART  main.o
    0x08004008   0x08004008   0x000000b8   Code   RO           21    i.Send_UART_Task_func  main.o
    0x080040c0   0x080040c0   0x00000090   Code   RO           22    i.Show_LCD1602_Task_func  main.o
    0x08004150   0x08004150   0x0000002c   Code   RO         5194    i.SysTick_Handler   port.o
    0x0800417c   0x0800417c   0x00000062   Code   RO           23    i.SystemClock_Config  main.o
    0x080041de   0x080041de   0x00000002   Code   RO          455    i.SystemInit        system_stm32f1xx.o
    0x080041e0   0x080041e0   0x0000000c   Code   RO          284    i.TIM4_IRQHandler   stm32f1xx_it.o
    0x080041ec   0x080041ec   0x0000006c   Code   RO         2416    i.TIM_Base_SetConfig  stm32f1xx_hal_tim.o
    0x08004258   0x08004258   0x0000001a   Code   RO         2417    i.TIM_CCxChannelCmd  stm32f1xx_hal_tim.o
    0x08004272   0x08004272   0x00000010   Code   RO         3337    i.UART_DMAAbortOnError  stm32f1xx_hal_uart.o
    0x08004282   0x08004282   0x0000004e   Code   RO         3347    i.UART_EndRxTransfer  stm32f1xx_hal_uart.o
    0x080042d0   0x080042d0   0x000000c2   Code   RO         3349    i.UART_Receive_IT   stm32f1xx_hal_uart.o
    0x08004392   0x08004392   0x00000002   PAD
    0x08004394   0x08004394   0x000000b8   Code   RO         3350    i.UART_SetConfig    stm32f1xx_hal_uart.o
    0x0800444c   0x0800444c   0x00000036   Code   RO         3352    i.UART_Start_Receive_IT  stm32f1xx_hal_uart.o
    0x08004482   0x08004482   0x00000002   PAD
    0x08004484   0x08004484   0x0000000c   Code   RO          285    i.USART2_IRQHandler  stm32f1xx_it.o
    0x08004490   0x08004490   0x00000002   Code   RO          286    i.UsageFault_Handler  stm32f1xx_it.o
    0x08004492   0x08004492   0x00000004   Code   RO          757    i.WRITE_FLASH       setscheduler.o
    0x08004496   0x08004496   0x00000028   Code   RO         5484    i.__ARM_fpclassify  m_ws.l(fpclassify.o)
    0x080044be   0x080044be   0x00000020   Code   RO         1397    i.__NVIC_SetPriority  stm32f1xx_hal_cortex.o
    0x080044de   0x080044de   0x0000000e   Code   RO         5296    i._is_digit         c_w.l(__printf_wp.o)
    0x080044ec   0x080044ec   0x00000040   Code   RO          673    i.cli_command_excute  cli_command.o
    0x0800452c   0x0800452c   0x00000024   Code   RO          674    i.find_command_infor  cli_command.o
    0x08004550   0x08004550   0x00000016   Code   RO          493    i.lcd_goto_XY       i2c-lcd.o
    0x08004566   0x08004566   0x0000005a   Code   RO          494    i.lcd_init          i2c-lcd.o
    0x080045c0   0x080045c0   0x00000040   Code   RO          495    i.lcd_send_cmd      i2c-lcd.o
    0x08004600   0x08004600   0x00000040   Code   RO          496    i.lcd_send_data     i2c-lcd.o
    0x08004640   0x08004640   0x00000014   Code   RO          497    i.lcd_send_string   i2c-lcd.o
    0x08004654   0x08004654   0x00000210   Code   RO           24    i.main              main.o
    0x08004864   0x08004864   0x00000034   Code   RO         4723    i.osDelay           cmsis_os2.o
    0x08004898   0x08004898   0x0000003c   Code   RO         4724    i.osDelayUntil      cmsis_os2.o
    0x080048d4   0x080048d4   0x00000028   Code   RO         4735    i.osKernelGetTickCount  cmsis_os2.o
    0x080048fc   0x080048fc   0x00000038   Code   RO         4737    i.osKernelInitialize  cmsis_os2.o
    0x08004934   0x08004934   0x00000040   Code   RO         4740    i.osKernelStart     cmsis_os2.o
    0x08004974   0x08004974   0x0000006c   Code   RO         4751    i.osMutexAcquire    cmsis_os2.o
    0x080049e0   0x080049e0   0x00000080   Code   RO         4754    i.osMutexNew        cmsis_os2.o
    0x08004a60   0x08004a60   0x0000005c   Code   RO         4755    i.osMutexRelease    cmsis_os2.o
    0x08004abc   0x08004abc   0x00000074   Code   RO         4756    i.osSemaphoreAcquire  cmsis_os2.o
    0x08004b30   0x08004b30   0x000000b0   Code   RO         4759    i.osSemaphoreNew    cmsis_os2.o
    0x08004be0   0x08004be0   0x00000070   Code   RO         4760    i.osSemaphoreRelease  cmsis_os2.o
    0x08004c50   0x08004c50   0x000000a4   Code   RO         4774    i.osThreadNew       cmsis_os2.o
    0x08004cf4   0x08004cf4   0x0000005c   Code   RO         4219    i.prvAddCurrentTaskToDelayedList  tasks.o
    0x08004d50   0x08004d50   0x000000d0   Code   RO         4220    i.prvAddNewTaskToReadyList  tasks.o
    0x08004e20   0x08004e20   0x00000058   Code   RO         4569    i.prvCheckForValidListAndQueue  timers.o
    0x08004e78   0x08004e78   0x00000026   Code   RO         3825    i.prvCopyDataFromQueue  queue.o
    0x08004e9e   0x08004e9e   0x0000006c   Code   RO         3826    i.prvCopyDataToQueue  queue.o
    0x08004f0a   0x08004f0a   0x00000034   Code   RO         4221    i.prvDeleteTCB      tasks.o
    0x08004f3e   0x08004f3e   0x00000002   PAD
    0x08004f40   0x08004f40   0x0000004c   Code   RO         5144    i.prvHeapInit       heap_4.o
    0x08004f8c   0x08004f8c   0x00000060   Code   RO         4222    i.prvIdleTask       tasks.o
    0x08004fec   0x08004fec   0x00000016   Code   RO         3827    i.prvInitialiseMutex  queue.o
    0x08005002   0x08005002   0x00000002   PAD
    0x08005004   0x08005004   0x00000022   Code   RO         3828    i.prvInitialiseNewQueue  queue.o
    0x08005026   0x08005026   0x0000009c   Code   RO         4223    i.prvInitialiseNewTask  tasks.o
    0x080050c2   0x080050c2   0x00000002   PAD
    0x080050c4   0x080050c4   0x0000004c   Code   RO         5145    i.prvInsertBlockIntoFreeList  heap_4.o
    0x08005110   0x08005110   0x00000038   Code   RO         4571    i.prvInsertTimerInActiveList  timers.o
    0x08005148   0x08005148   0x0000001c   Code   RO         3829    i.prvIsQueueEmpty   queue.o
    0x08005164   0x08005164   0x000000cc   Code   RO         4572    i.prvProcessReceivedCommands  timers.o
    0x08005230   0x08005230   0x000000b4   Code   RO         4573    i.prvProcessTimerOrBlockTask  timers.o
    0x080052e4   0x080052e4   0x00000020   Code   RO         4225    i.prvResetNextTaskUnblockTime  tasks.o
    0x08005304   0x08005304   0x00000028   Code   RO         4574    i.prvSampleTimeNow  timers.o
    0x0800532c   0x0800532c   0x0000006c   Code   RO         4575    i.prvSwitchTimerLists  timers.o
    0x08005398   0x08005398   0x00000028   Code   RO         5195    i.prvTaskExitError  port.o
    0x080053c0   0x080053c0   0x00000024   Code   RO         4576    i.prvTimerTask      timers.o
    0x080053e4   0x080053e4   0x0000006a   Code   RO         3830    i.prvUnlockQueue    queue.o
    0x0800544e   0x0800544e   0x00000002   PAD
    0x08005450   0x08005450   0x000000d8   Code   RO         5146    i.pvPortMalloc      heap_4.o
    0x08005528   0x08005528   0x00000018   Code   RO         4228    i.pvTaskIncrementMutexHeldCount  tasks.o
    0x08005540   0x08005540   0x00000024   Code   RO         5196    i.pxPortInitialiseStack  port.o
    0x08005564   0x08005564   0x0000002c   Code   RO          547    i.recv_data         uart.o
    0x08005590   0x08005590   0x0000004c   Code   RO          729    i.setRGB            setrgb.o
    0x080055dc   0x080055dc   0x00000104   Code   RO          758    i.setScheduler      setscheduler.o
    0x080056e0   0x080056e0   0x00000024   Code   RO          548    i.uart_handle       uart.o
    0x08005704   0x08005704   0x00000026   Code   RO         3785    i.uxListRemove      list.o
    0x0800572a   0x0800572a   0x00000002   PAD
    0x0800572c   0x0800572c   0x00000014   Code   RO         4786    i.vApplicationGetIdleTaskMemory  cmsis_os2.o
    0x08005740   0x08005740   0x00000018   Code   RO         4787    i.vApplicationGetTimerTaskMemory  cmsis_os2.o
    0x08005758   0x08005758   0x00000016   Code   RO         3786    i.vListInitialise   list.o
    0x0800576e   0x0800576e   0x00000006   Code   RO         3787    i.vListInitialiseItem  list.o
    0x08005774   0x08005774   0x00000030   Code   RO         3788    i.vListInsert       list.o
    0x080057a4   0x080057a4   0x00000018   Code   RO         3789    i.vListInsertEnd    list.o
    0x080057bc   0x080057bc   0x00000040   Code   RO         5198    i.vPortEnterCritical  port.o
    0x080057fc   0x080057fc   0x00000028   Code   RO         5199    i.vPortExitCritical  port.o
    0x08005824   0x08005824   0x0000005c   Code   RO         5147    i.vPortFree         heap_4.o
    0x08005880   0x08005880   0x00000024   Code   RO         5200    i.vPortSetupTimerInterrupt  port.o
    0x080058a4   0x080058a4   0x00000054   Code   RO         5201    i.vPortValidateInterruptPriority  port.o
    0x080058f8   0x080058f8   0x00000028   Code   RO         3836    i.vQueueAddToRegistry  queue.o
    0x08005920   0x08005920   0x0000002e   Code   RO         3837    i.vQueueDelete      queue.o
    0x0800594e   0x0800594e   0x00000002   PAD
    0x08005950   0x08005950   0x00000028   Code   RO         3839    i.vQueueUnregisterQueue  queue.o
    0x08005978   0x08005978   0x00000044   Code   RO         3840    i.vQueueWaitForMessageRestricted  queue.o
    0x080059bc   0x080059bc   0x0000004c   Code   RO         4237    i.vTaskDelay        tasks.o
    0x08005a08   0x08005a08   0x0000008c   Code   RO         4238    i.vTaskDelayUntil   tasks.o
    0x08005a94   0x08005a94   0x00000010   Code   RO         4242    i.vTaskInternalSetTimeOutState  tasks.o
    0x08005aa4   0x08005aa4   0x0000000c   Code   RO         4243    i.vTaskMissedYield  tasks.o
    0x08005ab0   0x08005ab0   0x00000030   Code   RO         4245    i.vTaskPlaceOnEventList  tasks.o
    0x08005ae0   0x08005ae0   0x00000038   Code   RO         4246    i.vTaskPlaceOnEventListRestricted  tasks.o
    0x08005b18   0x08005b18   0x00000090   Code   RO         4248    i.vTaskPriorityDisinheritAfterTimeout  tasks.o
    0x08005ba8   0x08005ba8   0x00000088   Code   RO         4254    i.vTaskStartScheduler  tasks.o
    0x08005c30   0x08005c30   0x00000010   Code   RO         4256    i.vTaskSuspendAll   tasks.o
    0x08005c40   0x08005c40   0x00000064   Code   RO         4257    i.vTaskSwitchContext  tasks.o
    0x08005ca4   0x08005ca4   0x000000a8   Code   RO         5202    i.xPortStartScheduler  port.o
    0x08005d4c   0x08005d4c   0x0000003a   Code   RO         3841    i.xQueueCreateCountingSemaphore  queue.o
    0x08005d86   0x08005d86   0x00000040   Code   RO         3842    i.xQueueCreateCountingSemaphoreStatic  queue.o
    0x08005dc6   0x08005dc6   0x00000016   Code   RO         3843    i.xQueueCreateMutex  queue.o
    0x08005ddc   0x08005ddc   0x0000001a   Code   RO         3844    i.xQueueCreateMutexStatic  queue.o
    0x08005df6   0x08005df6   0x00000048   Code   RO         3845    i.xQueueGenericCreate  queue.o
    0x08005e3e   0x08005e3e   0x00000066   Code   RO         3846    i.xQueueGenericCreateStatic  queue.o
    0x08005ea4   0x08005ea4   0x00000088   Code   RO         3847    i.xQueueGenericReset  queue.o
    0x08005f2c   0x08005f2c   0x00000160   Code   RO         3848    i.xQueueGenericSend  queue.o
    0x0800608c   0x0800608c   0x000000bc   Code   RO         3849    i.xQueueGenericSendFromISR  queue.o
    0x08006148   0x08006148   0x0000009c   Code   RO         3852    i.xQueueGiveFromISR  queue.o
    0x080061e4   0x080061e4   0x0000003e   Code   RO         3853    i.xQueueGiveMutexRecursive  queue.o
    0x08006222   0x08006222   0x00000002   PAD
    0x08006224   0x08006224   0x00000138   Code   RO         3858    i.xQueueReceive     queue.o
    0x0800635c   0x0800635c   0x0000009a   Code   RO         3859    i.xQueueReceiveFromISR  queue.o
    0x080063f6   0x080063f6   0x00000002   PAD
    0x080063f8   0x080063f8   0x00000178   Code   RO         3860    i.xQueueSemaphoreTake  queue.o
    0x08006570   0x08006570   0x00000040   Code   RO         3861    i.xQueueTakeMutexRecursive  queue.o
    0x080065b0   0x080065b0   0x00000074   Code   RO         4258    i.xTaskCheckForTimeOut  tasks.o
    0x08006624   0x08006624   0x0000005a   Code   RO         4259    i.xTaskCreate       tasks.o
    0x0800667e   0x0800667e   0x00000056   Code   RO         4260    i.xTaskCreateStatic  tasks.o
    0x080066d4   0x080066d4   0x0000000c   Code   RO         4263    i.xTaskGetCurrentTaskHandle  tasks.o
    0x080066e0   0x080066e0   0x0000001c   Code   RO         4264    i.xTaskGetSchedulerState  tasks.o
    0x080066fc   0x080066fc   0x0000000c   Code   RO         4265    i.xTaskGetTickCount  tasks.o
    0x08006708   0x08006708   0x00000010   Code   RO         4266    i.xTaskGetTickCountFromISR  tasks.o
    0x08006718   0x08006718   0x000000c8   Code   RO         4267    i.xTaskIncrementTick  tasks.o
    0x080067e0   0x080067e0   0x00000080   Code   RO         4270    i.xTaskPriorityDisinherit  tasks.o
    0x08006860   0x08006860   0x00000078   Code   RO         4271    i.xTaskPriorityInherit  tasks.o
    0x080068d8   0x080068d8   0x00000070   Code   RO         4272    i.xTaskRemoveFromEventList  tasks.o
    0x08006948   0x08006948   0x000000c4   Code   RO         4273    i.xTaskResumeAll    tasks.o
    0x08006a0c   0x08006a0c   0x00000060   Code   RO         4583    i.xTimerCreateTimerTask  timers.o
    0x08006a6c   0x08006a6c   0x00000068   Code   RO         4584    i.xTimerGenericCommand  timers.o
    0x08006ad4   0x08006ad4   0x0000002c   Code   RO         5474    locale$$code        c_w.l(lc_numeric_c.o)
    0x08006b00   0x08006b00   0x0000002c   Code   RO         5491    locale$$code        c_w.l(lc_ctype_c.o)
    0x08006b2c   0x08006b2c   0x00000062   Code   RO         5331    x$fpl$d2f           fz_ws.l(d2f.o)
    0x08006b8e   0x08006b8e   0x00000002   PAD
    0x08006b90   0x08006b90   0x00000150   Code   RO         5333    x$fpl$dadd          fz_ws.l(daddsub_clz.o)
    0x08006ce0   0x08006ce0   0x00000010   Code   RO         5404    x$fpl$dcheck1       fz_ws.l(dcheck1.o)
    0x08006cf0   0x08006cf0   0x000002b0   Code   RO         5340    x$fpl$ddiv          fz_ws.l(ddiv.o)
    0x08006fa0   0x08006fa0   0x0000002e   Code   RO         5344    x$fpl$dflt          fz_ws.l(dflt_clz.o)
    0x08006fce   0x08006fce   0x00000026   Code   RO         5343    x$fpl$dfltu         fz_ws.l(dflt_clz.o)
    0x08006ff4   0x08006ff4   0x00000154   Code   RO         5349    x$fpl$dmul          fz_ws.l(dmul.o)
    0x08007148   0x08007148   0x0000009c   Code   RO         5406    x$fpl$dnaninf       fz_ws.l(dnaninf.o)
    0x080071e4   0x080071e4   0x0000000c   Code   RO         5408    x$fpl$dretinf       fz_ws.l(dretinf.o)
    0x080071f0   0x080071f0   0x000001d4   Code   RO         5335    x$fpl$dsub          fz_ws.l(daddsub_clz.o)
    0x080073c4   0x080073c4   0x000000c4   Code   RO         5353    x$fpl$fadd          fz_ws.l(faddsub_clz.o)
    0x08007488   0x08007488   0x00000036   Code   RO         5359    x$fpl$ffix          fz_ws.l(ffix.o)
    0x080074be   0x080074be   0x00000002   PAD
    0x080074c0   0x080074c0   0x0000003e   Code   RO         5363    x$fpl$ffixu         fz_ws.l(ffixu.o)
    0x080074fe   0x080074fe   0x00000002   PAD
    0x08007500   0x08007500   0x00000030   Code   RO         5368    x$fpl$fflt          fz_ws.l(fflt_clz.o)
    0x08007530   0x08007530   0x00000026   Code   RO         5367    x$fpl$ffltu         fz_ws.l(fflt_clz.o)
    0x08007556   0x08007556   0x00000002   PAD
    0x08007558   0x08007558   0x00000102   Code   RO         5373    x$fpl$fmul          fz_ws.l(fmul.o)
    0x0800765a   0x0800765a   0x0000008c   Code   RO         5410    x$fpl$fnaninf       fz_ws.l(fnaninf.o)
    0x080076e6   0x080076e6   0x0000000a   Code   RO         5412    x$fpl$fretinf       fz_ws.l(fretinf.o)
    0x080076f0   0x080076f0   0x00000014   Code   RO         5354    x$fpl$frsb          fz_ws.l(faddsub_clz.o)
    0x08007704   0x08007704   0x000000ea   Code   RO         5355    x$fpl$fsub          fz_ws.l(faddsub_clz.o)
    0x080077ee   0x080077ee   0x00000004   Code   RO         5375    x$fpl$printf1       fz_ws.l(printf1.o)
    0x080077f2   0x080077f2   0x00000064   Code   RO         5482    x$fpl$retnan        fz_ws.l(retnan.o)
    0x08007856   0x08007856   0x0000005c   Code   RO         5377    x$fpl$scalbn        fz_ws.l(scalbn.o)
    0x080078b2   0x080078b2   0x00000030   Code   RO         5546    x$fpl$trapveneer    fz_ws.l(trapv.o)
    0x080078e2   0x080078e2   0x00000000   Code   RO         5414    x$fpl$usenofp       fz_ws.l(usenofp.o)
    0x080078e2   0x080078e2   0x00000002   PAD
    0x080078e4   0x080078e4   0x000000f0   Data   RO           26    .constdata          main.o
    0x080079d4   0x080079d4   0x00000010   Data   RO          456    .constdata          system_stm32f1xx.o
    0x080079e4   0x080079e4   0x00000008   Data   RO          457    .constdata          system_stm32f1xx.o
    0x080079ec   0x080079ec   0x00000008   Data   RO          697    .constdata          cli_command_table.o
    0x080079f4   0x080079f4   0x00000008   Data   RO          698    .constdata          cli_command_table.o
    0x080079fc   0x080079fc   0x00000018   Data   RO          699    .constdata          cli_command_table.o
    0x08007a14   0x08007a14   0x00000012   Data   RO         1095    .constdata          stm32f1xx_hal_rcc.o
    0x08007a26   0x08007a26   0x00000011   Data   RO         5299    .constdata          c_w.l(__printf_flags_wp.o)
    0x08007a37   0x08007a37   0x00000001   PAD
    0x08007a38   0x08007a38   0x00000094   Data   RO         5449    .constdata          c_w.l(bigflt0.o)
    0x08007acc   0x08007acc   0x000000ea   Data   RO           27    .conststring        main.o
    0x08007bb6   0x08007bb6   0x00000002   PAD
    0x08007bb8   0x08007bb8   0x00000016   Data   RO          700    .conststring        cli_command_table.o
    0x08007bce   0x08007bce   0x00000002   PAD
    0x08007bd0   0x08007bd0   0x00000036   Data   RO          701    .conststring        cli_command_table.o
    0x08007c06   0x08007c06   0x00000002   PAD
    0x08007c08   0x08007c08   0x00000015   Data   RO          702    .conststring        cli_command_table.o
    0x08007c1d   0x08007c1d   0x00000003   PAD
    0x08007c20   0x08007c20   0x00000020   Data   RO         5629    Region$$Table       anon$$obj.o
    0x08007c40   0x08007c40   0x0000001c   Data   RO         5473    locale$$data        c_w.l(lc_numeric_c.o)
    0x08007c5c   0x08007c5c   0x00000110   Data   RO         5490    locale$$data        c_w.l(lc_ctype_c.o)


    Execution Region RW_IRAM1 (Exec base: 0x20000000, Load base: 0x08007d6c, Size: 0x00002298, Max: 0x00005000, ABSOLUTE)

    Exec Addr    Load Addr    Size         Type   Attr      Idx    E Section Name        Object

    0x20000000   0x08007d6c   0x00000050   Data   RW           28    .data               main.o
    0x20000050   0x08007dbc   0x00000004   Data   RW          458    .data               system_stm32f1xx.o
    0x20000054   0x08007dc0   0x00000002   Data   RW          550    .data               uart.o
    0x20000056   0x08007dc2   0x00000002   PAD
    0x20000058   0x08007dc4   0x00000004   Data   RW          593    .data               sht2x.o
    0x2000005c   0x08007dc8   0x0000000c   Data   RW          932    .data               stm32f1xx_hal.o
    0x20000068   0x08007dd4   0x0000003c   Data   RW         4276    .data               tasks.o
    0x200000a4   0x08007e10   0x00000014   Data   RW         4592    .data               timers.o
    0x200000b8   0x08007e24   0x00000004   Data   RW         4789    .data               cmsis_os2.o
    0x200000bc   0x08007e28   0x00000018   Data   RW         5152    .data               heap_4.o
    0x200000d4   0x08007e40   0x0000000c   Data   RW         5203    .data               port.o
    0x200000e0   0x08007e4c   0x00000004   Data   RW         5313    .data               c_w.l(strtok.o)
    0x200000e4   0x08007e50   0x00000004   PAD
    0x200000e8        -       0x000001a8   Zero   RW           25    .bss                main.o
    0x20000290        -       0x00000048   Zero   RW          418    .bss                stm32f1xx_hal_timebase_tim.o
    0x200002d8        -       0x00000064   Zero   RW          549    .bss                uart.o
    0x2000033c   0x08007e50   0x00000004   PAD
    0x20000340        -       0x00000020   Zero   RW         1638    .bss                stm32f1xx_hal_flash.o
    0x20000360        -       0x00000040   Zero   RW         3862    .bss                queue.o
    0x200003a0        -       0x000004c4   Zero   RW         4275    .bss                tasks.o
    0x20000864        -       0x00000118   Zero   RW         4591    .bss                timers.o
    0x2000097c        -       0x000006b8   Zero   RW         4788    .bss                cmsis_os2.o
    0x20001034        -       0x00000c00   Zero   RW         5151    .bss                heap_4.o
    0x20001c34        -       0x00000060   Zero   RW         5416    .bss                c_w.l(libspace.o)
    0x20001c94   0x08007e50   0x00000004   PAD
    0x20001c98        -       0x00000200   Zero   RW            2    HEAP                startup_stm32f103xb.o
    0x20001e98        -       0x00000400   Zero   RW            1    STACK               startup_stm32f103xb.o


==============================================================================

Image component sizes


      Code (inc. data)   RO Data    RW Data    ZI Data      Debug   Object Name

       100         10          0          0          0       2322   cli_command.o
         0          0        137          0          0        729   cli_command_table.o
      1212         76          0          4       1720      24910   cmsis_os2.o
         0          0          0          0          0      20148   event_groups.o
        72          0          0          0          0       1549   flash.o
         0          0          0          0          0       2632   freertos.o
       460         24          0         24       3072       4603   heap_4.o
       260         12          0          0          0       2634   i2c-lcd.o
       138          0          0          0          0       3330   list.o
      1758        306        474         80        424     458480   main.o
       262          4          0          0          0       2316   mpu6050.o
       662         70          0         12          0      10653   port.o
      2674         28          0          0         64      28984   queue.o
        76         16          0          0          0        545   setrgb.o
       264         16          0          0          0      26852   setscheduler.o
       372         54          0          4          0       5820   sht2x.o
        64         26        236          0       1536        796   startup_stm32f103xb.o
        64         14          0         12          0       4558   stm32f1xx_hal.o
       158         14          0          0          0      28134   stm32f1xx_hal_cortex.o
       222          4          0          0          0       1731   stm32f1xx_hal_dma.o
       392         46          0          0         32       4618   stm32f1xx_hal_flash.o
       240         26          0          0          0       3189   stm32f1xx_hal_flash_ex.o
       490         34          0          0          0       2848   stm32f1xx_hal_gpio.o
      3654         94          0          0          0      17413   stm32f1xx_hal_i2c.o
       444         64          0          0          0       3428   stm32f1xx_hal_msp.o
      1304         94         18          0          0       5653   stm32f1xx_hal_rcc.o
       834         38          0          0          0       7825   stm32f1xx_hal_tim.o
         4          0          0          0          0       1545   stm32f1xx_hal_tim_ex.o
       152         20          0          0         72       1439   stm32f1xx_hal_timebase_tim.o
      1280         10          0          0          0       8676   stm32f1xx_hal_uart.o
        36         12          0          0          0       3351   stm32f1xx_it.o
         0          0          0          0          0       8504   stream_buffer.o
         2          0         24          4          0       1079   system_stm32f1xx.o
      2520        212          0         60       1220      27562   tasks.o
       912         82          0         20        280      25823   timers.o
        80         20          0          2        100       1880   uart.o

    ----------------------------------------------------------------------
     21200       1426        930        224       8524     756559   Object Totals
         0          0         32          0          0          0   (incl. Generated)
        38          0          9          2          4          0   (incl. Padding)

    ----------------------------------------------------------------------

      Code (inc. data)   RO Data    RW Data    ZI Data      Debug   Library Member Name

         8          0          0          0          0         68   __main.o
       312          4         17          0          0         92   __printf_flags_wp.o
        14          0          0          0          0         68   __printf_wp.o
         0          0          0          0          0          0   __rtentry.o
        12          0          0          0          0          0   __rtentry2.o
         6          0          0          0          0          0   __rtentry4.o
        52          8          0          0          0          0   __scatter.o
        26          0          0          0          0          0   __scatter_copy.o
        28          0          0          0          0          0   __scatter_zi.o
        28          0          0          0          0         68   _chval.o
        44          0          0          0          0        108   _printf_char.o
        48          6          0          0          0         96   _printf_char_common.o
         6          0          0          0          0          0   _printf_d.o
       120         16          0          0          0         92   _printf_dec.o
         6          0          0          0          0          0   _printf_f.o
      1054          0          0          0          0        216   _printf_fp_dec.o
       128         16          0          0          0         84   _printf_fp_infnan.o
       178          0          0          0          0         88   _printf_intcommon.o
        78          0          0          0          0        108   _printf_pad.o
         0          0          0          0          0          0   _printf_percent.o
         4          0          0          0          0          0   _printf_percent_end.o
         6          0          0          0          0          0   _printf_s.o
        82          0          0          0          0         80   _printf_str.o
        10          0          0          0          0         68   _sputc.o
       158          0          0          0          0         92   _strtoul.o
        16          0          0          0          0         68   aeabi_memset.o
        26          0          0          0          0         80   atoi.o
       228          4        148          0          0         96   bigflt0.o
      1936        128          0          0          0        672   btod.o
        18          0          0          0          0         80   exit.o
         6          0          0          0          0        152   heapauxi.o
         0          0          0          0          0          0   indicate_semi.o
        44         10        272          0          0         76   lc_ctype_c.o
        44         10         28          0          0         76   lc_numeric_c.o
         2          0          0          0          0          0   libinit.o
        30          0          0          0          0          0   libinit2.o
         2          0          0          0          0          0   libshutdown.o
         2          0          0          0          0          0   libshutdown2.o
         8          4          0          0         96         68   libspace.o
       138          0          0          0          0         80   lludiv10.o
        38          0          0          0          0         68   llushr.o
        40          6          0          0          0         84   noretval__2sprintf.o
        16          4          0          0          0         76   rt_ctype_table.o
         8          4          0          0          0         68   rt_errno_addr_intlibspace.o
         8          4          0          0          0         68   rt_locale_intlibspace.o
        68          0          0          0          0         68   rt_memclr.o
        78          0          0          0          0         80   rt_memclr_w.o
       138          0          0          0          0         68   rt_memcpy_v6.o
       100          0          0          0          0         80   rt_memcpy_w.o
         2          0          0          0          0          0   rtexit.o
        10          0          0          0          0          0   rtexit2.o
       128          0          0          0          0         68   strcmpv7m.o
        32          0          0          0          0         80   strcspn.o
        62          0          0          0          0         76   strlen.o
        28          0          0          0          0         80   strspn.o
        12          6          0          4          0         68   strtok.o
        68          4          0          0          0         84   strtok_int.o
       112          0          0          0          0         88   strtol.o
        12          4          0          0          0         68   sys_exit.o
        74          0          0          0          0         80   sys_stackheap_outer.o
         2          0          0          0          0         68   use_no_semi.o
        98          4          0          0          0         92   d2f.o
       804         16          0          0          0        272   daddsub_clz.o
        16          4          0          0          0         68   dcheck1.o
       688        140          0          0          0        208   ddiv.o
        84          0          0          0          0        136   dflt_clz.o
       340         12          0          0          0        104   dmul.o
       156          4          0          0          0         92   dnaninf.o
        12          0          0          0          0         68   dretinf.o
       450          8          0          0          0        236   faddsub_clz.o
        54          4          0          0          0         84   ffix.o
        62          4          0          0          0         84   ffixu.o
        86          0          0          0          0        136   fflt_clz.o
       258          4          0          0          0         84   fmul.o
       140          4          0          0          0         84   fnaninf.o
        10          0          0          0          0         68   fretinf.o
         4          0          0          0          0         68   printf1.o
       100          0          0          0          0         68   retnan.o
        92          0          0          0          0         68   scalbn.o
        48          0          0          0          0         68   trapv.o
         0          0          0          0          0          0   usenofp.o
        40          0          0          0          0         68   fpclassify.o

    ----------------------------------------------------------------------
      9512        442        466          4        104       6352   Library Totals
        26          0          1          0          8          0   (incl. Padding)

    ----------------------------------------------------------------------

      Code (inc. data)   RO Data    RW Data    ZI Data      Debug   Library Name

      5944        238        465          4         96       4196   c_w.l
      3502        204          0          0          0       2088   fz_ws.l
        40          0          0          0          0         68   m_ws.l

    ----------------------------------------------------------------------
      9512        442        466          4        104       6352   Library Totals

    ----------------------------------------------------------------------

==============================================================================


      Code (inc. data)   RO Data    RW Data    ZI Data      Debug   

     30712       1868       1396        228       8628     748503   Grand Totals
     30712       1868       1396        228       8628     748503   ELF Image Totals
     30712       1868       1396        228          0          0   ROM Totals

==============================================================================

    Total RO  Size (Code + RO Data)                32108 (  31.36kB)
    Total RW  Size (RW Data + ZI Data)              8856 (   8.65kB)
    Total ROM Size (Code + RO Data + RW Data)      32336 (  31.58kB)

==============================================================================

