Component: Arm Compiler for Embedded 6.21 Tool: armlink [5ec1fa00]

==============================================================================

Section Cross References

    startup_stm32f103xb.o(STACK) refers (Special) to heapauxi.o(.text) for __use_two_region_memory
    startup_stm32f103xb.o(HEAP) refers (Special) to heapauxi.o(.text) for __use_two_region_memory
    startup_stm32f103xb.o(RESET) refers (Special) to heapauxi.o(.text) for __use_two_region_memory
    startup_stm32f103xb.o(RESET) refers to startup_stm32f103xb.o(STACK) for __initial_sp
    startup_stm32f103xb.o(RESET) refers to startup_stm32f103xb.o(.text) for Reset_Handler
    startup_stm32f103xb.o(RESET) refers to stm32f1xx_it.o(.text.NMI_Handler) for NMI_Handler
    startup_stm32f103xb.o(RESET) refers to stm32f1xx_it.o(.text.HardFault_Handler) for HardFault_Handler
    startup_stm32f103xb.o(RESET) refers to stm32f1xx_it.o(.text.MemManage_Handler) for MemManage_Handler
    startup_stm32f103xb.o(RESET) refers to stm32f1xx_it.o(.text.BusFault_Handler) for BusFault_Handler
    startup_stm32f103xb.o(RESET) refers to stm32f1xx_it.o(.text.UsageFault_Handler) for UsageFault_Handler
    startup_stm32f103xb.o(RESET) refers to stm32f1xx_it.o(.text.SVC_Handler) for SVC_Handler
    startup_stm32f103xb.o(RESET) refers to stm32f1xx_it.o(.text.DebugMon_Handler) for DebugMon_Handler
    startup_stm32f103xb.o(RESET) refers to stm32f1xx_it.o(.text.PendSV_Handler) for PendSV_Handler
    startup_stm32f103xb.o(RESET) refers to stm32f1xx_it.o(.text.SysTick_Handler) for SysTick_Handler
    startup_stm32f103xb.o(RESET) refers to stm32f1xx_it.o(.text.USART1_IRQHandler) for USART1_IRQHandler
    startup_stm32f103xb.o(.text) refers (Special) to heapauxi.o(.text) for __use_two_region_memory
    startup_stm32f103xb.o(.text) refers to system_stm32f1xx.o(.text.SystemInit) for SystemInit
    startup_stm32f103xb.o(.text) refers to __main.o(!!!main) for __main
    startup_stm32f103xb.o(.text) refers to startup_stm32f103xb.o(HEAP) for Heap_Mem
    startup_stm32f103xb.o(.text) refers to startup_stm32f103xb.o(STACK) for Stack_Mem
    i2c-lcd.o(.text.lcd_send_cmd) refers to main.o(.bss.hi2c1) for hi2c1
    i2c-lcd.o(.text.lcd_send_cmd) refers to stm32f1xx_hal_i2c.o(.text.HAL_I2C_Master_Transmit) for HAL_I2C_Master_Transmit
    i2c-lcd.o(.ARM.exidx.text.lcd_send_cmd) refers to i2c-lcd.o(.text.lcd_send_cmd) for [Anonymous Symbol]
    i2c-lcd.o(.text.lcd_send_data) refers to main.o(.bss.hi2c1) for hi2c1
    i2c-lcd.o(.text.lcd_send_data) refers to stm32f1xx_hal_i2c.o(.text.HAL_I2C_Master_Transmit) for HAL_I2C_Master_Transmit
    i2c-lcd.o(.ARM.exidx.text.lcd_send_data) refers to i2c-lcd.o(.text.lcd_send_data) for [Anonymous Symbol]
    i2c-lcd.o(.text.lcd_init) refers to main.o(.bss.hi2c1) for hi2c1
    i2c-lcd.o(.text.lcd_init) refers to stm32f1xx_hal_i2c.o(.text.HAL_I2C_Master_Transmit) for HAL_I2C_Master_Transmit
    i2c-lcd.o(.text.lcd_init) refers to stm32f1xx_hal.o(.text.HAL_Delay) for HAL_Delay
    i2c-lcd.o(.ARM.exidx.text.lcd_init) refers to i2c-lcd.o(.text.lcd_init) for [Anonymous Symbol]
    i2c-lcd.o(.text.lcd_send_string) refers to main.o(.bss.hi2c1) for hi2c1
    i2c-lcd.o(.text.lcd_send_string) refers to stm32f1xx_hal_i2c.o(.text.HAL_I2C_Master_Transmit) for HAL_I2C_Master_Transmit
    i2c-lcd.o(.ARM.exidx.text.lcd_send_string) refers to i2c-lcd.o(.text.lcd_send_string) for [Anonymous Symbol]
    i2c-lcd.o(.text.lcd_clear_display) refers to main.o(.bss.hi2c1) for hi2c1
    i2c-lcd.o(.text.lcd_clear_display) refers to stm32f1xx_hal_i2c.o(.text.HAL_I2C_Master_Transmit) for HAL_I2C_Master_Transmit
    i2c-lcd.o(.ARM.exidx.text.lcd_clear_display) refers to i2c-lcd.o(.text.lcd_clear_display) for [Anonymous Symbol]
    i2c-lcd.o(.text.lcd_goto_XY) refers to main.o(.bss.hi2c1) for hi2c1
    i2c-lcd.o(.text.lcd_goto_XY) refers to stm32f1xx_hal_i2c.o(.text.HAL_I2C_Master_Transmit) for HAL_I2C_Master_Transmit
    i2c-lcd.o(.ARM.exidx.text.lcd_goto_XY) refers to i2c-lcd.o(.text.lcd_goto_XY) for [Anonymous Symbol]
    mpu6050.o(.text.MPU6050_Init) refers to stm32f1xx_hal_i2c.o(.text.HAL_I2C_Mem_Read) for HAL_I2C_Mem_Read
    mpu6050.o(.text.MPU6050_Init) refers to stm32f1xx_hal_i2c.o(.text.HAL_I2C_Mem_Write) for HAL_I2C_Mem_Write
    mpu6050.o(.ARM.exidx.text.MPU6050_Init) refers to mpu6050.o(.text.MPU6050_Init) for [Anonymous Symbol]
    mpu6050.o(.text.MPU6050_Read_Accel) refers to stm32f1xx_hal_i2c.o(.text.HAL_I2C_Mem_Read) for HAL_I2C_Mem_Read
    mpu6050.o(.text.MPU6050_Read_Accel) refers to dflt_clz.o(x$fpl$dflt) for __aeabi_i2d
    mpu6050.o(.text.MPU6050_Read_Accel) refers to dmul.o(x$fpl$dmul) for __aeabi_dmul
    mpu6050.o(.text.MPU6050_Read_Accel) refers to ddiv.o(x$fpl$ddiv) for __aeabi_ddiv
    mpu6050.o(.ARM.exidx.text.MPU6050_Read_Accel) refers to mpu6050.o(.text.MPU6050_Read_Accel) for [Anonymous Symbol]
    mpu6050.o(.text.MPU6050_Read_Gyro) refers to stm32f1xx_hal_i2c.o(.text.HAL_I2C_Mem_Read) for HAL_I2C_Mem_Read
[...]
    _printf_llo                              0x080001eb   Thumb Code     0  _printf_llo.o(.ARM.Collect$$_printf_percent$$00000010)
    _printf_llx                              0x080001f1   Thumb Code     0  _printf_llx.o(.ARM.Collect$$_printf_percent$$00000011)
    _printf_l                                0x080001f7   Thumb Code     0  _printf_l.o(.ARM.Collect$$_printf_percent$$00000012)
    _printf_c                                0x08000201   Thumb Code     0  _printf_c.o(.ARM.Collect$$_printf_percent$$00000013)
    _printf_s                                0x08000207   Thumb Code     0  _printf_s.o(.ARM.Collect$$_printf_percent$$00000014)
    _printf_lc                               0x0800020d   Thumb Code     0  _printf_lc.o(.ARM.Collect$$_printf_percent$$00000015)
    _printf_ls                               0x08000213   Thumb Code     0  _printf_ls.o(.ARM.Collect$$_printf_percent$$00000016)
    _printf_percent_end                      0x08000219   Thumb Code     0  _printf_percent_end.o(.ARM.Collect$$_printf_percent$$00000017)
    __rt_lib_init                            0x0800021d   Thumb Code     0  libinit.o(.ARM.Collect$$libinit$$00000000)
    __rt_lib_init_fp_1                       0x0800021f   Thumb Code     0  libinit2.o(.ARM.Collect$$libinit$$00000002)
    __rt_lib_init_heap_1                     0x0800021f   Thumb Code     0  libinit2.o(.ARM.Collect$$libinit$$0000000C)
    __rt_lib_init_lc_common                  0x0800021f   Thumb Code     0  libinit2.o(.ARM.Collect$$libinit$$00000011)
    __rt_lib_init_preinit_1                  0x0800021f   Thumb Code     0  libinit2.o(.ARM.Collect$$libinit$$00000006)
    __rt_lib_init_rand_1                     0x0800021f   Thumb Code     0  libinit2.o(.ARM.Collect$$libinit$$00000010)
    __rt_lib_init_relocate_pie_1             0x0800021f   Thumb Code     0  libinit2.o(.ARM.Collect$$libinit$$00000004)
    __rt_lib_init_user_alloc_1               0x0800021f   Thumb Code     0  libinit2.o(.ARM.Collect$$libinit$$0000000E)
    __rt_lib_init_lc_collate_1               0x08000225   Thumb Code     0  libinit2.o(.ARM.Collect$$libinit$$00000013)
    __rt_lib_init_lc_ctype_2                 0x08000225   Thumb Code     0  libinit2.o(.ARM.Collect$$libinit$$00000014)
    __rt_lib_init_lc_ctype_1                 0x08000231   Thumb Code     0  libinit2.o(.ARM.Collect$$libinit$$00000015)
    __rt_lib_init_lc_monetary_1              0x08000231   Thumb Code     0  libinit2.o(.ARM.Collect$$libinit$$00000017)
    __rt_lib_init_lc_numeric_2               0x08000231   Thumb Code     0  libinit2.o(.ARM.Collect$$libinit$$00000018)
    __rt_lib_init_alloca_1                   0x0800023b   Thumb Code     0  libinit2.o(.ARM.Collect$$libinit$$00000030)
    __rt_lib_init_argv_1                     0x0800023b   Thumb Code     0  libinit2.o(.ARM.Collect$$libinit$$0000002E)
    __rt_lib_init_atexit_1                   0x0800023b   Thumb Code     0  libinit2.o(.ARM.Collect$$libinit$$0000001D)
    __rt_lib_init_clock_1                    0x0800023b   Thumb Code     0  libinit2.o(.ARM.Collect$$libinit$$00000023)
    __rt_lib_init_cpp_1                      0x0800023b   Thumb Code     0  libinit2.o(.ARM.Collect$$libinit$$00000034)
    __rt_lib_init_exceptions_1               0x0800023b   Thumb Code     0  libinit2.o(.ARM.Collect$$libinit$$00000032)
    __rt_lib_init_fp_trap_1                  0x0800023b   Thumb Code     0  libinit2.o(.ARM.Collect$$libinit$$00000021)
    __rt_lib_init_getenv_1                   0x0800023b   Thumb Code     0  libinit2.o(.ARM.Collect$$libinit$$00000025)
    __rt_lib_init_lc_numeric_1               0x0800023b   Thumb Code     0  libinit2.o(.ARM.Collect$$libinit$$00000019)
    __rt_lib_init_lc_time_1                  0x0800023b   Thumb Code     0  libinit2.o(.ARM.Collect$$libinit$$0000001B)
    __rt_lib_init_return                     0x0800023b   Thumb Code     0  libinit2.o(.ARM.Collect$$libinit$$00000035)
    __rt_lib_init_signal_1                   0x0800023b   Thumb Code     0  libinit2.o(.ARM.Collect$$libinit$$0000001F)
    __rt_lib_init_stdio_1                    0x0800023b   Thumb Code     0  libinit2.o(.ARM.Collect$$libinit$$00000027)
    __rt_lib_shutdown                        0x0800023d   Thumb Code     0  libshutdown.o(.ARM.Collect$$libshutdown$$00000000)
    __rt_lib_shutdown_cpp_1                  0x0800023f   Thumb Code     0  libshutdown2.o(.ARM.Collect$$libshutdown$$00000002)
    __rt_lib_shutdown_fp_trap_1              0x0800023f   Thumb Code     0  libshutdown2.o(.ARM.Collect$$libshutdown$$00000007)
    __rt_lib_shutdown_heap_1                 0x0800023f   Thumb Code     0  libshutdown2.o(.ARM.Collect$$libshutdown$$0000000F)
    __rt_lib_shutdown_return                 0x0800023f   Thumb Code     0  libshutdown2.o(.ARM.Collect$$libshutdown$$00000010)
    __rt_lib_shutdown_signal_1               0x0800023f   Thumb Code     0  libshutdown2.o(.ARM.Collect$$libshutdown$$0000000A)
    __rt_lib_shutdown_stdio_1                0x0800023f   Thumb Code     0  libshutdown2.o(.ARM.Collect$$libshutdown$$00000004)
    __rt_lib_shutdown_user_alloc_1           0x0800023f   Thumb Code     0  libshutdown2.o(.ARM.Collect$$libshutdown$$0000000C)
    __rt_entry                               0x08000241   Thumb Code     0  __rtentry.o(.ARM.Collect$$rtentry$$00000000)
    __rt_entry_presh_1                       0x08000241   Thumb Code     0  __rtentry2.o(.ARM.Collect$$rtentry$$00000002)
    __rt_entry_sh                            0x08000241   Thumb Code     0  __rtentry4.o(.ARM.Collect$$rtentry$$00000004)
    __rt_entry_li                            0x08000247   Thumb Code     0  __rtentry2.o(.ARM.Collect$$rtentry$$0000000A)
    __rt_entry_postsh_1                      0x08000247   Thumb Code     0  __rtentry2.o(.ARM.Collect$$rtentry$$00000009)
    __rt_entry_main                          0x0800024b   Thumb Code     0  __rtentry2.o(.ARM.Collect$$rtentry$$0000000D)
    __rt_entry_postli_1                      0x0800024b   Thumb Code     0  __rtentry2.o(.ARM.Collect$$rtentry$$0000000C)
    __rt_exit                                0x08000253   Thumb Code     0  rtexit.o(.ARM.Collect$$rtexit$$00000000)
    __rt_exit_ls                             0x08000255   Thumb Code     0  rtexit2.o(.ARM.Collect$$rtexit$$00000003)
    __rt_exit_prels_1                        0x08000255   Thumb Code     0  rtexit2.o(.ARM.Collect$$rtexit$$00000002)
    __rt_exit_exit                           0x08000259   Thumb Code     0  rtexit2.o(.ARM.Collect$$rtexit$$00000004)
    Reset_Handler                            0x08000261   Thumb Code     8  startup_stm32f103xb.o(.text)
    ADC1_2_IRQHandler                        0x0800027b   Thumb Code     0  startup_stm32f103xb.o(.text)
    CAN1_RX1_IRQHandler                      0x0800027b   Thumb Code     0  startup_stm32f103xb.o(.text)
    CAN1_SCE_IRQHandler                      0x0800027b   Thumb Code     0  startup_stm32f103xb.o(.text)
    DMA1_Channel1_IRQHandler                 0x0800027b   Thumb Code     0  startup_stm32f103xb.o(.text)
    DMA1_Channel2_IRQHandler                 0x0800027b   Thumb Code     0  startup_stm32f103xb.o(.text)
    DMA1_Channel3_IRQHandler                 0x0800027b   Thumb Code     0  startup_stm32f103xb.o(.text)
    DMA1_Channel4_IRQHandler                 0x0800027b   Thumb Code     0  startup_stm32f103xb.o(.text)
    DMA1_Channel5_IRQHandler                 0x0800027b   Thumb Code     0  startup_stm32f103xb.o(.text)
    DMA1_Channel6_IRQHandler                 0x0800027b   Thumb Code     0  startup_stm32f103xb.o(.text)
    DMA1_Channel7_IRQHandler                 0x0800027b   Thumb Code     0  startup_stm32f103xb.o(.text)
    EXTI0_IRQHandler                         0x0800027b   Thumb Code     0  startup_stm32f103xb.o(.text)
    EXTI15_10_IRQHandler                     0x0800027b   Thumb Code     0  startup_stm32f103xb.o(.text)
    EXTI1_IRQHandler                         0x0800027b   Thumb Code     0  startup_stm32f103xb.o(.text)
    EXTI2_IRQHandler                         0x0800027b   Thumb Code     0  startup_stm32f103xb.o(.text)
    EXTI3_IRQHandler                         0x0800027b   Thumb Code     0  startup_stm32f103xb.o(.text)
    EXTI4_IRQHandler                         0x0800027b   Thumb Code     0  startup_stm32f103xb.o(.text)
    EXTI9_5_IRQHandler                       0x0800027b   Thumb Code     0  startup_stm32f103xb.o(.text)
    FLASH_IRQHandler                         0x0800027b   Thumb Code     0  startup_stm32f103xb.o(.text)
    I2C1_ER_IRQHandler                       0x0800027b   Thumb Code     0  startup_stm32f103xb.o(.text)
    I2C1_EV_IRQHandler                       0x0800027b   Thumb Code     0  startup_stm32f103xb.o(.text)
    I2C2_ER_IRQHandler                       0x0800027b   Thumb Code     0  startup_stm32f103xb.o(.text)
    I2C2_EV_IRQHandler                       0x0800027b   Thumb Code     0  startup_stm32f103xb.o(.text)
    PVD_IRQHandler                           0x0800027b   Thumb Code     0  startup_stm32f103xb.o(.text)
    RCC_IRQHandler                           0x0800027b   Thumb Code     0  startup_stm32f103xb.o(.text)
    RTC_Alarm_IRQHandler                     0x0800027b   Thumb Code     0  startup_stm32f103xb.o(.text)
    RTC_IRQHandler                           0x0800027b   Thumb Code     0  startup_stm32f103xb.o(.text)
    SPI1_IRQHandler                          0x0800027b   Thumb Code     0  startup_stm32f103xb.o(.text)
    SPI2_IRQHandler                          0x0800027b   Thumb Code     0  startup_stm32f103xb.o(.text)
    TAMPER_IRQHandler                        0x0800027b   Thumb Code     0  startup_stm32f103xb.o(.text)
    TIM1_BRK_IRQHandler                      0x0800027b   Thumb Code     0  startup_stm32f103xb.o(.text)
    TIM1_CC_IRQHandler                       0x0800027b   Thumb Code     0  startup_stm32f103xb.o(.text)
    TIM1_TRG_COM_IRQHandler                  0x0800027b   Thumb Code     0  startup_stm32f103xb.o(.text)
    TIM1_UP_IRQHandler                       0x0800027b   Thumb Code     0  startup_stm32f103xb.o(.text)
    TIM2_IRQHandler                          0x0800027b   Thumb Code     0  startup_stm32f103xb.o(.text)
    TIM3_IRQHandler                          0x0800027b   Thumb Code     0  startup_stm32f103xb.o(.text)
    TIM4_IRQHandler                          0x0800027b   Thumb Code     0  startup_stm32f103xb.o(.text)
    USART2_IRQHandler                        0x0800027b   Thumb Code     0  startup_stm32f103xb.o(.text)
    USART3_IRQHandler                        0x0800027b   Thumb Code     0  startup_stm32f103xb.o(.text)
    USBWakeUp_IRQHandler                     0x0800027b   Thumb Code     0  startup_stm32f103xb.o(.text)
    USB_HP_CAN1_TX_IRQHandler                0x0800027b   Thumb Code     0  startup_stm32f103xb.o(.text)
    USB_LP_CAN1_RX0_IRQHandler               0x0800027b   Thumb Code     0  startup_stm32f103xb.o(.text)
    WWDG_IRQHandler                          0x0800027b   Thumb Code     0  startup_stm32f103xb.o(.text)
    __user_initial_stackheap                 0x0800027d   Thumb Code     0  startup_stm32f103xb.o(.text)
    vsprintf                                 0x080002a1   Thumb Code    32  vsprintf.o(.text)
    __2sprintf                               0x080002c5   Thumb Code    38  __2sprintf.o(.text)
    _printf_int_dec                          0x080002f1   Thumb Code   104  _printf_dec.o(.text)
    __printf                                 0x08000369   Thumb Code   388  __printf_flags_ss_wp.o(.text)
    atoi                                     0x080004f1   Thumb Code    26  atoi.o(.text)
    strtok                                   0x0800050d   Thumb Code     6  strtok.o(.text)
    strlen                                   0x08000519   Thumb Code    62  strlen.o(.text)
    __aeabi_memclr4                          0x08000557   Thumb Code     0  rt_memclr_w.o(.text)
    __aeabi_memclr8                          0x08000557   Thumb Code     0  rt_memclr_w.o(.text)
    __rt_memclr_w                            0x08000557   Thumb Code     0  rt_memclr_w.o(.text)
    _memset_w                                0x0800055b   Thumb Code    74  rt_memclr_w.o(.text)
    strcmp                                   0x080005a5   Thumb Code   128  strcmpv7m.o(.text)
    __use_two_region_memory                  0x08000625   Thumb Code     2  heapauxi.o(.text)
    __rt_heap_escrow$2region                 0x08000627   Thumb Code     2  heapauxi.o(.text)
    __rt_heap_expand$2region                 0x08000629   Thumb Code     2  heapauxi.o(.text)
    __aeabi_errno_addr                       0x0800062d   Thumb Code     8  rt_errno_addr_intlibspace.o(.text)
    __errno$intlibspace                      0x0800062d   Thumb Code     0  rt_errno_addr_intlibspace.o(.text)
    __rt_errno_addr$intlibspace              0x0800062d   Thumb Code     0  rt_errno_addr_intlibspace.o(.text)
    __read_errno                             0x08000635   Thumb Code    10  _rserrno.o(.text)
    __set_errno                              0x0800063f   Thumb Code    12  _rserrno.o(.text)
    _printf_pre_padding                      0x0800064b   Thumb Code    44  _printf_pad.o(.text)
    _printf_post_padding                     0x08000677   Thumb Code    34  _printf_pad.o(.text)
    _printf_truncate_signed                  0x08000699   Thumb Code    18  _printf_truncate.o(.text)
    _printf_truncate_unsigned                0x080006ab   Thumb Code    18  _printf_truncate.o(.text)
    _printf_str                              0x080006bd   Thumb Code    82  _printf_str.o(.text)
    _printf_int_common                       0x0800070f   Thumb Code   178  _printf_intcommon.o(.text)
    _printf_charcount                        0x080007c1   Thumb Code    40  _printf_charcount.o(.text)
    _printf_fp_dec_real                      0x08000999   Thumb Code   620  _printf_fp_dec.o(.text)
    _printf_char_common                      0x08000c0f   Thumb Code    32  _printf_char_common.o(.text)
    _sputc                                   0x08000c35   Thumb Code    10  _sputc.o(.text)
    _printf_wctomb                           0x08000c41   Thumb Code   182  _printf_wctomb.o(.text)
    _printf_longlong_dec                     0x08000cfd   Thumb Code   108  _printf_longlong_dec.o(.text)
    _printf_longlong_oct                     0x08000d79   Thumb Code    68  _printf_oct_int_ll.o(.text)
    _printf_int_oct                          0x08000dbd   Thumb Code    24  _printf_oct_int_ll.o(.text)
    _printf_ll_oct                           0x08000dd5   Thumb Code    12  _printf_oct_int_ll.o(.text)
    _printf_longlong_hex                     0x08000de9   Thumb Code    86  _printf_hex_int_ll_ptr.o(.text)
    _printf_int_hex                          0x08000e3f   Thumb Code    28  _printf_hex_int_ll_ptr.o(.text)
    _printf_ll_hex                           0x08000e5b   Thumb Code    12  _printf_hex_int_ll_ptr.o(.text)
    _printf_hex_ptr                          0x08000e67   Thumb Code    18  _printf_hex_int_ll_ptr.o(.text)
    strtol                                   0x08000e7d   Thumb Code   112  strtol.o(.text)
    __strtok_internal                        0x08000eed   Thumb Code    64  strtok_int.o(.text)
    __user_libspace                          0x08000f31   Thumb Code     8  libspace.o(.text)
    __user_perproc_libspace                  0x08000f31   Thumb Code     0  libspace.o(.text)
    __user_perthread_libspace                0x08000f31   Thumb Code     0  libspace.o(.text)
    __rt_ctype_table                         0x08000f39   Thumb Code    16  rt_ctype_table.o(.text)
    __rt_locale                              0x08000f49   Thumb Code     8  rt_locale_intlibspace.o(.text)
    _ll_udiv10                               0x08000f51   Thumb Code   138  lludiv10.o(.text)
    _printf_fp_hex_real                      0x08000fdd   Thumb Code   756  _printf_fp_hex.o(.text)
    _printf_fp_infnan                        0x080012d9   Thumb Code   112  _printf_fp_infnan.o(.text)
    _printf_cs_common                        0x08001359   Thumb Code    20  _printf_char.o(.text)
    _printf_char                             0x0800136d   Thumb Code    16  _printf_char.o(.text)
    _printf_string                           0x0800137d   Thumb Code     8  _printf_char.o(.text)
    _printf_lcs_common                       0x08001385   Thumb Code    20  _printf_wchar.o(.text)
    _printf_wchar                            0x08001399   Thumb Code    16  _printf_wchar.o(.text)
    _printf_wstring                          0x080013a9   Thumb Code     8  _printf_wchar.o(.text)
    _strtoul                                 0x080013b1   Thumb Code   158  _strtoul.o(.text)
    _btod_etento                             0x08001451   Thumb Code   224  bigflt0.o(.text)
    _c16rtomb                                0x08001535   Thumb Code    72  _c16rtomb.o(.text)
    _wcrtomb                                 0x08001535   Thumb Code     0  _c16rtomb.o(.text)
    strcspn                                  0x0800157d   Thumb Code    32  strcspn.o(.text)
    strspn                                   0x0800159d   Thumb Code    28  strspn.o(.text)
    __user_setup_stackheap                   0x080015b9   Thumb Code    74  sys_stackheap_outer.o(.text)
    _chval                                   0x08001603   Thumb Code    28  _chval.o(.text)
    exit                                     0x0800161f   Thumb Code    18  exit.o(.text)
    _sys_exit                                0x08001631   Thumb Code     8  sys_exit.o(.text)
    __I$use$semihosting                      0x0800163d   Thumb Code     0  use_no_semi.o(.text)
    __use_no_semihosting_swi                 0x0800163d   Thumb Code     2  use_no_semi.o(.text)
    __semihosting_library_function           0x0800163f   Thumb Code     0  indicate_semi.o(.text)
    BusFault_Handler                         0x08001641   Thumb Code     2  stm32f1xx_it.o(.text.BusFault_Handler)
    DebugMon_Handler                         0x08001645   Thumb Code     2  stm32f1xx_it.o(.text.DebugMon_Handler)
    FLASH_WaitForLastOperation               0x08001649   Thumb Code   224  stm32f1xx_hal_flash.o(.text.FLASH_WaitForLastOperation)
    Flash_Erase                              0x08001729   Thumb Code    38  flash.o(.text.Flash_Erase)
    Flash_Read_Int                           0x08001751   Thumb Code     4  flash.o(.text.Flash_Read_Int)
    Flash_Write_Int                          0x08001755   Thumb Code    30  flash.o(.text.Flash_Write_Int)
    HAL_DMA_Abort                            0x08001775   Thumb Code    70  stm32f1xx_hal_dma.o(.text.HAL_DMA_Abort)
    HAL_DMA_Abort_IT                         0x080017bd   Thumb Code   180  stm32f1xx_hal_dma.o(.text.HAL_DMA_Abort_IT)
    HAL_Delay                                0x08001871   Thumb Code    40  stm32f1xx_hal.o(.text.HAL_Delay)
    HAL_FLASHEx_Erase                        0x08001899   Thumb Code   238  stm32f1xx_hal_flash_ex.o(.text.HAL_FLASHEx_Erase)
    HAL_FLASH_Lock                           0x08001989   Thumb Code    20  stm32f1xx_hal_flash.o(.text.HAL_FLASH_Lock)
    HAL_FLASH_Program                        0x0800199d   Thumb Code   172  stm32f1xx_hal_flash.o(.text.HAL_FLASH_Program)
    HAL_FLASH_Unlock                         0x08001a49   Thumb Code    46  stm32f1xx_hal_flash.o(.text.HAL_FLASH_Unlock)
    HAL_GPIO_Init                            0x08001a79   Thumb Code   526  stm32f1xx_hal_gpio.o(.text.HAL_GPIO_Init)
    HAL_GPIO_WritePin                        0x08001c89   Thumb Code    10  stm32f1xx_hal_gpio.o(.text.HAL_GPIO_WritePin)
    HAL_GetTick                              0x08001c95   Thumb Code    12  stm32f1xx_hal.o(.text.HAL_GetTick)
    HAL_I2C_Init                             0x08001ca1   Thumb Code   356  stm32f1xx_hal_i2c.o(.text.HAL_I2C_Init)
    HAL_I2C_Master_Receive                   0x08001e05   Thumb Code  1028  stm32f1xx_hal_i2c.o(.text.HAL_I2C_Master_Receive)
    HAL_I2C_Master_Transmit                  0x08002209   Thumb Code   476  stm32f1xx_hal_i2c.o(.text.HAL_I2C_Master_Transmit)
    HAL_I2C_Mem_Read                         0x080023e5   Thumb Code   838  stm32f1xx_hal_i2c.o(.text.HAL_I2C_Mem_Read)
    HAL_I2C_Mem_Write                        0x0800272d   Thumb Code   348  stm32f1xx_hal_i2c.o(.text.HAL_I2C_Mem_Write)
    HAL_I2C_MspInit                          0x08002889   Thumb Code    98  stm32f1xx_hal_msp.o(.text.HAL_I2C_MspInit)
    HAL_IncTick                              0x080028ed   Thumb Code    26  stm32f1xx_hal.o(.text.HAL_IncTick)
    HAL_Init                                 0x08002909   Thumb Code    38  stm32f1xx_hal.o(.text.HAL_Init)
    HAL_InitTick                             0x08002931   Thumb Code    72  stm32f1xx_hal.o(.text.HAL_InitTick)
    HAL_MspInit                              0x08002979   Thumb Code    66  stm32f1xx_hal_msp.o(.text.HAL_MspInit)
    HAL_NVIC_EnableIRQ                       0x080029bd   Thumb Code    34  stm32f1xx_hal_cortex.o(.text.HAL_NVIC_EnableIRQ)
    HAL_NVIC_SetPriority                     0x080029e1   Thumb Code    86  stm32f1xx_hal_cortex.o(.text.HAL_NVIC_SetPriority)
    HAL_NVIC_SetPriorityGrouping             0x08002a39   Thumb Code    32  stm32f1xx_hal_cortex.o(.text.HAL_NVIC_SetPriorityGrouping)
    HAL_RCC_ClockConfig                      0x08002a59   Thumb Code   450  stm32f1xx_hal_rcc.o(.text.HAL_RCC_ClockConfig)
    HAL_RCC_GetPCLK1Freq                     0x08002c1d   Thumb Code    38  stm32f1xx_hal_rcc.o(.text.HAL_RCC_GetPCLK1Freq)
    HAL_RCC_GetPCLK2Freq                     0x08002c45   Thumb Code    38  stm32f1xx_hal_rcc.o(.text.HAL_RCC_GetPCLK2Freq)
    HAL_RCC_OscConfig                        0x08002c6d   Thumb Code  1024  stm32f1xx_hal_rcc.o(.text.HAL_RCC_OscConfig)
    HAL_SYSTICK_Config                       0x0800306d   Thumb Code    44  stm32f1xx_hal_cortex.o(.text.HAL_SYSTICK_Config)
    HAL_TIMEx_MasterConfigSynchronization    0x08003099   Thumb Code   126  stm32f1xx_hal_tim_ex.o(.text.HAL_TIMEx_MasterConfigSynchronization)
    HAL_TIM_MspPostInit                      0x08003119   Thumb Code    74  stm32f1xx_hal_msp.o(.text.HAL_TIM_MspPostInit)
    HAL_TIM_PWM_ConfigChannel                0x08003165   Thumb Code   510  stm32f1xx_hal_tim.o(.text.HAL_TIM_PWM_ConfigChannel)
    HAL_TIM_PWM_Init                         0x08003365   Thumb Code   236  stm32f1xx_hal_tim.o(.text.HAL_TIM_PWM_Init)
    HAL_TIM_PWM_MspInit                      0x08003451   Thumb Code    42  stm32f1xx_hal_msp.o(.text.HAL_TIM_PWM_MspInit)
    HAL_TIM_PWM_Start                        0x0800347d   Thumb Code   218  stm32f1xx_hal_tim.o(.text.HAL_TIM_PWM_Start)
    HAL_UARTEx_RxEventCallback               0x08003559   Thumb Code     2  stm32f1xx_hal_uart.o(.text.HAL_UARTEx_RxEventCallback)
    HAL_UART_ErrorCallback                   0x0800355d   Thumb Code     2  stm32f1xx_hal_uart.o(.text.HAL_UART_ErrorCallback)
    HAL_UART_IRQHandler                      0x08003561   Thumb Code  1392  stm32f1xx_hal_uart.o(.text.HAL_UART_IRQHandler)
    HAL_UART_Init                            0x08003ad1   Thumb Code   226  stm32f1xx_hal_uart.o(.text.HAL_UART_Init)
    HAL_UART_MspInit                         0x08003bb5   Thumb Code   138  stm32f1xx_hal_msp.o(.text.HAL_UART_MspInit)
    HAL_UART_Receive_IT                      0x08003c41   Thumb Code    84  stm32f1xx_hal_uart.o(.text.HAL_UART_Receive_IT)
    HAL_UART_RxCpltCallback                  0x08003c95   Thumb Code    72  main.o(.text.HAL_UART_RxCpltCallback)
    HAL_UART_Transmit                        0x08003cdd   Thumb Code   632  stm32f1xx_hal_uart.o(.text.HAL_UART_Transmit)
    HAL_UART_TxCpltCallback                  0x08003f55   Thumb Code     2  stm32f1xx_hal_uart.o(.text.HAL_UART_TxCpltCallback)
    HardFault_Handler                        0x08003f59   Thumb Code     2  stm32f1xx_it.o(.text.HardFault_Handler)
    MPU6050_Init                             0x080045e5   Thumb Code   150  mpu6050.o(.text.MPU6050_Init)
    MPU6050_Read_All                         0x0800467d   Thumb Code  1646  mpu6050.o(.text.MPU6050_Read_All)
    MemManage_Handler                        0x08004ced   Thumb Code     2  stm32f1xx_it.o(.text.MemManage_Handler)
    NMI_Handler                              0x08004cf1   Thumb Code     2  stm32f1xx_it.o(.text.NMI_Handler)
    PendSV_Handler                           0x08004cf5   Thumb Code     2  stm32f1xx_it.o(.text.PendSV_Handler)
    SHT2x_GetDecimal                         0x08004cf9   Thumb Code   126  sht2x.o(.text.SHT2x_GetDecimal)
    SHT2x_GetInteger                         0x08004d79   Thumb Code     8  sht2x.o(.text.SHT2x_GetInteger)
    SHT2x_GetRelativeHumidity                0x08004d81   Thumb Code   130  sht2x.o(.text.SHT2x_GetRelativeHumidity)
    SHT2x_GetTemperature                     0x08004e05   Thumb Code   144  sht2x.o(.text.SHT2x_GetTemperature)
    SHT2x_Init                               0x08004e95   Thumb Code    12  sht2x.o(.text.SHT2x_Init)
    SHT2x_SetResolution                      0x08004ea1   Thumb Code    96  sht2x.o(.text.SHT2x_SetResolution)
    SVC_Handler                              0x08004f01   Thumb Code     2  stm32f1xx_it.o(.text.SVC_Handler)
    SysTick_Handler                          0x08004f05   Thumb Code     4  stm32f1xx_it.o(.text.SysTick_Handler)
    SystemInit                               0x08004f09   Thumb Code     2  system_stm32f1xx.o(.text.SystemInit)
    Task1                                    0x08004f0d   Thumb Code   144  main.o(.text.Task1)
    Task2                                    0x08005001   Thumb Code   104  main.o(.text.Task2)
    Task3                                    0x080050bd   Thumb Code   188  main.o(.text.Task3)
    Task4                                    0x080051a1   Thumb Code   112  main.o(.text.Task4)
    USART1_IRQHandler                        0x08005339   Thumb Code    12  stm32f1xx_it.o(.text.USART1_IRQHandler)
    UsageFault_Handler                       0x08005345   Thumb Code     2  stm32f1xx_it.o(.text.UsageFault_Handler)
    cli_command_excute                       0x08005375   Thumb Code   140  cli_command.o(.text.cli_command_excute)
    lcd_goto_XY                              0x08005429   Thumb Code    90  i2c-lcd.o(.text.lcd_goto_XY)
    lcd_init                                 0x08005485   Thumb Code   246  i2c-lcd.o(.text.lcd_init)
    lcd_send_string                          0x0800557d   Thumb Code    94  i2c-lcd.o(.text.lcd_send_string)
    main                                     0x080055dd   Thumb Code  1004  main.o(.text.main)
    recv_data                                0x08005a1d   Thumb Code    42  uart.o(.text.recv_data)
    response_init                            0x08005a49   Thumb Code    12  response_ci.o(.text.response_init)
    response_print                           0x08005a55   Thumb Code    64  response_ci.o(.text.response_print)
    setRGB                                   0x08005a95   Thumb Code   232  set_rgb.o(.text.setRGB)
    setTime                                  0x08005be5   Thumb Code   372  set_time.o(.text.setTime)
    uart_handle                              0x08005dc1   Thumb Code    44  uart.o(.text.uart_handle)
    _btod_d2e                                0x08005e01   Thumb Code    62  btod.o(CL$$btod_d2e)
    _d2e_denorm_low                          0x08005e3f   Thumb Code    70  btod.o(CL$$btod_d2e_denorm_low)
    _d2e_norm_op1                            0x08005e85   Thumb Code    96  btod.o(CL$$btod_d2e_norm_op1)
    __btod_div_common                        0x08005ee5   Thumb Code   696  btod.o(CL$$btod_div_common)
    _e2e                                     0x0800621d   Thumb Code   220  btod.o(CL$$btod_e2e)
    _btod_ediv                               0x080062f9   Thumb Code    42  btod.o(CL$$btod_ediv)
    _btod_emul                               0x08006323   Thumb Code    42  btod.o(CL$$btod_emul)
    __btod_mult_common                       0x0800634d   Thumb Code   580  btod.o(CL$$btod_mult_common)
    __ARM_fpclassify                         0x08006591   Thumb Code    40  fpclassify.o(i.__ARM_fpclassify)
    __kernel_poly                            0x080065b9   Thumb Code   170  poly.o(i.__kernel_poly)
    __mathlib_dbl_infnan                     0x08006663   Thumb Code     6  dunder.o(i.__mathlib_dbl_infnan)
    __mathlib_dbl_infnan2                    0x08006669   Thumb Code     4  dunder.o(i.__mathlib_dbl_infnan2)
    __mathlib_dbl_underflow                  0x0800666d   Thumb Code    10  dunder.o(i.__mathlib_dbl_underflow)
    _is_digit                                0x0800667d   Thumb Code    14  __printf_wp.o(i._is_digit)
    atan                                     0x0800668d   Thumb Code   474  atan.o(i.atan)
    atan2                                    0x080068ad   Thumb Code   374  atan2.o(i.atan2)
    sqrt                                     0x08006a49   Thumb Code    76  sqrt.o(i.sqrt)
    _get_lc_numeric                          0x08006a95   Thumb Code    44  lc_numeric_c.o(locale$$code)
    _get_lc_ctype                            0x08006ac1   Thumb Code    44  lc_ctype_c.o(locale$$code)
    __aeabi_d2f                              0x08006aed   Thumb Code     0  d2f.o(x$fpl$d2f)
    _d2f                                     0x08006aed   Thumb Code    98  d2f.o(x$fpl$d2f)
    __aeabi_dadd                             0x08006b51   Thumb Code     0  daddsub_clz.o(x$fpl$dadd)
    _dadd                                    0x08006b51   Thumb Code   332  daddsub_clz.o(x$fpl$dadd)
    __fpl_dcheck_NaN1                        0x08006ca1   Thumb Code    10  dcheck1.o(x$fpl$dcheck1)
    __fpl_dcmp_Inf                           0x08006cb1   Thumb Code    24  dcmpi.o(x$fpl$dcmpinf)
    __aeabi_ddiv                             0x08006cc9   Thumb Code     0  ddiv.o(x$fpl$ddiv)
    _ddiv                                    0x08006cc9   Thumb Code   556  ddiv.o(x$fpl$ddiv)
    __aeabi_cdcmpeq                          0x08006f7d   Thumb Code     0  deqf.o(x$fpl$deqf)
    _dcmpeq                                  0x08006f7d   Thumb Code   120  deqf.o(x$fpl$deqf)
    __aeabi_i2d                              0x08006ff5   Thumb Code     0  dflt_clz.o(x$fpl$dflt)
    _dflt                                    0x08006ff5   Thumb Code    46  dflt_clz.o(x$fpl$dflt)
    __aeabi_ui2d                             0x08007023   Thumb Code     0  dflt_clz.o(x$fpl$dfltu)
    _dfltu                                   0x08007023   Thumb Code    38  dflt_clz.o(x$fpl$dfltu)
    __aeabi_cdcmpge                          0x08007049   Thumb Code     0  dgeqf.o(x$fpl$dgeqf)
    _dcmpge                                  0x08007049   Thumb Code   120  dgeqf.o(x$fpl$dgeqf)
    __aeabi_cdcmple                          0x080070c1   Thumb Code     0  dleqf.o(x$fpl$dleqf)
    _dcmple                                  0x080070c1   Thumb Code   120  dleqf.o(x$fpl$dleqf)
    __fpl_dcmple_InfNaN                      0x08007123   Thumb Code     0  dleqf.o(x$fpl$dleqf)
    __aeabi_dmul                             0x08007139   Thumb Code     0  dmul.o(x$fpl$dmul)
    _dmul                                    0x08007139   Thumb Code   332  dmul.o(x$fpl$dmul)
    __fpl_dnaninf                            0x0800728d   Thumb Code   156  dnaninf.o(x$fpl$dnaninf)
    __fpl_dretinf                            0x08007329   Thumb Code    12  dretinf.o(x$fpl$dretinf)
    __aeabi_drsub                            0x08007335   Thumb Code     0  daddsub_clz.o(x$fpl$drsb)
    _drsb                                    0x08007335   Thumb Code    22  daddsub_clz.o(x$fpl$drsb)
    _dsqrt                                   0x0800734d   Thumb Code   456  dsqrt_noumaal.o(x$fpl$dsqrt)
    __aeabi_dsub                             0x08007519   Thumb Code     0  daddsub_clz.o(x$fpl$dsub)
    _dsub                                    0x08007519   Thumb Code   472  daddsub_clz.o(x$fpl$dsub)
    __aeabi_f2d                              0x080076f5   Thumb Code     0  f2d.o(x$fpl$f2d)
    _f2d                                     0x080076f5   Thumb Code    86  f2d.o(x$fpl$f2d)
    __aeabi_fadd                             0x0800774d   Thumb Code     0  faddsub_clz.o(x$fpl$fadd)
    _fadd                                    0x0800774d   Thumb Code   196  faddsub_clz.o(x$fpl$fadd)
    __aeabi_dcmpeq                           0x08007811   Thumb Code     0  dcmp.o(x$fpl$fcmp)
    _deq                                     0x08007811   Thumb Code    14  dcmp.o(x$fpl$fcmp)
    _dneq                                    0x0800781f   Thumb Code    14  dcmp.o(x$fpl$fcmp)
    __aeabi_dcmpgt                           0x0800782d   Thumb Code     0  dcmp.o(x$fpl$fcmp)
    _dgr                                     0x0800782d   Thumb Code    14  dcmp.o(x$fpl$fcmp)
    __aeabi_dcmpge                           0x0800783b   Thumb Code     0  dcmp.o(x$fpl$fcmp)
    _dgeq                                    0x0800783b   Thumb Code    14  dcmp.o(x$fpl$fcmp)
    __aeabi_dcmple                           0x08007849   Thumb Code     0  dcmp.o(x$fpl$fcmp)
    _dleq                                    0x08007849   Thumb Code    14  dcmp.o(x$fpl$fcmp)
    __aeabi_dcmplt                           0x08007857   Thumb Code     0  dcmp.o(x$fpl$fcmp)
    _dls                                     0x08007857   Thumb Code    14  dcmp.o(x$fpl$fcmp)
    __aeabi_fdiv                             0x08007865   Thumb Code     0  fdiv.o(x$fpl$fdiv)
    _fdiv                                    0x08007865   Thumb Code   384  fdiv.o(x$fpl$fdiv)
    __aeabi_f2iz                             0x080079e9   Thumb Code     0  ffix.o(x$fpl$ffix)
    _ffix                                    0x080079e9   Thumb Code    54  ffix.o(x$fpl$ffix)
    __aeabi_f2uiz                            0x08007a21   Thumb Code     0  ffixu.o(x$fpl$ffixu)
    _ffixu                                   0x08007a21   Thumb Code    62  ffixu.o(x$fpl$ffixu)
    __aeabi_i2f                              0x08007a61   Thumb Code     0  fflt_clz.o(x$fpl$fflt)
    _fflt                                    0x08007a61   Thumb Code    48  fflt_clz.o(x$fpl$fflt)
    __aeabi_ui2f                             0x08007a91   Thumb Code     0  fflt_clz.o(x$fpl$ffltu)
    _ffltu                                   0x08007a91   Thumb Code    38  fflt_clz.o(x$fpl$ffltu)
    __aeabi_fmul                             0x08007ab9   Thumb Code     0  fmul.o(x$fpl$fmul)
    _fmul                                    0x08007ab9   Thumb Code   258  fmul.o(x$fpl$fmul)
    __fpl_fnaninf                            0x08007bbb   Thumb Code   140  fnaninf.o(x$fpl$fnaninf)
    __fpl_fretinf                            0x08007c47   Thumb Code    10  fretinf.o(x$fpl$fretinf)
    __aeabi_fsub                             0x08007c51   Thumb Code     0  faddsub_clz.o(x$fpl$fsub)
    _fsub                                    0x08007c51   Thumb Code   234  faddsub_clz.o(x$fpl$fsub)
    _printf_fp_dec                           0x08007d3b   Thumb Code     4  printf1.o(x$fpl$printf1)
    _printf_fp_hex                           0x08007d3f   Thumb Code     4  printf2.o(x$fpl$printf2)
    __fpl_return_NaN                         0x08007d43   Thumb Code   100  retnan.o(x$fpl$retnan)
    __ARM_scalbn                             0x08007da7   Thumb Code    92  scalbn.o(x$fpl$scalbn)
    __fpl_cmpreturn                          0x08007e03   Thumb Code    48  trapv.o(x$fpl$trapveneer)
    __I$use$fp                               0x08007e32   Number         0  usenofp.o(x$fpl$usenofp)
    __mathlib_zero                           0x08007f10   Data           8  qnan.o(.constdata)
    AHBPrescTable                            0x08007fd4   Data          16  system_stm32f1xx.o(.rodata.AHBPrescTable)
    APBPrescTable                            0x08007fe4   Data           8  system_stm32f1xx.o(.rodata.APBPrescTable)
    command_entry_talbe                      0x08007ff0   Data          24  cli_command_table.o(.rodata.command_entry_talbe)
    command_set_RGB                          0x08008008   Data           8  cli_command_table.o(.rodata.command_set_RGB)
    command_set_time                         0x08008010   Data           8  cli_command_table.o(.rodata.command_set_time)
    Region$$Table$$Base                      0x08008058   Number         0  anon$$obj.o(Region$$Table)
    Region$$Table$$Limit                     0x08008078   Number         0  anon$$obj.o(Region$$Table)
    __ctype                                  0x080080a1   Data           0  lc_ctype_c.o(locale$$data)
    duty_R                                   0x20000004   Data           1  main.o(.data..L_MergedGlobals)
    duty_G                                   0x20000005   Data           1  main.o(.data..L_MergedGlobals)
    duty_B                                   0x20000006   Data           1  main.o(.data..L_MergedGlobals)
    P                                        0x20000008   Data           4  main.o(.data..L_MergedGlobals)
    D1                                       0x2000000c   Data           4  main.o(.data..L_MergedGlobals)
    D2                                       0x20000010   Data           4  main.o(.data..L_MergedGlobals)
    D3                                       0x20000014   Data           4  main.o(.data..L_MergedGlobals)
    D4                                       0x20000018   Data           4  main.o(.data..L_MergedGlobals)
    T1                                       0x2000001c   Data           4  main.o(.data..L_MergedGlobals)
    T2                                       0x20000020   Data           4  main.o(.data..L_MergedGlobals)
    T3                                       0x20000024   Data           4  main.o(.data..L_MergedGlobals)
    T4                                       0x20000028   Data           4  main.o(.data..L_MergedGlobals)
    Phase_1                                  0x2000002c   Data           4  main.o(.data..L_MergedGlobals)
    Phase_2                                  0x20000030   Data           4  main.o(.data..L_MergedGlobals)
    Phase_3                                  0x20000034   Data           4  main.o(.data..L_MergedGlobals)
    Phase_4                                  0x20000038   Data           4  main.o(.data..L_MergedGlobals)
    task_Point_Array                         0x2000003c   Data          16  main.o(.data..L_MergedGlobals)
    uwTickFreq                               0x2000004c   Data           1  stm32f1xx_hal.o(.data..L_MergedGlobals)
    uwTickPrio                               0x20000050   Data           4  stm32f1xx_hal.o(.data..L_MergedGlobals)
    KalmanX                                  0x20000058   Data          72  mpu6050.o(.data.KalmanX)
    KalmanY                                  0x200000a0   Data          72  mpu6050.o(.data.KalmanY)
    SystemCoreClock                          0x200000e8   Data           4  system_stm32f1xx.o(.data.SystemCoreClock)
    __libspace_start                         0x200000f0   Data          96  libspace.o(.bss)
    __temporary_stack_top$libspace           0x20000150   Data           0  libspace.o(.bss)
    uart_flag                                0x20000150   Data           1  uart.o(.bss..L_MergedGlobals)
    uart_buff                                0x20000152   Data         100  uart.o(.bss..L_MergedGlobals)
    tem                                      0x200001bc   Data           4  main.o(.bss..L_MergedGlobals.10)
    hum                                      0x200001c0   Data           4  main.o(.bss..L_MergedGlobals.10)
    elapsed_time5                            0x200001c4   Data           4  main.o(.bss..L_MergedGlobals.10)
    elapsed_time1                            0x200001c8   Data           4  main.o(.bss..L_MergedGlobals.10)
    elapsed_time2                            0x200001cc   Data           4  main.o(.bss..L_MergedGlobals.10)
    elapsed_time3                            0x200001d0   Data           4  main.o(.bss..L_MergedGlobals.10)
    elapsed_time4                            0x200001d4   Data           4  main.o(.bss..L_MergedGlobals.10)
    arr_r_rgb                                0x200001d8   Data          12  main.o(.bss..L_MergedGlobals.10)
    arr_r                                    0x200001e4   Data          48  main.o(.bss..L_MergedGlobals.10)
    MPU6050                                  0x20000218   Data          88  main.o(.bss.MPU6050)
    _sht2x_ui2c                              0x20000270   Data           4  sht2x.o(.bss._sht2x_ui2c)
    arr_w                                    0x20000274   Data          48  main.o(.bss.arr_w)
    arr_w_rgb                                0x200002a4   Data          12  main.o(.bss.arr_w_rgb)
    buffer1                                  0x200002b0   Data         100  main.o(.bss.buffer1)
    buffer2                                  0x20000314   Data         400  main.o(.bss.buffer2)
    flag_update_rgb                          0x200004a4   Data           1  main.o(.bss.flag_update_rgb)
    flag_update_time                         0x200004a5   Data           1  main.o(.bss.flag_update_time)
    hi2c1                                    0x200004a8   Data          84  main.o(.bss.hi2c1)
    htim2                                    0x200004fc   Data          72  main.o(.bss.htim2)
    huart1                                   0x20000544   Data          72  main.o(.bss.huart1)
    pFlash                                   0x20000590   Data          32  stm32f1xx_hal_flash.o(.bss.pFlash)
    timer                                    0x200005b0   Data           4  mpu6050.o(.bss.timer)
    uwTick                                   0x200005b4   Data           4  stm32f1xx_hal.o(.bss.uwTick)



==============================================================================

Memory Map of the image

  Image Entry point : 0x080000ed

  Load Region LR_IROM1 (Base: 0x08000000, Size: 0x00008298, Max: 0x00010000, ABSOLUTE)

    Execution Region ER_IROM1 (Exec base: 0x08000000, Load base: 0x08000000, Size: 0x000081a4, Max: 0x00010000, ABSOLUTE)

    Exec Addr    Load Addr    Size         Type   Attr      Idx    E Section Name        Object

    0x08000000   0x08000000   0x000000ec   Data   RO            3    RESET               startup_stm32f103xb.o
    0x080000ec   0x080000ec   0x00000008   Code   RO         1262  * !!!main             c_w.l(__main.o)
    0x080000f4   0x080000f4   0x0000005c   Code   RO         1695    !!!scatter          c_w.l(__scatter.o)
    0x08000150   0x08000150   0x0000001a   Code   RO         1699    !!handler_copy      c_w.l(__scatter_copy.o)
    0x0800016a   0x0800016a   0x00000002   PAD
    0x0800016c   0x0800016c   0x00000002   Code   RO         1696    !!handler_null      c_w.l(__scatter.o)
    0x0800016e   0x0800016e   0x00000002   PAD
    0x08000170   0x08000170   0x0000001c   Code   RO         1701    !!handler_zi        c_w.l(__scatter_zi.o)
    0x0800018c   0x0800018c   0x00000000   Code   RO         1248    .ARM.Collect$$_printf_percent$$00000000  c_w.l(_printf_percent.o)
    0x0800018c   0x0800018c   0x00000006   Code   RO         1389    .ARM.Collect$$_printf_percent$$00000001  c_w.l(_printf_n.o)
    0x08000192   0x08000192   0x00000006   Code   RO         1391    .ARM.Collect$$_printf_percent$$00000002  c_w.l(_printf_p.o)
    0x08000198   0x08000198   0x00000006   Code   RO         1247    .ARM.Collect$$_printf_percent$$00000003  c_w.l(_printf_f.o)
    0x0800019e   0x0800019e   0x00000006   Code   RO         1395    .ARM.Collect$$_printf_percent$$00000004  c_w.l(_printf_e.o)
    0x080001a4   0x080001a4   0x00000006   Code   RO         1396    .ARM.Collect$$_printf_percent$$00000005  c_w.l(_printf_g.o)
    0x080001aa   0x080001aa   0x00000006   Code   RO         1397    .ARM.Collect$$_printf_percent$$00000006  c_w.l(_printf_a.o)
    0x080001b0   0x080001b0   0x0000000a   Code   RO         1402    .ARM.Collect$$_printf_percent$$00000007  c_w.l(_printf_ll.o)
    0x080001ba   0x080001ba   0x00000006   Code   RO         1393    .ARM.Collect$$_printf_percent$$00000008  c_w.l(_printf_i.o)
    0x080001c0   0x080001c0   0x00000006   Code   RO         1246    .ARM.Collect$$_printf_percent$$00000009  c_w.l(_printf_d.o)
    0x080001c6   0x080001c6   0x00000006   Code   RO         1394    .ARM.Collect$$_printf_percent$$0000000A  c_w.l(_printf_u.o)
    0x080001cc   0x080001cc   0x00000006   Code   RO         1392    .ARM.Collect$$_printf_percent$$0000000B  c_w.l(_printf_o.o)
    0x080001d2   0x080001d2   0x00000006   Code   RO         1390    .ARM.Collect$$_printf_percent$$0000000C  c_w.l(_printf_x.o)
    0x080001d8   0x080001d8   0x00000006   Code   RO         1399    .ARM.Collect$$_printf_percent$$0000000D  c_w.l(_printf_lli.o)
    0x080001de   0x080001de   0x00000006   Code   RO         1400    .ARM.Collect$$_printf_percent$$0000000E  c_w.l(_printf_lld.o)
    0x080001e4   0x080001e4   0x00000006   Code   RO         1401    .ARM.Collect$$_printf_percent$$0000000F  c_w.l(_printf_llu.o)
    0x080001ea   0x080001ea   0x00000006   Code   RO         1406    .ARM.Collect$$_printf_percent$$00000010  c_w.l(_printf_llo.o)
    0x080001f0   0x080001f0   0x00000006   Code   RO         1407    .ARM.Collect$$_printf_percent$$00000011  c_w.l(_printf_llx.o)
    0x080001f6   0x080001f6   0x0000000a   Code   RO         1403    .ARM.Collect$$_printf_percent$$00000012  c_w.l(_printf_l.o)
    0x08000200   0x08000200   0x00000006   Code   RO         1387    .ARM.Collect$$_printf_percent$$00000013  c_w.l(_printf_c.o)
    0x08000206   0x08000206   0x00000006   Code   RO         1388    .ARM.Collect$$_printf_percent$$00000014  c_w.l(_printf_s.o)
    0x0800020c   0x0800020c   0x00000006   Code   RO         1404    .ARM.Collect$$_printf_percent$$00000015  c_w.l(_printf_lc.o)
    0x08000212   0x08000212   0x00000006   Code   RO         1405    .ARM.Collect$$_printf_percent$$00000016  c_w.l(_printf_ls.o)
    0x08000218   0x08000218   0x00000004   Code   RO         1398    .ARM.Collect$$_printf_percent$$00000017  c_w.l(_printf_percent_end.o)
    0x0800021c   0x0800021c   0x00000002   Code   RO         1554    .ARM.Collect$$libinit$$00000000  c_w.l(libinit.o)
    0x0800021e   0x0800021e   0x00000000   Code   RO         1556    .ARM.Collect$$libinit$$00000002  c_w.l(libinit2.o)
    0x0800021e   0x0800021e   0x00000000   Code   RO         1558    .ARM.Collect$$libinit$$00000004  c_w.l(libinit2.o)
    0x0800021e   0x0800021e   0x00000000   Code   RO         1560    .ARM.Collect$$libinit$$00000006  c_w.l(libinit2.o)
    0x0800021e   0x0800021e   0x00000000   Code   RO         1563    .ARM.Collect$$libinit$$0000000C  c_w.l(libinit2.o)
    0x0800021e   0x0800021e   0x00000000   Code   RO         1565    .ARM.Collect$$libinit$$0000000E  c_w.l(libinit2.o)
    0x0800021e   0x0800021e   0x00000000   Code   RO         1567    .ARM.Collect$$libinit$$00000010  c_w.l(libinit2.o)
    0x0800021e   0x0800021e   0x00000006   Code   RO         1568    .ARM.Collect$$libinit$$00000011  c_w.l(libinit2.o)
    0x08000224   0x08000224   0x00000000   Code   RO         1570    .ARM.Collect$$libinit$$00000013  c_w.l(libinit2.o)
    0x08000224   0x08000224   0x0000000c   Code   RO         1571    .ARM.Collect$$libinit$$00000014  c_w.l(libinit2.o)
    0x08000230   0x08000230   0x00000000   Code   RO         1572    .ARM.Collect$$libinit$$00000015  c_w.l(libinit2.o)
    0x08000230   0x08000230   0x00000000   Code   RO         1574    .ARM.Collect$$libinit$$00000017  c_w.l(libinit2.o)
    0x08000230   0x08000230   0x0000000a   Code   RO         1575    .ARM.Collect$$libinit$$00000018  c_w.l(libinit2.o)
    0x0800023a   0x0800023a   0x00000000   Code   RO         1576    .ARM.Collect$$libinit$$00000019  c_w.l(libinit2.o)
    0x0800023a   0x0800023a   0x00000000   Code   RO         1578    .ARM.Collect$$libinit$$0000001B  c_w.l(libinit2.o)
    0x0800023a   0x0800023a   0x00000000   Code   RO         1580    .ARM.Collect$$libinit$$0000001D  c_w.l(libinit2.o)
    0x0800023a   0x0800023a   0x00000000   Code   RO         1582    .ARM.Collect$$libinit$$0000001F  c_w.l(libinit2.o)
    0x0800023a   0x0800023a   0x00000000   Code   RO         1584    .ARM.Collect$$libinit$$00000021  c_w.l(libinit2.o)
    0x0800023a   0x0800023a   0x00000000   Code   RO         1586    .ARM.Collect$$libinit$$00000023  c_w.l(libinit2.o)
    0x0800023a   0x0800023a   0x00000000   Code   RO         1588    .ARM.Collect$$libinit$$00000025  c_w.l(libinit2.o)
    0x0800023a   0x0800023a   0x00000000   Code   RO         1590    .ARM.Collect$$libinit$$00000027  c_w.l(libinit2.o)
    0x0800023a   0x0800023a   0x00000000   Code   RO         1594    .ARM.Collect$$libinit$$0000002E  c_w.l(libinit2.o)
    0x0800023a   0x0800023a   0x00000000   Code   RO         1596    .ARM.Collect$$libinit$$00000030  c_w.l(libinit2.o)
    0x0800023a   0x0800023a   0x00000000   Code   RO         1598    .ARM.Collect$$libinit$$00000032  c_w.l(libinit2.o)
    0x0800023a   0x0800023a   0x00000000   Code   RO         1600    .ARM.Collect$$libinit$$00000034  c_w.l(libinit2.o)
    0x0800023a   0x0800023a   0x00000002   Code   RO         1601    .ARM.Collect$$libinit$$00000035  c_w.l(libinit2.o)
    0x0800023c   0x0800023c   0x00000002   Code   RO         1641    .ARM.Collect$$libshutdown$$00000000  c_w.l(libshutdown.o)
    0x0800023e   0x0800023e   0x00000000   Code   RO         1652    .ARM.Collect$$libshutdown$$00000002  c_w.l(libshutdown2.o)
    0x0800023e   0x0800023e   0x00000000   Code   RO         1654    .ARM.Collect$$libshutdown$$00000004  c_w.l(libshutdown2.o)
    0x0800023e   0x0800023e   0x00000000   Code   RO         1657    .ARM.Collect$$libshutdown$$00000007  c_w.l(libshutdown2.o)
    0x0800023e   0x0800023e   0x00000000   Code   RO         1660    .ARM.Collect$$libshutdown$$0000000A  c_w.l(libshutdown2.o)
    0x0800023e   0x0800023e   0x00000000   Code   RO         1662    .ARM.Collect$$libshutdown$$0000000C  c_w.l(libshutdown2.o)
    0x0800023e   0x0800023e   0x00000000   Code   RO         1665    .ARM.Collect$$libshutdown$$0000000F  c_w.l(libshutdown2.o)
    0x0800023e   0x0800023e   0x00000002   Code   RO         1666    .ARM.Collect$$libshutdown$$00000010  c_w.l(libshutdown2.o)
    0x08000240   0x08000240   0x00000000   Code   RO         1329    .ARM.Collect$$rtentry$$00000000  c_w.l(__rtentry.o)
    0x08000240   0x08000240   0x00000000   Code   RO         1460    .ARM.Collect$$rtentry$$00000002  c_w.l(__rtentry2.o)
    0x08000240   0x08000240   0x00000006   Code   RO         1472    .ARM.Collect$$rtentry$$00000004  c_w.l(__rtentry4.o)
    0x08000246   0x08000246   0x00000000   Code   RO         1462    .ARM.Collect$$rtentry$$00000009  c_w.l(__rtentry2.o)
    0x08000246   0x08000246   0x00000004   Code   RO         1463    .ARM.Collect$$rtentry$$0000000A  c_w.l(__rtentry2.o)
    0x0800024a   0x0800024a   0x00000000   Code   RO         1465    .ARM.Collect$$rtentry$$0000000C  c_w.l(__rtentry2.o)
    0x0800024a   0x0800024a   0x00000008   Code   RO         1466    .ARM.Collect$$rtentry$$0000000D  c_w.l(__rtentry2.o)
    0x08000252   0x08000252   0x00000002   Code   RO         1604    .ARM.Collect$$rtexit$$00000000  c_w.l(rtexit.o)
    0x08000254   0x08000254   0x00000000   Code   RO         1615    .ARM.Collect$$rtexit$$00000002  c_w.l(rtexit2.o)
    0x08000254   0x08000254   0x00000004   Code   RO         1616    .ARM.Collect$$rtexit$$00000003  c_w.l(rtexit2.o)
    0x08000258   0x08000258   0x00000006   Code   RO         1617    .ARM.Collect$$rtexit$$00000004  c_w.l(rtexit2.o)
    0x0800025e   0x0800025e   0x00000002   PAD
    0x08000260   0x08000260   0x00000040   Code   RO            4    .text               startup_stm32f103xb.o
    0x080002a0   0x080002a0   0x00000024   Code   RO         1216    .text               c_w.l(vsprintf.o)
    0x080002c4   0x080002c4   0x0000002c   Code   RO         1218    .text               c_w.l(__2sprintf.o)
    0x080002f0   0x080002f0   0x00000078   Code   RO         1224    .text               c_w.l(_printf_dec.o)
    0x08000368   0x08000368   0x00000188   Code   RO         1243    .text               c_w.l(__printf_flags_ss_wp.o)
    0x080004f0   0x080004f0   0x0000001a   Code   RO         1249    .text               c_w.l(atoi.o)
    0x0800050a   0x0800050a   0x00000002   PAD
    0x0800050c   0x0800050c   0x0000000c   Code   RO         1251    .text               c_w.l(strtok.o)
    0x08000518   0x08000518   0x0000003e   Code   RO         1254    .text               c_w.l(strlen.o)
    0x08000556   0x08000556   0x0000004e   Code   RO         1256    .text               c_w.l(rt_memclr_w.o)
    0x080005a4   0x080005a4   0x00000080   Code   RO         1258    .text               c_w.l(strcmpv7m.o)
    0x08000624   0x08000624   0x00000006   Code   RO         1260    .text               c_w.l(heapauxi.o)
    0x0800062a   0x0800062a   0x00000002   PAD
    0x0800062c   0x0800062c   0x00000008   Code   RO         1333    .text               c_w.l(rt_errno_addr_intlibspace.o)
    0x08000634   0x08000634   0x00000016   Code   RO         1335    .text               c_w.l(_rserrno.o)
    0x0800064a   0x0800064a   0x0000004e   Code   RO         1337    .text               c_w.l(_printf_pad.o)
    0x08000698   0x08000698   0x00000024   Code   RO         1339    .text               c_w.l(_printf_truncate.o)
    0x080006bc   0x080006bc   0x00000052   Code   RO         1341    .text               c_w.l(_printf_str.o)
    0x0800070e   0x0800070e   0x000000b2   Code   RO         1343    .text               c_w.l(_printf_intcommon.o)
    0x080007c0   0x080007c0   0x00000028   Code   RO         1345    .text               c_w.l(_printf_charcount.o)
    0x080007e8   0x080007e8   0x0000041c   Code   RO         1347    .text               c_w.l(_printf_fp_dec.o)
    0x08000c04   0x08000c04   0x00000030   Code   RO         1351    .text               c_w.l(_printf_char_common.o)
    0x08000c34   0x08000c34   0x0000000a   Code   RO         1353    .text               c_w.l(_sputc.o)
    0x08000c3e   0x08000c3e   0x00000002   PAD
    0x08000c40   0x08000c40   0x000000bc   Code   RO         1355    .text               c_w.l(_printf_wctomb.o)
    0x08000cfc   0x08000cfc   0x0000007c   Code   RO         1358    .text               c_w.l(_printf_longlong_dec.o)
    0x08000d78   0x08000d78   0x00000070   Code   RO         1364    .text               c_w.l(_printf_oct_int_ll.o)
    0x08000de8   0x08000de8   0x00000094   Code   RO         1384    .text               c_w.l(_printf_hex_int_ll_ptr.o)
    0x08000e7c   0x08000e7c   0x00000070   Code   RO         1408    .text               c_w.l(strtol.o)
    0x08000eec   0x08000eec   0x00000044   Code   RO         1410    .text               c_w.l(strtok_int.o)
    0x08000f30   0x08000f30   0x00000008   Code   RO         1456    .text               c_w.l(libspace.o)
    0x08000f38   0x08000f38   0x00000010   Code   RO         1474    .text               c_w.l(rt_ctype_table.o)
    0x08000f48   0x08000f48   0x00000008   Code   RO         1479    .text               c_w.l(rt_locale_intlibspace.o)
    0x08000f50   0x08000f50   0x0000008a   Code   RO         1481    .text               c_w.l(lludiv10.o)
    0x08000fda   0x08000fda   0x00000002   PAD
    0x08000fdc   0x08000fdc   0x000002fc   Code   RO         1483    .text               c_w.l(_printf_fp_hex.o)
    0x080012d8   0x080012d8   0x00000080   Code   RO         1486    .text               c_w.l(_printf_fp_infnan.o)
    0x08001358   0x08001358   0x0000002c   Code   RO         1490    .text               c_w.l(_printf_char.o)
    0x08001384   0x08001384   0x0000002c   Code   RO         1492    .text               c_w.l(_printf_wchar.o)
    0x080013b0   0x080013b0   0x0000009e   Code   RO         1494    .text               c_w.l(_strtoul.o)
    0x0800144e   0x0800144e   0x00000002   PAD
    0x08001450   0x08001450   0x000000e4   Code   RO         1496    .text               c_w.l(bigflt0.o)
    0x08001534   0x08001534   0x00000048   Code   RO         1523    .text               c_w.l(_c16rtomb.o)
    0x0800157c   0x0800157c   0x00000020   Code   RO         1528    .text               c_w.l(strcspn.o)
    0x0800159c   0x0800159c   0x0000001c   Code   RO         1530    .text               c_w.l(strspn.o)
    0x080015b8   0x080015b8   0x0000004a   Code   RO         1538    .text               c_w.l(sys_stackheap_outer.o)
    0x08001602   0x08001602   0x0000001c   Code   RO         1540    .text               c_w.l(_chval.o)
    0x0800161e   0x0800161e   0x00000012   Code   RO         1547    .text               c_w.l(exit.o)
    0x08001630   0x08001630   0x0000000c   Code   RO         1627    .text               c_w.l(sys_exit.o)
    0x0800163c   0x0800163c   0x00000002   Code   RO         1642    .text               c_w.l(use_no_semi.o)
    0x0800163e   0x0800163e   0x00000000   Code   RO         1644    .text               c_w.l(indicate_semi.o)
    0x0800163e   0x0800163e   0x00000002   PAD
    0x08001640   0x08001640   0x00000002   Code   RO          231    .text.BusFault_Handler  stm32f1xx_it.o
    0x08001642   0x08001642   0x00000002   PAD
    0x08001644   0x08001644   0x00000002   Code   RO          237    .text.DebugMon_Handler  stm32f1xx_it.o
    0x08001646   0x08001646   0x00000002   PAD
    0x08001648   0x08001648   0x000000e0   Code   RO          682    .text.FLASH_WaitForLastOperation  stm32f1xx_hal_flash.o
    0x08001728   0x08001728   0x00000026   Code   RO          117    .text.Flash_Erase   flash.o
    0x0800174e   0x0800174e   0x00000002   PAD
    0x08001750   0x08001750   0x00000004   Code   RO          127    .text.Flash_Read_Int  flash.o
    0x08001754   0x08001754   0x0000001e   Code   RO          119    .text.Flash_Write_Int  flash.o
    0x08001772   0x08001772   0x00000002   PAD
    0x08001774   0x08001774   0x00000046   Code   RO          572    .text.HAL_DMA_Abort  stm32f1xx_hal_dma.o
    0x080017ba   0x080017ba   0x00000002   PAD
    0x080017bc   0x080017bc   0x000000b4   Code   RO          574    .text.HAL_DMA_Abort_IT  stm32f1xx_hal_dma.o
    0x08001870   0x08001870   0x00000028   Code   RO          448    .text.HAL_Delay     stm32f1xx_hal.o
    0x08001898   0x08001898   0x000000ee   Code   RO          713    .text.HAL_FLASHEx_Erase  stm32f1xx_hal_flash_ex.o
    0x08001986   0x08001986   0x00000002   PAD
    0x08001988   0x08001988   0x00000014   Code   RO          694    .text.HAL_FLASH_Lock  stm32f1xx_hal_flash.o
    0x0800199c   0x0800199c   0x000000ac   Code   RO          680    .text.HAL_FLASH_Program  stm32f1xx_hal_flash.o
    0x08001a48   0x08001a48   0x0000002e   Code   RO          692    .text.HAL_FLASH_Unlock  stm32f1xx_hal_flash.o
    0x08001a76   0x08001a76   0x00000002   PAD
    0x08001a78   0x08001a78   0x0000020e   Code   RO          540    .text.HAL_GPIO_Init  stm32f1xx_hal_gpio.o
    0x08001c86   0x08001c86   0x00000002   PAD
    0x08001c88   0x08001c88   0x0000000a   Code   RO          546    .text.HAL_GPIO_WritePin  stm32f1xx_hal_gpio.o
    0x08001c92   0x08001c92   0x00000002   PAD
    0x08001c94   0x08001c94   0x0000000c   Code   RO          440    .text.HAL_GetTick   stm32f1xx_hal.o
    0x08001ca0   0x08001ca0   0x00000164   Code   RO          290    .text.HAL_I2C_Init  stm32f1xx_hal_i2c.o
    0x08001e04   0x08001e04   0x00000404   Code   RO          306    .text.HAL_I2C_Master_Receive  stm32f1xx_hal_i2c.o
    0x08002208   0x08002208   0x000001dc   Code   RO          298    .text.HAL_I2C_Master_Transmit  stm32f1xx_hal_i2c.o
    0x080023e4   0x080023e4   0x00000346   Code   RO          338    .text.HAL_I2C_Mem_Read  stm32f1xx_hal_i2c.o
    0x0800272a   0x0800272a   0x00000002   PAD
    0x0800272c   0x0800272c   0x0000015c   Code   RO          334    .text.HAL_I2C_Mem_Write  stm32f1xx_hal_i2c.o
    0x08002888   0x08002888   0x00000062   Code   RO          254    .text.HAL_I2C_MspInit  stm32f1xx_hal_msp.o
    0x080028ea   0x080028ea   0x00000002   PAD
    0x080028ec   0x080028ec   0x0000001a   Code   RO          438    .text.HAL_IncTick   stm32f1xx_hal.o
    0x08002906   0x08002906   0x00000002   PAD
    0x08002908   0x08002908   0x00000026   Code   RO          428    .text.HAL_Init      stm32f1xx_hal.o
    0x0800292e   0x0800292e   0x00000002   PAD
    0x08002930   0x08002930   0x00000048   Code   RO          430    .text.HAL_InitTick  stm32f1xx_hal.o
    0x08002978   0x08002978   0x00000042   Code   RO          252    .text.HAL_MspInit   stm32f1xx_hal_msp.o
    0x080029ba   0x080029ba   0x00000002   PAD
    0x080029bc   0x080029bc   0x00000022   Code   RO          600    .text.HAL_NVIC_EnableIRQ  stm32f1xx_hal_cortex.o
    0x080029de   0x080029de   0x00000002   PAD
    0x080029e0   0x080029e0   0x00000056   Code   RO          598    .text.HAL_NVIC_SetPriority  stm32f1xx_hal_cortex.o
    0x08002a36   0x08002a36   0x00000002   PAD
    0x08002a38   0x08002a38   0x00000020   Code   RO          596    .text.HAL_NVIC_SetPriorityGrouping  stm32f1xx_hal_cortex.o
    0x08002a58   0x08002a58   0x000001c2   Code   RO          492    .text.HAL_RCC_ClockConfig  stm32f1xx_hal_rcc.o
    0x08002c1a   0x08002c1a   0x00000002   PAD
    0x08002c1c   0x08002c1c   0x00000026   Code   RO          504    .text.HAL_RCC_GetPCLK1Freq  stm32f1xx_hal_rcc.o
    0x08002c42   0x08002c42   0x00000002   PAD
    0x08002c44   0x08002c44   0x00000026   Code   RO          506    .text.HAL_RCC_GetPCLK2Freq  stm32f1xx_hal_rcc.o
    0x08002c6a   0x08002c6a   0x00000002   PAD
    0x08002c6c   0x08002c6c   0x00000400   Code   RO          490    .text.HAL_RCC_OscConfig  stm32f1xx_hal_rcc.o
    0x0800306c   0x0800306c   0x0000002c   Code   RO          608    .text.HAL_SYSTICK_Config  stm32f1xx_hal_cortex.o
    0x08003098   0x08003098   0x0000007e   Code   RO         1056    .text.HAL_TIMEx_MasterConfigSynchronization  stm32f1xx_hal_tim_ex.o
    0x08003116   0x08003116   0x00000002   PAD
    0x08003118   0x08003118   0x0000004a   Code   RO          260    .text.HAL_TIM_MspPostInit  stm32f1xx_hal_msp.o
    0x08003162   0x08003162   0x00000002   PAD
    0x08003164   0x08003164   0x000001fe   Code   RO          915    .text.HAL_TIM_PWM_ConfigChannel  stm32f1xx_hal_tim.o
    0x08003362   0x08003362   0x00000002   PAD
    0x08003364   0x08003364   0x000000ec   Code   RO          815    .text.HAL_TIM_PWM_Init  stm32f1xx_hal_tim.o
    0x08003450   0x08003450   0x0000002a   Code   RO          258    .text.HAL_TIM_PWM_MspInit  stm32f1xx_hal_msp.o
    0x0800347a   0x0800347a   0x00000002   PAD
    0x0800347c   0x0800347c   0x000000da   Code   RO          823    .text.HAL_TIM_PWM_Start  stm32f1xx_hal_tim.o
    0x08003556   0x08003556   0x00000002   PAD
    0x08003558   0x08003558   0x00000002   Code   RO         1164    .text.HAL_UARTEx_RxEventCallback  stm32f1xx_hal_uart.o
    0x0800355a   0x0800355a   0x00000002   PAD
    0x0800355c   0x0800355c   0x00000002   Code   RO         1162    .text.HAL_UART_ErrorCallback  stm32f1xx_hal_uart.o
    0x0800355e   0x0800355e   0x00000002   PAD
    0x08003560   0x08003560   0x00000570   Code   RO         1156    .text.HAL_UART_IRQHandler  stm32f1xx_hal_uart.o
    0x08003ad0   0x08003ad0   0x000000e2   Code   RO         1080    .text.HAL_UART_Init  stm32f1xx_hal_uart.o
    0x08003bb2   0x08003bb2   0x00000002   PAD
    0x08003bb4   0x08003bb4   0x0000008a   Code   RO          264    .text.HAL_UART_MspInit  stm32f1xx_hal_msp.o
    0x08003c3e   0x08003c3e   0x00000002   PAD
    0x08003c40   0x08003c40   0x00000054   Code   RO         1100    .text.HAL_UART_Receive_IT  stm32f1xx_hal_uart.o
    0x08003c94   0x08003c94   0x00000048   Code   RO          187    .text.HAL_UART_RxCpltCallback  main.o
    0x08003cdc   0x08003cdc   0x00000278   Code   RO         1094    .text.HAL_UART_Transmit  stm32f1xx_hal_uart.o
    0x08003f54   0x08003f54   0x00000002   Code   RO         1166    .text.HAL_UART_TxCpltCallback  stm32f1xx_hal_uart.o
    0x08003f56   0x08003f56   0x00000002   PAD
    0x08003f58   0x08003f58   0x00000002   Code   RO          227    .text.HardFault_Handler  stm32f1xx_it.o
    0x08003f5a   0x08003f5a   0x00000002   PAD
    0x08003f5c   0x08003f5c   0x00000112   Code   RO          340    .text.I2C_RequestMemoryRead  stm32f1xx_hal_i2c.o
    0x0800406e   0x0800406e   0x00000002   PAD
    0x08004070   0x08004070   0x000000c8   Code   RO          336    .text.I2C_RequestMemoryWrite  stm32f1xx_hal_i2c.o
    0x08004138   0x08004138   0x000000ba   Code   RO          304    .text.I2C_WaitOnBTFFlagUntilTimeout  stm32f1xx_hal_i2c.o
    0x080041f2   0x080041f2   0x00000002   PAD
    0x080041f4   0x080041f4   0x000001ca   Code   RO          300    .text.I2C_WaitOnFlagUntilTimeout  stm32f1xx_hal_i2c.o
    0x080043be   0x080043be   0x00000002   PAD
    0x080043c0   0x080043c0   0x000000d6   Code   RO          418    .text.I2C_WaitOnMasterAddressFlagUntilTimeout  stm32f1xx_hal_i2c.o
    0x08004496   0x08004496   0x00000002   PAD
    0x08004498   0x08004498   0x00000090   Code   RO          308    .text.I2C_WaitOnRXNEFlagUntilTimeout  stm32f1xx_hal_i2c.o
    0x08004528   0x08004528   0x000000ba   Code   RO          302    .text.I2C_WaitOnTXEFlagUntilTimeout  stm32f1xx_hal_i2c.o
    0x080045e2   0x080045e2   0x00000002   PAD
    0x080045e4   0x080045e4   0x00000096   Code   RO           31    .text.MPU6050_Init  mpu6050.o
    0x0800467a   0x0800467a   0x00000002   PAD
    0x0800467c   0x0800467c   0x0000066e   Code   RO           39    .text.MPU6050_Read_All  mpu6050.o
    0x08004cea   0x08004cea   0x00000002   PAD
    0x08004cec   0x08004cec   0x00000002   Code   RO          229    .text.MemManage_Handler  stm32f1xx_it.o
    0x08004cee   0x08004cee   0x00000002   PAD
    0x08004cf0   0x08004cf0   0x00000002   Code   RO          225    .text.NMI_Handler   stm32f1xx_it.o
    0x08004cf2   0x08004cf2   0x00000002   PAD
    0x08004cf4   0x08004cf4   0x00000002   Code   RO          239    .text.PendSV_Handler  stm32f1xx_it.o
    0x08004cf6   0x08004cf6   0x00000002   PAD
    0x08004cf8   0x08004cf8   0x0000007e   Code   RO           89    .text.SHT2x_GetDecimal  sht2x.o
    0x08004d76   0x08004d76   0x00000002   PAD
    0x08004d78   0x08004d78   0x00000008   Code   RO           87    .text.SHT2x_GetInteger  sht2x.o
    0x08004d80   0x08004d80   0x00000082   Code   RO           79    .text.SHT2x_GetRelativeHumidity  sht2x.o
    0x08004e02   0x08004e02   0x00000002   PAD
    0x08004e04   0x08004e04   0x00000090   Code   RO           77    .text.SHT2x_GetTemperature  sht2x.o
    0x08004e94   0x08004e94   0x0000000c   Code   RO           69    .text.SHT2x_Init    sht2x.o
    0x08004ea0   0x08004ea0   0x00000060   Code   RO           81    .text.SHT2x_SetResolution  sht2x.o
    0x08004f00   0x08004f00   0x00000002   Code   RO          235    .text.SVC_Handler   stm32f1xx_it.o
    0x08004f02   0x08004f02   0x00000002   PAD
    0x08004f04   0x08004f04   0x00000004   Code   RO          241    .text.SysTick_Handler  stm32f1xx_it.o
    0x08004f08   0x08004f08   0x00000002   Code   RO         1200    .text.SystemInit    system_stm32f1xx.o
    0x08004f0a   0x08004f0a   0x00000002   PAD
    0x08004f0c   0x08004f0c   0x000000f4   Code   RO          189    .text.Task1         main.o
    0x08005000   0x08005000   0x000000bc   Code   RO          191    .text.Task2         main.o
    0x080050bc   0x080050bc   0x000000e4   Code   RO          193    .text.Task3         main.o
    0x080051a0   0x080051a0   0x0000008c   Code   RO          195    .text.Task4         main.o
    0x0800522c   0x0800522c   0x0000000c   Code   RO         1160    .text.UART_DMAAbortOnError  stm32f1xx_hal_uart.o
    0x08005238   0x08005238   0x000000fe   Code   RO         1158    .text.UART_Receive_IT  stm32f1xx_hal_uart.o
    0x08005336   0x08005336   0x00000002   PAD
    0x08005338   0x08005338   0x0000000c   Code   RO          243    .text.USART1_IRQHandler  stm32f1xx_it.o
    0x08005344   0x08005344   0x00000002   Code   RO          233    .text.UsageFault_Handler  stm32f1xx_it.o
    0x08005346   0x08005346   0x00000002   PAD
    0x08005348   0x08005348   0x0000002a   Code   RO          177    .text.__NVIC_SystemReset  set_time.o
    0x08005372   0x08005372   0x00000002   PAD
    0x08005374   0x08005374   0x000000b4   Code   RO          145    .text.cli_command_excute  cli_command.o
    0x08005428   0x08005428   0x0000005a   Code   RO           21    .text.lcd_goto_XY   i2c-lcd.o
    0x08005482   0x08005482   0x00000002   PAD
    0x08005484   0x08005484   0x000000f6   Code   RO           15    .text.lcd_init      i2c-lcd.o
    0x0800557a   0x0800557a   0x00000002   PAD
    0x0800557c   0x0800557c   0x0000005e   Code   RO           17    .text.lcd_send_string  i2c-lcd.o
    0x080055da   0x080055da   0x00000002   PAD
    0x080055dc   0x080055dc   0x00000440   Code   RO          197    .text.main          main.o
    0x08005a1c   0x08005a1c   0x0000002a   Code   RO          102    .text.recv_data     uart.o
    0x08005a46   0x08005a46   0x00000002   PAD
    0x08005a48   0x08005a48   0x0000000c   Code   RO           58    .text.response_init  response_ci.o
    0x08005a54   0x08005a54   0x00000040   Code   RO           56    .text.response_print  response_ci.o
    0x08005a94   0x08005a94   0x00000150   Code   RO          165    .text.setRGB        set_rgb.o
    0x08005be4   0x08005be4   0x000001dc   Code   RO          175    .text.setTime       set_time.o
    0x08005dc0   0x08005dc0   0x00000040   Code   RO          104    .text.uart_handle   uart.o
    0x08005e00   0x08005e00   0x0000003e   Code   RO         1499    CL$$btod_d2e        c_w.l(btod.o)
    0x08005e3e   0x08005e3e   0x00000046   Code   RO         1501    CL$$btod_d2e_denorm_low  c_w.l(btod.o)
    0x08005e84   0x08005e84   0x00000060   Code   RO         1500    CL$$btod_d2e_norm_op1  c_w.l(btod.o)
    0x08005ee4   0x08005ee4   0x00000338   Code   RO         1509    CL$$btod_div_common  c_w.l(btod.o)
    0x0800621c   0x0800621c   0x000000dc   Code   RO         1506    CL$$btod_e2e        c_w.l(btod.o)
    0x080062f8   0x080062f8   0x0000002a   Code   RO         1503    CL$$btod_ediv       c_w.l(btod.o)
    0x08006322   0x08006322   0x0000002a   Code   RO         1502    CL$$btod_emul       c_w.l(btod.o)
    0x0800634c   0x0800634c   0x00000244   Code   RO         1508    CL$$btod_mult_common  c_w.l(btod.o)
    0x08006590   0x08006590   0x00000028   Code   RO         1451    i.__ARM_fpclassify  m_ws.l(fpclassify.o)
    0x080065b8   0x080065b8   0x000000aa   Code   RO         1453    i.__kernel_poly     m_ws.l(poly.o)
    0x08006662   0x08006662   0x00000006   Code   RO         1438    i.__mathlib_dbl_infnan  m_ws.l(dunder.o)
    0x08006668   0x08006668   0x00000004   Code   RO         1439    i.__mathlib_dbl_infnan2  m_ws.l(dunder.o)
    0x0800666c   0x0800666c   0x00000010   Code   RO         1443    i.__mathlib_dbl_underflow  m_ws.l(dunder.o)
    0x0800667c   0x0800667c   0x0000000e   Code   RO         1236    i._is_digit         c_w.l(__printf_wp.o)
    0x0800668a   0x0800668a   0x00000002   PAD
    0x0800668c   0x0800668c   0x00000220   Code   RO         1317    i.atan              m_ws.l(atan.o)
    0x080068ac   0x080068ac   0x0000019c   Code   RO         1322    i.atan2             m_ws.l(atan2.o)
    0x08006a48   0x08006a48   0x0000004c   Code   RO         1326    i.sqrt              m_ws.l(sqrt.o)
    0x08006a94   0x08006a94   0x0000002c   Code   RO         1526    locale$$code        c_w.l(lc_numeric_c.o)
    0x08006ac0   0x08006ac0   0x0000002c   Code   RO         1545    locale$$code        c_w.l(lc_ctype_c.o)
    0x08006aec   0x08006aec   0x00000062   Code   RO         1264    x$fpl$d2f           fz_ws.l(d2f.o)
    0x08006b4e   0x08006b4e   0x00000002   PAD
    0x08006b50   0x08006b50   0x00000150   Code   RO         1266    x$fpl$dadd          fz_ws.l(daddsub_clz.o)
    0x08006ca0   0x08006ca0   0x00000010   Code   RO         1532    x$fpl$dcheck1       fz_ws.l(dcheck1.o)
    0x08006cb0   0x08006cb0   0x00000018   Code   RO         1534    x$fpl$dcmpinf       fz_ws.l(dcmpi.o)
    0x08006cc8   0x08006cc8   0x000002b4   Code   RO         1275    x$fpl$ddiv          fz_ws.l(ddiv.o)
    0x08006f7c   0x08006f7c   0x00000078   Code   RO         1412    x$fpl$deqf          fz_ws.l(deqf.o)
    0x08006ff4   0x08006ff4   0x0000002e   Code   RO         1279    x$fpl$dflt          fz_ws.l(dflt_clz.o)
    0x08007022   0x08007022   0x00000026   Code   RO         1278    x$fpl$dfltu         fz_ws.l(dflt_clz.o)
    0x08007048   0x08007048   0x00000078   Code   RO         1414    x$fpl$dgeqf         fz_ws.l(dgeqf.o)
    0x080070c0   0x080070c0   0x00000078   Code   RO         1416    x$fpl$dleqf         fz_ws.l(dleqf.o)
    0x08007138   0x08007138   0x00000154   Code   RO         1284    x$fpl$dmul          fz_ws.l(dmul.o)
    0x0800728c   0x0800728c   0x0000009c   Code   RO         1418    x$fpl$dnaninf       fz_ws.l(dnaninf.o)
    0x08007328   0x08007328   0x0000000c   Code   RO         1420    x$fpl$dretinf       fz_ws.l(dretinf.o)
    0x08007334   0x08007334   0x00000016   Code   RO         1267    x$fpl$drsb          fz_ws.l(daddsub_clz.o)
    0x0800734a   0x0800734a   0x00000002   PAD
    0x0800734c   0x0800734c   0x000001cc   Code   RO         1422    x$fpl$dsqrt         fz_ws.l(dsqrt_noumaal.o)
    0x08007518   0x08007518   0x000001dc   Code   RO         1268    x$fpl$dsub          fz_ws.l(daddsub_clz.o)
    0x080076f4   0x080076f4   0x00000056   Code   RO         1286    x$fpl$f2d           fz_ws.l(f2d.o)
    0x0800774a   0x0800774a   0x00000002   PAD
    0x0800774c   0x0800774c   0x000000c4   Code   RO         1288    x$fpl$fadd          fz_ws.l(faddsub_clz.o)
    0x08007810   0x08007810   0x00000054   Code   RO         1272    x$fpl$fcmp          fz_ws.l(dcmp.o)
    0x08007864   0x08007864   0x00000184   Code   RO         1295    x$fpl$fdiv          fz_ws.l(fdiv.o)
    0x080079e8   0x080079e8   0x00000036   Code   RO         1298    x$fpl$ffix          fz_ws.l(ffix.o)
    0x08007a1e   0x08007a1e   0x00000002   PAD
    0x08007a20   0x08007a20   0x0000003e   Code   RO         1302    x$fpl$ffixu         fz_ws.l(ffixu.o)
    0x08007a5e   0x08007a5e   0x00000002   PAD
    0x08007a60   0x08007a60   0x00000030   Code   RO         1307    x$fpl$fflt          fz_ws.l(fflt_clz.o)
    0x08007a90   0x08007a90   0x00000026   Code   RO         1306    x$fpl$ffltu         fz_ws.l(fflt_clz.o)
    0x08007ab6   0x08007ab6   0x00000002   PAD
    0x08007ab8   0x08007ab8   0x00000102   Code   RO         1312    x$fpl$fmul          fz_ws.l(fmul.o)
    0x08007bba   0x08007bba   0x0000008c   Code   RO         1424    x$fpl$fnaninf       fz_ws.l(fnaninf.o)
    0x08007c46   0x08007c46   0x0000000a   Code   RO         1426    x$fpl$fretinf       fz_ws.l(fretinf.o)
    0x08007c50   0x08007c50   0x000000ea   Code   RO         1290    x$fpl$fsub          fz_ws.l(faddsub_clz.o)
    0x08007d3a   0x08007d3a   0x00000004   Code   RO         1314    x$fpl$printf1       fz_ws.l(printf1.o)
    0x08007d3e   0x08007d3e   0x00000004   Code   RO         1428    x$fpl$printf2       fz_ws.l(printf2.o)
    0x08007d42   0x08007d42   0x00000064   Code   RO         1602    x$fpl$retnan        fz_ws.l(retnan.o)
    0x08007da6   0x08007da6   0x0000005c   Code   RO         1434    x$fpl$scalbn        fz_ws.l(scalbn.o)
    0x08007e02   0x08007e02   0x00000030   Code   RO         1612    x$fpl$trapveneer    fz_ws.l(trapv.o)
    0x08007e32   0x08007e32   0x00000000   Code   RO         1436    x$fpl$usenofp       fz_ws.l(usenofp.o)
    0x08007e32   0x08007e32   0x00000011   Data   RO         1244    .constdata          c_w.l(__printf_flags_ss_wp.o)
    0x08007e43   0x08007e43   0x00000005   PAD
    0x08007e48   0x08007e48   0x00000098   Data   RO         1318    .constdata          m_ws.l(atan.o)
    0x08007ee0   0x08007ee0   0x00000008   Data   RO         1356    .constdata          c_w.l(_printf_wctomb.o)
    0x08007ee8   0x08007ee8   0x00000028   Data   RO         1385    .constdata          c_w.l(_printf_hex_int_ll_ptr.o)
    0x08007f10   0x08007f10   0x00000008   Data   RO         1455    .constdata          m_ws.l(qnan.o)
    0x08007f18   0x08007f18   0x00000026   Data   RO         1484    .constdata          c_w.l(_printf_fp_hex.o)
    0x08007f3e   0x08007f3e   0x00000002   PAD
    0x08007f40   0x08007f40   0x00000094   Data   RO         1497    .constdata          c_w.l(bigflt0.o)
    0x08007fd4   0x08007fd4   0x00000010   Data   RO         1205    .rodata.AHBPrescTable  system_stm32f1xx.o
    0x08007fe4   0x08007fe4   0x00000008   Data   RO         1206    .rodata.APBPrescTable  system_stm32f1xx.o
    0x08007fec   0x08007fec   0x00000002   Data   RO          517    .rodata.HAL_RCC_GetSysClockFreq.aPredivFactorTable  stm32f1xx_hal_rcc.o
    0x08007fee   0x08007fee   0x00000002   PAD
    0x08007ff0   0x08007ff0   0x00000018   Data   RO          159    .rodata.command_entry_talbe  cli_command_table.o
    0x08008008   0x08008008   0x00000008   Data   RO          158    .rodata.command_set_RGB  cli_command_table.o
    0x08008010   0x08008010   0x00000008   Data   RO          157    .rodata.command_set_time  cli_command_table.o
    0x08008018   0x08008018   0x00000010   Data   RO          516    .rodata.cst16       stm32f1xx_hal_rcc.o
    0x08008028   0x08008028   0x0000002f   Data   RO          156    .rodata.str1.1      cli_command_table.o
    0x08008057   0x08008057   0x00000001   PAD
    0x08008058   0x08008058   0x00000020   Data   RO         1694    Region$$Table       anon$$obj.o
    0x08008078   0x08008078   0x0000001c   Data   RO         1525    locale$$data        c_w.l(lc_numeric_c.o)
    0x08008094   0x08008094   0x00000110   Data   RO         1544    locale$$data        c_w.l(lc_ctype_c.o)


    Execution Region RW_IRAM1 (Exec base: 0x20000000, Load base: 0x080081a8, Size: 0x00000bb8, Max: 0x00005000, ABSOLUTE)

    Exec Addr    Load Addr    Size         Type   Attr      Idx    E Section Name        Object

    0x20000000   0x080081a8   0x00000004   Data   RW         1252    .data               c_w.l(strtok.o)
    0x20000004   0x080081ac   0x00000048   Data   RW          215    .data..L_MergedGlobals  main.o
    0x2000004c   0x080081f4   0x00000008   Data   RW          479    .data..L_MergedGlobals  stm32f1xx_hal.o
    0x20000054   0x080081fc   0x00000004   PAD
    0x20000058   0x08008200   0x00000048   Data   RW           45    .data.KalmanX       mpu6050.o
    0x200000a0   0x08008248   0x00000048   Data   RW           46    .data.KalmanY       mpu6050.o
    0x200000e8   0x08008290   0x00000004   Data   RW         1204    .data.SystemCoreClock  system_stm32f1xx.o
    0x200000ec   0x08008294   0x00000004   PAD
    0x200000f0        -       0x00000060   Zero   RW         1457    .bss                c_w.l(libspace.o)
    0x20000150        -       0x00000066   Zero   RW          108    .bss..L_MergedGlobals  uart.o
    0x200001b6   0x08008294   0x00000002   PAD
    0x200001b8        -       0x0000005c   Zero   RW          216    .bss..L_MergedGlobals.10  main.o
    0x20000214   0x08008294   0x00000004   PAD
    0x20000218        -       0x00000058   Zero   RW          212    .bss.MPU6050        main.o
    0x20000270        -       0x00000004   Zero   RW           93    .bss._sht2x_ui2c    sht2x.o
    0x20000274        -       0x00000030   Zero   RW          206    .bss.arr_w          main.o
    0x200002a4        -       0x0000000c   Zero   RW          208    .bss.arr_w_rgb      main.o
    0x200002b0        -       0x00000064   Zero   RW          203    .bss.buffer1        main.o
    0x20000314        -       0x00000190   Zero   RW          204    .bss.buffer2        main.o
    0x200004a4        -       0x00000001   Zero   RW          209    .bss.flag_update_rgb  main.o
    0x200004a5        -       0x00000001   Zero   RW          207    .bss.flag_update_time  main.o
    0x200004a6   0x08008294   0x00000002   PAD
    0x200004a8        -       0x00000054   Zero   RW          211    .bss.hi2c1          main.o
    0x200004fc        -       0x00000048   Zero   RW          213    .bss.htim2          main.o
    0x20000544        -       0x00000048   Zero   RW          210    .bss.huart1         main.o
    0x2000058c        -       0x00000004   Zero   RW           60    .bss.huart_print    response_ci.o
    0x20000590        -       0x00000020   Zero   RW          704    .bss.pFlash         stm32f1xx_hal_flash.o
    0x200005b0        -       0x00000004   Zero   RW           47    .bss.timer          mpu6050.o
    0x200005b4        -       0x00000004   Zero   RW          478    .bss.uwTick         stm32f1xx_hal.o
    0x200005b8        -       0x00000200   Zero   RW            2    HEAP                startup_stm32f103xb.o
    0x200007b8        -       0x00000400   Zero   RW            1    STACK               startup_stm32f103xb.o


==============================================================================

Image component sizes


      Code (inc. data)   RO Data    RW Data    ZI Data      Debug   Object Name

       180         40          0          0          0       2057   cli_command.o
         0          0         87          0          0       1024   cli_command_table.o
        72          0          0          0          0      12879   flash.o
       430          0          0          0          0       4370   i2c-lcd.o
      1960        336          0         72        970      14197   main.o
      1796          0          0        144          4       7638   mpu6050.o
        76          0          0          0          4       3603   response_ci.o
       336        104          0          0          0       1411   set_rgb.o
       518        104          0          0          0       2325   set_time.o
       516          0          0          0          4       6926   sht2x.o
        64         26        236          0       1536        812   startup_stm32f103xb.o
       188          0          0          8          4       5765   stm32f1xx_hal.o
       196          0          0          0          0       8456   stm32f1xx_hal_cortex.o
       250          0          0          0          0       8495   stm32f1xx_hal_dma.o
       462          0          0          0         32       5552   stm32f1xx_hal_flash.o
       238          0          0          0          0       7179   stm32f1xx_hal_flash_ex.o
       536         20          0          0          0       4638   stm32f1xx_hal_gpio.o
      4708          0          0          0          0      44372   stm32f1xx_hal_i2c.o
       418          0          0          0          0      10035   stm32f1xx_hal_msp.o
      1550          0         18          0          0       7946   stm32f1xx_hal_rcc.o
       964          4          0          0          0      55766   stm32f1xx_hal_tim.o
       126          0          0          0          0      20560   stm32f1xx_hal_tim_ex.o
      2606          0          0          0          0      32607   stm32f1xx_hal_uart.o
        32          0          0          0          0       3850   stm32f1xx_it.o
         2          0         24          4          0       1603   system_stm32f1xx.o
       106         20          0          0        102       1099   uart.o

    ----------------------------------------------------------------------
     18432        654        400        232       2668     275165   Object Totals
         0          0         32          0          0          0   (incl. Generated)
       102          0          3          4         12          0   (incl. Padding)

    ----------------------------------------------------------------------

      Code (inc. data)   RO Data    RW Data    ZI Data      Debug   Library Member Name

        44          6          0          0          0         84   __2sprintf.o
         8          0          0          0          0         68   __main.o
       392          4         17          0          0         92   __printf_flags_ss_wp.o
        14          0          0          0          0         68   __printf_wp.o
         0          0          0          0          0          0   __rtentry.o
        12          0          0          0          0          0   __rtentry2.o
         6          0          0          0          0          0   __rtentry4.o
        94          8          0          0          0          0   __scatter.o
        26          0          0          0          0          0   __scatter_copy.o
        28          0          0          0          0          0   __scatter_zi.o
        72          0          0          0          0         96   _c16rtomb.o
        28          0          0          0          0         68   _chval.o
         6          0          0          0          0          0   _printf_a.o
         6          0          0          0          0          0   _printf_c.o
        44          0          0          0          0        108   _printf_char.o
        48          6          0          0          0         96   _printf_char_common.o
        40          0          0          0          0         68   _printf_charcount.o
         6          0          0          0          0          0   _printf_d.o
       120         16          0          0          0         92   _printf_dec.o
         6          0          0          0          0          0   _printf_e.o
         6          0          0          0          0          0   _printf_f.o
      1052          0          0          0          0        148   _printf_fp_dec.o
       764          8         38          0          0        100   _printf_fp_hex.o
       128         16          0          0          0         84   _printf_fp_infnan.o
         6          0          0          0          0          0   _printf_g.o
       148          4         40          0          0        160   _printf_hex_int_ll_ptr.o
         6          0          0          0          0          0   _printf_i.o
       178          0          0          0          0         88   _printf_intcommon.o
        10          0          0          0          0          0   _printf_l.o
         6          0          0          0          0          0   _printf_lc.o
        10          0          0          0          0          0   _printf_ll.o
         6          0          0          0          0          0   _printf_lld.o
         6          0          0          0          0          0   _printf_lli.o
         6          0          0          0          0          0   _printf_llo.o
         6          0          0          0          0          0   _printf_llu.o
         6          0          0          0          0          0   _printf_llx.o
       124         16          0          0          0         92   _printf_longlong_dec.o
         6          0          0          0          0          0   _printf_ls.o
         6          0          0          0          0          0   _printf_n.o
         6          0          0          0          0          0   _printf_o.o
       112          8          0          0          0        124   _printf_oct_int_ll.o
         6          0          0          0          0          0   _printf_p.o
        78          0          0          0          0        108   _printf_pad.o
         0          0          0          0          0          0   _printf_percent.o
         4          0          0          0          0          0   _printf_percent_end.o
         6          0          0          0          0          0   _printf_s.o
        82          0          0          0          0         80   _printf_str.o
        36          0          0          0          0         84   _printf_truncate.o
         6          0          0          0          0          0   _printf_u.o
        44          0          0          0          0        108   _printf_wchar.o
       188          6          8          0          0         92   _printf_wctomb.o
         6          0          0          0          0          0   _printf_x.o
        22          0          0          0          0        100   _rserrno.o
        10          0          0          0          0         68   _sputc.o
       158          0          0          0          0         92   _strtoul.o
        26          0          0          0          0         80   atoi.o
       228          4        148          0          0         96   bigflt0.o
      1936        128          0          0          0        668   btod.o
        18          0          0          0          0         80   exit.o
         6          0          0          0          0        152   heapauxi.o
         0          0          0          0          0          0   indicate_semi.o
        44         10        272          0          0         76   lc_ctype_c.o
        44         10         28          0          0         76   lc_numeric_c.o
         2          0          0          0          0          0   libinit.o
        30          0          0          0          0          0   libinit2.o
         2          0          0          0          0          0   libshutdown.o
         2          0          0          0          0          0   libshutdown2.o
         8          4          0          0         96         68   libspace.o
       138          0          0          0          0         80   lludiv10.o
        16          4          0          0          0         76   rt_ctype_table.o
         8          4          0          0          0         68   rt_errno_addr_intlibspace.o
         8          4          0          0          0         68   rt_locale_intlibspace.o
        78          0          0          0          0         80   rt_memclr_w.o
         2          0          0          0          0          0   rtexit.o
        10          0          0          0          0          0   rtexit2.o
       128          0          0          0          0         68   strcmpv7m.o
        32          0          0          0          0         80   strcspn.o
        62          0          0          0          0         76   strlen.o
        28          0          0          0          0         80   strspn.o
        12          6          0          4          0         68   strtok.o
        68          4          0          0          0         84   strtok_int.o
       112          0          0          0          0         88   strtol.o
        12          4          0          0          0         68   sys_exit.o
        74          0          0          0          0         80   sys_stackheap_outer.o
         2          0          0          0          0         68   use_no_semi.o
        36          4          0          0          0         76   vsprintf.o
        98          4          0          0          0         92   d2f.o
       834         16          0          0          0        372   daddsub_clz.o
        16          4          0          0          0         68   dcheck1.o
        84          0          0          0          0        196   dcmp.o
        24          0          0          0          0         68   dcmpi.o
       692        140          0          0          0        216   ddiv.o
       120          4          0          0          0         92   deqf.o
        84          0          0          0          0        136   dflt_clz.o
       120          4          0          0          0         92   dgeqf.o
       120          4          0          0          0         92   dleqf.o
       340         12          0          0          0        104   dmul.o
       156          4          0          0          0         92   dnaninf.o
        12          0          0          0          0         68   dretinf.o
       460         56          0          0          0        120   dsqrt_noumaal.o
        86          4          0          0          0         84   f2d.o
       430          8          0          0          0        168   faddsub_clz.o
       388         76          0          0          0         96   fdiv.o
        54          4          0          0          0         84   ffix.o
        62          4          0          0          0         84   ffixu.o
        86          0          0          0          0        136   fflt_clz.o
       258          4          0          0          0         84   fmul.o
       140          4          0          0          0         84   fnaninf.o
        10          0          0          0          0         68   fretinf.o
         4          0          0          0          0         68   printf1.o
         4          0          0          0          0         68   printf2.o
       100          0          0          0          0         68   retnan.o
        92          0          0          0          0         68   scalbn.o
        48          0          0          0          0         68   trapv.o
         0          0          0          0          0          0   usenofp.o
       544         70        152          0          0        124   atan.o
       412         38          0          0          0        144   atan2.o
        26          6          0          0          0        204   dunder.o
        40          0          0          0          0         68   fpclassify.o
       170          0          0          0          0         96   poly.o
         0          0          8          0          0          0   qnan.o
        76          0          0          0          0         84   sqrt.o

    ----------------------------------------------------------------------
     13638        750        718          4         96       8628   Library Totals
        32          0          7          0          0          0   (incl. Padding)

    ----------------------------------------------------------------------

      Code (inc. data)   RO Data    RW Data    ZI Data      Debug   Library Name

      7416        284        551          4         96       4872   c_w.l
      4922        352          0          0          0       3036   fz_ws.l
      1268        114        160          0          0        720   m_ws.l

    ----------------------------------------------------------------------
     13638        750        718          4         96       8628   Library Totals

    ----------------------------------------------------------------------

==============================================================================


      Code (inc. data)   RO Data    RW Data    ZI Data      Debug   

     32070       1404       1118        236       2764     278613   Grand Totals
     32070       1404       1118        236       2764     278613   ELF Image Totals
     32070       1404       1118        236          0          0   ROM Totals

==============================================================================

    Total RO  Size (Code + RO Data)                33188 (  32.41kB)
    Total RW  Size (RW Data + ZI Data)              3000 (   2.93kB)
    Total ROM Size (Code + RO Data + RW Data)      33424 (  32.64kB)

==============================================================================

